Archive member included to satisfy reference by file (symbol)

/home/nir/st/stm32cubeide_1.12.1_3/plugins/com.st.stm32cube.ide.mcu.externaltools.gnu-tools-for-stm32.11.3.rel1.linux64_1.1.0.202305231506/tools/bin/../lib/gcc/arm-none-eabi/11.3.1/../../../../arm-none-eabi/lib/thumb/v7e-m+fp/hard/libc_nano.a(libc_a-exit.o)
                              /home/nir/st/stm32cubeide_1.12.1_3/plugins/com.st.stm32cube.ide.mcu.externaltools.gnu-tools-for-stm32.11.3.rel1.linux64_1.1.0.202305231506/tools/bin/../lib/gcc/arm-none-eabi/11.3.1/../../../../arm-none-eabi/lib/thumb/v7e-m+fp/hard/crt0.o (exit)
/home/nir/st/stm32cubeide_1.12.1_3/plugins/com.st.stm32cube.ide.mcu.externaltools.gnu-tools-for-stm32.11.3.rel1.linux64_1.1.0.202305231506/tools/bin/../lib/gcc/arm-none-eabi/11.3.1/../../../../arm-none-eabi/lib/thumb/v7e-m+fp/hard/libc_nano.a(libc_a-malloc.o)
                              ./Core/Src/Imu.o (malloc)
/home/nir/st/stm32cubeide_1.12.1_3/plugins/com.st.stm32cube.ide.mcu.externaltools.gnu-tools-for-stm32.11.3.rel1.linux64_1.1.0.202305231506/tools/bin/../lib/gcc/arm-none-eabi/11.3.1/../../../../arm-none-eabi/lib/thumb/v7e-m+fp/hard/libc_nano.a(libc_a-mallocr.o)
                              /home/nir/st/stm32cubeide_1.12.1_3/plugins/com.st.stm32cube.ide.mcu.externaltools.gnu-tools-for-stm32.11.3.rel1.linux64_1.1.0.202305231506/tools/bin/../lib/gcc/arm-none-eabi/11.3.1/../../../../arm-none-eabi/lib/thumb/v7e-m+fp/hard/libc_nano.a(libc_a-malloc.o) (_malloc_r)
/home/nir/st/stm32cubeide_1.12.1_3/plugins/com.st.stm32cube.ide.mcu.externaltools.gnu-tools-for-stm32.11.3.rel1.linux64_1.1.0.202305231506/tools/bin/../lib/gcc/arm-none-eabi/11.3.1/../../../../arm-none-eabi/lib/thumb/v7e-m+fp/hard/libc_nano.a(libc_a-mlock.o)
                              /home/nir/st/stm32cubeide_1.12.1_3/plugins/com.st.stm32cube.ide.mcu.externaltools.gnu-tools-for-stm32.11.3.rel1.linux64_1.1.0.202305231506/tools/bin/../lib/gcc/arm-none-eabi/11.3.1/../../../../arm-none-eabi/lib/thumb/v7e-m+fp/hard/libc_nano.a(libc_a-mallocr.o) (__malloc_lock)
/home/nir/st/stm32cubeide_1.12.1_3/plugins/com.st.stm32cube.ide.mcu.externaltools.gnu-tools-for-stm32.11.3.rel1.linux64_1.1.0.202305231506/tools/bin/../lib/gcc/arm-none-eabi/11.3.1/../../../../arm-none-eabi/lib/thumb/v7e-m+fp/hard/libc_nano.a(libc_a-findfp.o)
                              /home/nir/st/stm32cubeide_1.12.1_3/plugins/com.st.stm32cube.ide.mcu.externaltools.gnu-tools-for-stm32.11.3.rel1.linux64_1.1.0.202305231506/tools/bin/../lib/gcc/arm-none-eabi/11.3.1/../../../../arm-none-eabi/lib/thumb/v7e-m+fp/hard/libc_nano.a(libc_a-exit.o) (__stdio_exit_handler)
/home/nir/st/stm32cubeide_1.12.1_3/plugins/com.st.stm32cube.ide.mcu.externaltools.gnu-tools-for-stm32.11.3.rel1.linux64_1.1.0.202305231506/tools/bin/../lib/gcc/arm-none-eabi/11.3.1/../../../../arm-none-eabi/lib/thumb/v7e-m+fp/hard/libc_nano.a(libc_a-fwalk.o)
                              /home/nir/st/stm32cubeide_1.12.1_3/plugins/com.st.stm32cube.ide.mcu.externaltools.gnu-tools-for-stm32.11.3.rel1.linux64_1.1.0.202305231506/tools/bin/../lib/gcc/arm-none-eabi/11.3.1/../../../../arm-none-eabi/lib/thumb/v7e-m+fp/hard/libc_nano.a(libc_a-findfp.o) (_fwalk_sglue)
/home/nir/st/stm32cubeide_1.12.1_3/plugins/com.st.stm32cube.ide.mcu.externaltools.gnu-tools-for-stm32.11.3.rel1.linux64_1.1.0.202305231506/tools/bin/../lib/gcc/arm-none-eabi/11.3.1/../../../../arm-none-eabi/lib/thumb/v7e-m+fp/hard/libc_nano.a(libc_a-stdio.o)
                              /home/nir/st/stm32cubeide_1.12.1_3/plugins/com.st.stm32cube.ide.mcu.externaltools.gnu-tools-for-stm32.11.3.rel1.linux64_1.1.0.202305231506/tools/bin/../lib/gcc/arm-none-eabi/11.3.1/../../../../arm-none-eabi/lib/thumb/v7e-m+fp/hard/libc_nano.a(libc_a-findfp.o) (__sread)
/home/nir/st/stm32cubeide_1.12.1_3/plugins/com.st.stm32cube.ide.mcu.externaltools.gnu-tools-for-stm32.11.3.rel1.linux64_1.1.0.202305231506/tools/bin/../lib/gcc/arm-none-eabi/11.3.1/../../../../arm-none-eabi/lib/thumb/v7e-m+fp/hard/libc_nano.a(libc_a-memset.o)
                              /home/nir/st/stm32cubeide_1.12.1_3/plugins/com.st.stm32cube.ide.mcu.externaltools.gnu-tools-for-stm32.11.3.rel1.linux64_1.1.0.202305231506/tools/bin/../lib/gcc/arm-none-eabi/11.3.1/../../../../arm-none-eabi/lib/thumb/v7e-m+fp/hard/crt0.o (memset)
/home/nir/st/stm32cubeide_1.12.1_3/plugins/com.st.stm32cube.ide.mcu.externaltools.gnu-tools-for-stm32.11.3.rel1.linux64_1.1.0.202305231506/tools/bin/../lib/gcc/arm-none-eabi/11.3.1/../../../../arm-none-eabi/lib/thumb/v7e-m+fp/hard/libc_nano.a(libc_a-closer.o)
                              /home/nir/st/stm32cubeide_1.12.1_3/plugins/com.st.stm32cube.ide.mcu.externaltools.gnu-tools-for-stm32.11.3.rel1.linux64_1.1.0.202305231506/tools/bin/../lib/gcc/arm-none-eabi/11.3.1/../../../../arm-none-eabi/lib/thumb/v7e-m+fp/hard/libc_nano.a(libc_a-stdio.o) (_close_r)
[...]
Memory Configuration

Name             Origin             Length             Attributes
RAM              0x0000000020000000 0x0000000000020000 xrw
FLASH            0x0000000008000000 0x0000000000020000 xr
*default*        0x0000000000000000 0xffffffffffffffff

Linker script and memory map

LOAD /home/nir/st/stm32cubeide_1.12.1_3/plugins/com.st.stm32cube.ide.mcu.externaltools.gnu-tools-for-stm32.11.3.rel1.linux64_1.1.0.202305231506/tools/bin/../lib/gcc/arm-none-eabi/11.3.1/thumb/v7e-m+fp/hard/crti.o
LOAD /home/nir/st/stm32cubeide_1.12.1_3/plugins/com.st.stm32cube.ide.mcu.externaltools.gnu-tools-for-stm32.11.3.rel1.linux64_1.1.0.202305231506/tools/bin/../lib/gcc/arm-none-eabi/11.3.1/thumb/v7e-m+fp/hard/crtbegin.o
LOAD /home/nir/st/stm32cubeide_1.12.1_3/plugins/com.st.stm32cube.ide.mcu.externaltools.gnu-tools-for-stm32.11.3.rel1.linux64_1.1.0.202305231506/tools/bin/../lib/gcc/arm-none-eabi/11.3.1/../../../../arm-none-eabi/lib/thumb/v7e-m+fp/hard/crt0.o
LOAD ./Core/Src/Imu.o
LOAD ./Core/Src/SoulSense.o
LOAD ./Core/Src/adc.o
LOAD ./Core/Src/bno055.o
LOAD ./Core/Src/commcontroller.o
LOAD ./Core/Src/contact_sensors.o
LOAD ./Core/Src/dma.o
LOAD ./Core/Src/fdcan.o
LOAD ./Core/Src/gpio.o
LOAD ./Core/Src/i2c.o
LOAD ./Core/Src/main.o
LOAD ./Core/Src/stm32g4xx_hal_msp.o
LOAD ./Core/Src/stm32g4xx_it.o
LOAD ./Core/Src/syscalls.o
LOAD ./Core/Src/sysmem.o
LOAD ./Core/Src/system_stm32g4xx.o
LOAD ./Core/Src/tim.o
LOAD ./Core/Src/usart.o
LOAD ./Core/Src/version.o
LOAD ./Core/Startup/startup_stm32g474rbtx.o
LOAD ./Drivers/STM32G4xx_HAL_Driver/Src/stm32g4xx_hal.o
LOAD ./Drivers/STM32G4xx_HAL_Driver/Src/stm32g4xx_hal_adc.o
LOAD ./Drivers/STM32G4xx_HAL_Driver/Src/stm32g4xx_hal_adc_ex.o
LOAD ./Drivers/STM32G4xx_HAL_Driver/Src/stm32g4xx_hal_cortex.o
LOAD ./Drivers/STM32G4xx_HAL_Driver/Src/stm32g4xx_hal_dma.o
LOAD ./Drivers/STM32G4xx_HAL_Driver/Src/stm32g4xx_hal_dma_ex.o
LOAD ./Drivers/STM32G4xx_HAL_Driver/Src/stm32g4xx_hal_exti.o
LOAD ./Drivers/STM32G4xx_HAL_Driver/Src/stm32g4xx_hal_fdcan.o
LOAD ./Drivers/STM32G4xx_HAL_Driver/Src/stm32g4xx_hal_flash.o
LOAD ./Drivers/STM32G4xx_HAL_Driver/Src/stm32g4xx_hal_flash_ex.o
LOAD ./Drivers/STM32G4xx_HAL_Driver/Src/stm32g4xx_hal_flash_ramfunc.o
LOAD ./Drivers/STM32G4xx_HAL_Driver/Src/stm32g4xx_hal_gpio.o
LOAD ./Drivers/STM32G4xx_HAL_Driver/Src/stm32g4xx_hal_i2c.o
LOAD ./Drivers/STM32G4xx_HAL_Driver/Src/stm32g4xx_hal_i2c_ex.o
LOAD ./Drivers/STM32G4xx_HAL_Driver/Src/stm32g4xx_hal_pwr.o
LOAD ./Drivers/STM32G4xx_HAL_Driver/Src/stm32g4xx_hal_pwr_ex.o
LOAD ./Drivers/STM32G4xx_HAL_Driver/Src/stm32g4xx_hal_rcc.o
LOAD ./Drivers/STM32G4xx_HAL_Driver/Src/stm32g4xx_hal_rcc_ex.o
LOAD ./Drivers/STM32G4xx_HAL_Driver/Src/stm32g4xx_hal_tim.o
LOAD ./Drivers/STM32G4xx_HAL_Driver/Src/stm32g4xx_hal_tim_ex.o
LOAD ./Drivers/STM32G4xx_HAL_Driver/Src/stm32g4xx_hal_uart.o
LOAD ./Drivers/STM32G4xx_HAL_Driver/Src/stm32g4xx_hal_uart_ex.o
LOAD ./Drivers/STM32G4xx_HAL_Driver/Src/stm32g4xx_ll_adc.o
START GROUP
LOAD /home/nir/st/stm32cubeide_1.12.1_3/plugins/com.st.stm32cube.ide.mcu.externaltools.gnu-tools-for-stm32.11.3.rel1.linux64_1.1.0.202305231506/tools/bin/../lib/gcc/arm-none-eabi/11.3.1/../../../../arm-none-eabi/lib/thumb/v7e-m+fp/hard/libc_nano.a
LOAD /home/nir/st/stm32cubeide_1.12.1_3/plugins/com.st.stm32cube.ide.mcu.externaltools.gnu-tools-for-stm32.11.3.rel1.linux64_1.1.0.202305231506/tools/bin/../lib/gcc/arm-none-eabi/11.3.1/../../../../arm-none-eabi/lib/thumb/v7e-m+fp/hard/libm.a
END GROUP
START GROUP
LOAD /home/nir/st/stm32cubeide_1.12.1_3/plugins/com.st.stm32cube.ide.mcu.externaltools.gnu-tools-for-stm32.11.3.rel1.linux64_1.1.0.202305231506/tools/bin/../lib/gcc/arm-none-eabi/11.3.1/thumb/v7e-m+fp/hard/libgcc.a
LOAD /home/nir/st/stm32cubeide_1.12.1_3/plugins/com.st.stm32cube.ide.mcu.externaltools.gnu-tools-for-stm32.11.3.rel1.linux64_1.1.0.202305231506/tools/bin/../lib/gcc/arm-none-eabi/11.3.1/../../../../arm-none-eabi/lib/thumb/v7e-m+fp/hard/libc_nano.a
END GROUP
START GROUP
LOAD /home/nir/st/stm32cubeide_1.12.1_3/plugins/com.st.stm32cube.ide.mcu.externaltools.gnu-tools-for-stm32.11.3.rel1.linux64_1.1.0.202305231506/tools/bin/../lib/gcc/arm-none-eabi/11.3.1/thumb/v7e-m+fp/hard/libgcc.a
LOAD /home/nir/st/stm32cubeide_1.12.1_3/plugins/com.st.stm32cube.ide.mcu.externaltools.gnu-tools-for-stm32.11.3.rel1.linux64_1.1.0.202305231506/tools/bin/../lib/gcc/arm-none-eabi/11.3.1/../../../../arm-none-eabi/lib/thumb/v7e-m+fp/hard/libc_nano.a
LOAD /home/nir/st/stm32cubeide_1.12.1_3/plugins/com.st.stm32cube.ide.mcu.externaltools.gnu-tools-for-stm32.11.3.rel1.linux64_1.1.0.202305231506/tools/bin/../lib/gcc/arm-none-eabi/11.3.1/../../../../arm-none-eabi/lib/thumb/v7e-m+fp/hard/libnosys.a
END GROUP
START GROUP
LOAD /home/nir/st/stm32cubeide_1.12.1_3/plugins/com.st.stm32cube.ide.mcu.externaltools.gnu-tools-for-stm32.11.3.rel1.linux64_1.1.0.202305231506/tools/bin/../lib/gcc/arm-none-eabi/11.3.1/thumb/v7e-m+fp/hard/libgcc.a
LOAD /home/nir/st/stm32cubeide_1.12.1_3/plugins/com.st.stm32cube.ide.mcu.externaltools.gnu-tools-for-stm32.11.3.rel1.linux64_1.1.0.202305231506/tools/bin/../lib/gcc/arm-none-eabi/11.3.1/../../../../arm-none-eabi/lib/thumb/v7e-m+fp/hard/libc_nano.a
LOAD /home/nir/st/stm32cubeide_1.12.1_3/plugins/com.st.stm32cube.ide.mcu.externaltools.gnu-tools-for-stm32.11.3.rel1.linux64_1.1.0.202305231506/tools/bin/../lib/gcc/arm-none-eabi/11.3.1/../../../../arm-none-eabi/lib/thumb/v7e-m+fp/hard/libnosys.a
END GROUP
LOAD /home/nir/st/stm32cubeide_1.12.1_3/plugins/com.st.stm32cube.ide.mcu.externaltools.gnu-tools-for-stm32.11.3.rel1.linux64_1.1.0.202305231506/tools/bin/../lib/gcc/arm-none-eabi/11.3.1/thumb/v7e-m+fp/hard/crtend.o
LOAD /home/nir/st/stm32cubeide_1.12.1_3/plugins/com.st.stm32cube.ide.mcu.externaltools.gnu-tools-for-stm32.11.3.rel1.linux64_1.1.0.202305231506/tools/bin/../lib/gcc/arm-none-eabi/11.3.1/thumb/v7e-m+fp/hard/crtn.o
                0x0000000020020000                _estack = (ORIGIN (RAM) + LENGTH (RAM))
                0x0000000000000200                _Min_Heap_Size = 0x200
                0x0000000000000400                _Min_Stack_Size = 0x400

.isr_vector     0x0000000008000000      0x1d8
                0x0000000008000000                . = ALIGN (0x4)
 *(.isr_vector)
 .isr_vector    0x0000000008000000      0x1d8 ./Core/Startup/startup_stm32g474rbtx.o
                0x0000000008000000                g_pfnVectors
                0x00000000080001d8                . = ALIGN (0x4)

.text           0x00000000080001d8     0x94b0
                0x00000000080001d8                . = ALIGN (0x4)
 *(.text)
 .text          0x00000000080001d8       0x40 /home/nir/st/stm32cubeide_1.12.1_3/plugins/com.st.stm32cube.ide.mcu.externaltools.gnu-tools-for-stm32.11.3.rel1.linux64_1.1.0.202305231506/tools/bin/../lib/gcc/arm-none-eabi/11.3.1/thumb/v7e-m+fp/hard/crtbegin.o
 .text          0x0000000008000218       0x30 /home/nir/st/stm32cubeide_1.12.1_3/plugins/com.st.stm32cube.ide.mcu.externaltools.gnu-tools-for-stm32.11.3.rel1.linux64_1.1.0.202305231506/tools/bin/../lib/gcc/arm-none-eabi/11.3.1/thumb/v7e-m+fp/hard/libgcc.a(_aeabi_uldivmod.o)
                0x0000000008000218                __aeabi_uldivmod
 .text          0x0000000008000248      0x2c8 /home/nir/st/stm32cubeide_1.12.1_3/plugins/com.st.stm32cube.ide.mcu.externaltools.gnu-tools-for-stm32.11.3.rel1.linux64_1.1.0.202305231506/tools/bin/../lib/gcc/arm-none-eabi/11.3.1/thumb/v7e-m+fp/hard/libgcc.a(_udivmoddi4.o)
                0x0000000008000248                __udivmoddi4
 .text          0x0000000008000510        0x4 /home/nir/st/stm32cubeide_1.12.1_3/plugins/com.st.stm32cube.ide.mcu.externaltools.gnu-tools-for-stm32.11.3.rel1.linux64_1.1.0.202305231506/tools/bin/../lib/gcc/arm-none-eabi/11.3.1/thumb/v7e-m+fp/hard/libgcc.a(_dvmd_tls.o)
                0x0000000008000510                __aeabi_ldiv0
                0x0000000008000510                __aeabi_idiv0
 *(.text*)
 .text.imu_init
                0x0000000008000514       0x68 ./Core/Src/Imu.o
                0x0000000008000514                imu_init
 .text.imu_read_data
                0x000000000800057c       0x70 ./Core/Src/Imu.o
                0x000000000800057c                imu_read_data
 .text.imu_update_payload
                0x00000000080005ec       0xa0 ./Core/Src/Imu.o
                0x00000000080005ec                imu_update_payload
 .text.soul_init
                0x000000000800068c       0x42 ./Core/Src/SoulSense.o
                0x000000000800068c                soul_init
 .text.soul_update_payload
                0x00000000080006ce       0xb2 ./Core/Src/SoulSense.o
                0x00000000080006ce                soul_update_payload
 .text.MX_ADC2_Init
                0x0000000008000780      0x1b4 ./Core/Src/adc.o
                0x0000000008000780                MX_ADC2_Init
 .text.HAL_ADC_MspInit
                0x0000000008000934      0x13c ./Core/Src/adc.o
                0x0000000008000934                HAL_ADC_MspInit
 .text.bno055_init
                0x0000000008000a70      0x298 ./Core/Src/bno055.o
                0x0000000008000a70                bno055_init
 .text.bno055_temperature
                0x0000000008000d08       0x7c ./Core/Src/bno055.o
                0x0000000008000d08                bno055_temperature
 .text.bno055_acc_x
                0x0000000008000d84       0x94 ./Core/Src/bno055.o
                0x0000000008000d84                bno055_acc_x
 .text.bno055_acc_y
                0x0000000008000e18       0x94 ./Core/Src/bno055.o
                0x0000000008000e18                bno055_acc_y
 .text.bno055_acc_z
                0x0000000008000eac       0x94 ./Core/Src/bno055.o
                0x0000000008000eac                bno055_acc_z
 .text.bno055_acc
                0x0000000008000f40       0xe0 ./Core/Src/bno055.o
                0x0000000008000f40                bno055_acc
 .text.bno055_linear_acc_x
                0x0000000008001020       0x94 ./Core/Src/bno055.o
                0x0000000008001020                bno055_linear_acc_x
 .text.bno055_linear_acc_y
                0x00000000080010b4       0x94 ./Core/Src/bno055.o
                0x00000000080010b4                bno055_linear_acc_y
 .text.bno055_linear_acc_z
                0x0000000008001148       0x94 ./Core/Src/bno055.o
                0x0000000008001148                bno055_linear_acc_z
 .text.bno055_linear_acc
                0x00000000080011dc       0xe0 ./Core/Src/bno055.o
                0x00000000080011dc                bno055_linear_acc
 .text.bno055_gyro_x
                0x00000000080012bc       0x94 ./Core/Src/bno055.o
                0x00000000080012bc                bno055_gyro_x
 .text.bno055_gyro_y
                0x0000000008001350       0x94 ./Core/Src/bno055.o
                0x0000000008001350                bno055_gyro_y
 .text.bno055_gyro_z
                0x00000000080013e4       0x94 ./Core/Src/bno055.o
                0x00000000080013e4                bno055_gyro_z
 .text.bno055_gyro
                0x0000000008001478       0xe0 ./Core/Src/bno055.o
                0x0000000008001478                bno055_gyro
 .text.bno055_mag_x
                0x0000000008001558       0x82 ./Core/Src/bno055.o
                0x0000000008001558                bno055_mag_x
 .text.bno055_mag_y
                0x00000000080015da       0x82 ./Core/Src/bno055.o
                0x00000000080015da                bno055_mag_y
 .text.bno055_mag_z
                0x000000000800165c       0x82 ./Core/Src/bno055.o
                0x000000000800165c                bno055_mag_z
 .text.bno055_mag
                0x00000000080016de       0xca ./Core/Src/bno055.o
                0x00000000080016de                bno055_mag
 .text.bno055_gravity_x
                0x00000000080017a8       0x98 ./Core/Src/bno055.o
                0x00000000080017a8                bno055_gravity_x
 .text.bno055_gravity_y
                0x0000000008001840       0x98 ./Core/Src/bno055.o
                0x0000000008001840                bno055_gravity_y
 .text.bno055_gravity_z
                0x00000000080018d8       0x98 ./Core/Src/bno055.o
                0x00000000080018d8                bno055_gravity_z
 .text.bno055_gravity
                0x0000000008001970       0xe0 ./Core/Src/bno055.o
                0x0000000008001970                bno055_gravity
 .text.bno055_euler_yaw
                0x0000000008001a50       0x98 ./Core/Src/bno055.o
                0x0000000008001a50                bno055_euler_yaw
 .text.bno055_euler_roll
                0x0000000008001ae8       0x98 ./Core/Src/bno055.o
                0x0000000008001ae8                bno055_euler_roll
 .text.bno055_euler_pitch
                0x0000000008001b80       0x98 ./Core/Src/bno055.o
                0x0000000008001b80                bno055_euler_pitch
 .text.bno055_euler
                0x0000000008001c18       0xe0 ./Core/Src/bno055.o
                0x0000000008001c18                bno055_euler
 .text.bno055_quaternion_w
                0x0000000008001cf8       0x88 ./Core/Src/bno055.o
                0x0000000008001cf8                bno055_quaternion_w
 .text.bno055_quaternion_x
                0x0000000008001d80       0x88 ./Core/Src/bno055.o
                0x0000000008001d80                bno055_quaternion_x
 .text.bno055_quaternion_y
                0x0000000008001e08       0x88 ./Core/Src/bno055.o
                0x0000000008001e08                bno055_quaternion_y
 .text.bno055_quaternion_z
                0x0000000008001e90       0x88 ./Core/Src/bno055.o
                0x0000000008001e90                bno055_quaternion_z
 .text.bno055_quaternion
                0x0000000008001f18       0xf4 ./Core/Src/bno055.o
                0x0000000008001f18                bno055_quaternion
 .text.bno055_acc_conf
                0x000000000800200c       0xd0 ./Core/Src/bno055.o
                0x000000000800200c                bno055_acc_conf
 .text.bno055_gyr_conf
                0x00000000080020dc       0xce ./Core/Src/bno055.o
                0x00000000080020dc                bno055_gyr_conf
 .text.bno055_mag_conf
                0x00000000080021aa       0xd0 ./Core/Src/bno055.o
                0x00000000080021aa                bno055_mag_conf
 .text.bno055_set_opmode
                0x000000000800227a       0x64 ./Core/Src/bno055.o
                0x000000000800227a                bno055_set_opmode
 .text.bno055_set_unit
                0x00000000080022de       0xd0 ./Core/Src/bno055.o
                0x00000000080022de                bno055_set_unit
 .text.bno055_set_pwr_mode
                0x00000000080023ae       0xba ./Core/Src/bno055.o
                0x00000000080023ae                bno055_set_pwr_mode
 .text.bno055_reset
                0x0000000008002468       0x46 ./Core/Src/bno055.o
                0x0000000008002468                bno055_reset
 .text.bno055_on
                0x00000000080024ae       0x46 ./Core/Src/bno055.o
                0x00000000080024ae                bno055_on
 .text.bno055_read_regs
                0x00000000080024f4       0x6c ./Core/Src/bno055.o
                0x00000000080024f4                bno055_read_regs
 .text.bno055_write_regs
                0x0000000008002560       0x5a ./Core/Src/bno055.o
                0x0000000008002560                bno055_write_regs
 .text.bno055_set_page
                0x00000000080025ba       0x6c ./Core/Src/bno055.o
                0x00000000080025ba                bno055_set_page
 .text.comm_controller_init
                0x0000000008002626       0xfa ./Core/Src/commcontroller.o
                0x0000000008002626                comm_controller_init
 .text.send_message
                0x0000000008002720       0x2e ./Core/Src/commcontroller.o
                0x0000000008002720                send_message
 .text.process_received_message
                0x000000000800274e       0x2c ./Core/Src/commcontroller.o
                0x000000000800274e                process_received_message
 .text.ADC_init
                0x000000000800277a       0x32 ./Core/Src/contact_sensors.o
                0x000000000800277a                ADC_init
 .text.ADC_update_payload
                0x00000000080027ac       0x84 ./Core/Src/contact_sensors.o
                0x00000000080027ac                ADC_update_payload
 .text.MX_DMA_Init
                0x0000000008002830       0x54 ./Core/Src/dma.o
                0x0000000008002830                MX_DMA_Init
 .text.MX_FDCAN1_Init
                0x0000000008002884       0x90 ./Core/Src/fdcan.o
                0x0000000008002884                MX_FDCAN1_Init
 .text.HAL_FDCAN_MspInit
                0x0000000008002914       0xc4 ./Core/Src/fdcan.o
                0x0000000008002914                HAL_FDCAN_MspInit
 .text.MX_GPIO_Init
                0x00000000080029d8       0xb4 ./Core/Src/gpio.o
                0x00000000080029d8                MX_GPIO_Init
 .text.MX_I2C1_Init
                0x0000000008002a8c       0x80 ./Core/Src/i2c.o
                0x0000000008002a8c                MX_I2C1_Init
 .text.HAL_I2C_MspInit
                0x0000000008002b0c       0xec ./Core/Src/i2c.o
                0x0000000008002b0c                HAL_I2C_MspInit
 .text.main     0x0000000008002bf8       0xe4 ./Core/Src/main.o
                0x0000000008002bf8                main
 .text.SystemClock_Config
                0x0000000008002cdc       0x98 ./Core/Src/main.o
                0x0000000008002cdc                SystemClock_Config
 .text.HAL_FDCAN_RxFifo0Callback
                0x0000000008002d74       0x5c ./Core/Src/main.o
                0x0000000008002d74                HAL_FDCAN_RxFifo0Callback
 .text.HAL_TIM_PeriodElapsedCallback
                0x0000000008002dd0       0x2c ./Core/Src/main.o
                0x0000000008002dd0                HAL_TIM_PeriodElapsedCallback
 .text.Error_Handler
                0x0000000008002dfc        0xa ./Core/Src/main.o
                0x0000000008002dfc                Error_Handler
 *fill*         0x0000000008002e06        0x2 
 .text.HAL_MspInit
                0x0000000008002e08       0x48 ./Core/Src/stm32g4xx_hal_msp.o
                0x0000000008002e08                HAL_MspInit
 .text.NMI_Handler
                0x0000000008002e50        0x6 ./Core/Src/stm32g4xx_it.o
                0x0000000008002e50                NMI_Handler
 .text.HardFault_Handler
                0x0000000008002e56        0x6 ./Core/Src/stm32g4xx_it.o
                0x0000000008002e56                HardFault_Handler
 .text.MemManage_Handler
                0x0000000008002e5c        0x6 ./Core/Src/stm32g4xx_it.o
                0x0000000008002e5c                MemManage_Handler
 .text.BusFault_Handler
                0x0000000008002e62        0x6 ./Core/Src/stm32g4xx_it.o
                0x0000000008002e62                BusFault_Handler
 .text.UsageFault_Handler
                0x0000000008002e68        0x6 ./Core/Src/stm32g4xx_it.o
                0x0000000008002e68                UsageFault_Handler
 .text.SVC_Handler
                0x0000000008002e6e        0xe ./Core/Src/stm32g4xx_it.o
                0x0000000008002e6e                SVC_Handler
 .text.DebugMon_Handler
                0x0000000008002e7c        0xe ./Core/Src/stm32g4xx_it.o
                0x0000000008002e7c                DebugMon_Handler
 .text.PendSV_Handler
                0x0000000008002e8a        0xe ./Core/Src/stm32g4xx_it.o
                0x0000000008002e8a                PendSV_Handler
 .text.SysTick_Handler
                0x0000000008002e98        0xc ./Core/Src/stm32g4xx_it.o
                0x0000000008002e98                SysTick_Handler
 .text.DMA1_Channel1_IRQHandler
                0x0000000008002ea4       0x14 ./Core/Src/stm32g4xx_it.o
                0x0000000008002ea4                DMA1_Channel1_IRQHandler
 .text.FDCAN1_IT0_IRQHandler
                0x0000000008002eb8       0x14 ./Core/Src/stm32g4xx_it.o
                0x0000000008002eb8                FDCAN1_IT0_IRQHandler
 .text.TIM3_IRQHandler
                0x0000000008002ecc       0x14 ./Core/Src/stm32g4xx_it.o
                0x0000000008002ecc                TIM3_IRQHandler
 .text._sbrk    0x0000000008002ee0       0x6c ./Core/Src/sysmem.o
                0x0000000008002ee0                _sbrk
 .text.SystemInit
                0x0000000008002f4c       0x24 ./Core/Src/system_stm32g4xx.o
                0x0000000008002f4c                SystemInit
 .text.MX_TIM3_Init
                0x0000000008002f70       0xa0 ./Core/Src/tim.o
                0x0000000008002f70                MX_TIM3_Init
 .text.HAL_TIM_Base_MspInit
                0x0000000008003010       0x4c ./Core/Src/tim.o
                0x0000000008003010                HAL_TIM_Base_MspInit
 .text.MX_USART3_UART_Init
                0x000000000800305c       0x98 ./Core/Src/usart.o
                0x000000000800305c                MX_USART3_UART_Init
 .text.HAL_UART_MspInit
                0x00000000080030f4       0xb4 ./Core/Src/usart.o
                0x00000000080030f4                HAL_UART_MspInit
 .text.version_init
                0x00000000080031a8       0x26 ./Core/Src/version.o
                0x00000000080031a8                version_init
 *fill*         0x00000000080031ce        0x2 
 .text.Reset_Handler
                0x00000000080031d0       0x50 ./Core/Startup/startup_stm32g474rbtx.o
                0x00000000080031d0                Reset_Handler
 .text.Default_Handler
                0x0000000008003220        0x2 ./Core/Startup/startup_stm32g474rbtx.o
                0x0000000008003220                RTC_Alarm_IRQHandler
                0x0000000008003220                EXTI2_IRQHandler
                0x0000000008003220                TIM8_TRG_COM_IRQHandler
                0x0000000008003220                TIM8_CC_IRQHandler
                0x0000000008003220                HRTIM1_Master_IRQHandler
                0x0000000008003220                SPI4_IRQHandler
                0x0000000008003220                FDCAN3_IT0_IRQHandler
                0x0000000008003220                TIM1_CC_IRQHandler
                0x0000000008003220                HRTIM1_FLT_IRQHandler
                0x0000000008003220                HRTIM1_TIMF_IRQHandler
                0x0000000008003220                USB_HP_IRQHandler
                0x0000000008003220                CORDIC_IRQHandler
                0x0000000008003220                HRTIM1_TIMD_IRQHandler
                0x0000000008003220                DMA2_Channel8_IRQHandler
                0x0000000008003220                EXTI3_IRQHandler
                0x0000000008003220                I2C3_ER_IRQHandler
                0x0000000008003220                EXTI0_IRQHandler
                0x0000000008003220                I2C2_EV_IRQHandler
                0x0000000008003220                FPU_IRQHandler
                0x0000000008003220                FDCAN1_IT1_IRQHandler
                0x0000000008003220                TIM1_UP_TIM16_IRQHandler
                0x0000000008003220                ADC1_2_IRQHandler
                0x0000000008003220                HRTIM1_TIME_IRQHandler
                0x0000000008003220                SPI1_IRQHandler
                0x0000000008003220                TIM6_DAC_IRQHandler
                0x0000000008003220                HRTIM1_TIMC_IRQHandler
                0x0000000008003220                TIM8_UP_IRQHandler
                0x0000000008003220                DMA2_Channel2_IRQHandler
                0x0000000008003220                DMA1_Channel4_IRQHandler
                0x0000000008003220                TIM20_TRG_COM_IRQHandler
                0x0000000008003220                USART3_IRQHandler
                0x0000000008003220                DMA1_Channel7_IRQHandler
                0x0000000008003220                UART5_IRQHandler
                0x0000000008003220                ADC3_IRQHandler
                0x0000000008003220                TIM4_IRQHandler
                0x0000000008003220                DMA2_Channel1_IRQHandler
                0x0000000008003220                QUADSPI_IRQHandler
                0x0000000008003220                I2C1_EV_IRQHandler
                0x0000000008003220                DMA1_Channel6_IRQHandler
                0x0000000008003220                UART4_IRQHandler
                0x0000000008003220                DMA2_Channel4_IRQHandler
                0x0000000008003220                RCC_IRQHandler
                0x0000000008003220                TIM20_UP_IRQHandler
                0x0000000008003220                Default_Handler
                0x0000000008003220                DMA2_Channel7_IRQHandler
                0x0000000008003220                RTC_TAMP_LSECSS_IRQHandler
                0x0000000008003220                FMAC_IRQHandler
                0x0000000008003220                EXTI15_10_IRQHandler
                0x0000000008003220                DMA1_Channel8_IRQHandler
                0x0000000008003220                HRTIM1_TIMA_IRQHandler
                0x0000000008003220                TIM7_DAC_IRQHandler
                0x0000000008003220                FDCAN3_IT1_IRQHandler
                0x0000000008003220                TIM5_IRQHandler
                0x0000000008003220                UCPD1_IRQHandler
                0x0000000008003220                I2C3_EV_IRQHandler
                0x0000000008003220                EXTI9_5_IRQHandler
                0x0000000008003220                RTC_WKUP_IRQHandler
                0x0000000008003220                PVD_PVM_IRQHandler
                0x0000000008003220                SPI2_IRQHandler
                0x0000000008003220                ADC5_IRQHandler
                0x0000000008003220                DMA2_Channel5_IRQHandler
                0x0000000008003220                CRS_IRQHandler
                0x0000000008003220                DMA1_Channel5_IRQHandler
                0x0000000008003220                USB_LP_IRQHandler
                0x0000000008003220                EXTI4_IRQHandler
                0x0000000008003220                RNG_IRQHandler
                0x0000000008003220                HRTIM1_TIMB_IRQHandler
                0x0000000008003220                TIM1_TRG_COM_TIM17_IRQHandler
                0x0000000008003220                FDCAN2_IT1_IRQHandler
                0x0000000008003220                DMA1_Channel3_IRQHandler
                0x0000000008003220                ADC4_IRQHandler
                0x0000000008003220                WWDG_IRQHandler
                0x0000000008003220                I2C4_EV_IRQHandler
                0x0000000008003220                FDCAN2_IT0_IRQHandler
                0x0000000008003220                LPUART1_IRQHandler
                0x0000000008003220                DMA2_Channel6_IRQHandler
                0x0000000008003220                TIM2_IRQHandler
                0x0000000008003220                COMP7_IRQHandler
                0x0000000008003220                COMP1_2_3_IRQHandler
                0x0000000008003220                EXTI1_IRQHandler
                0x0000000008003220                USART2_IRQHandler
                0x0000000008003220                COMP4_5_6_IRQHandler
                0x0000000008003220                TIM20_BRK_IRQHandler
                0x0000000008003220                I2C2_ER_IRQHandler
                0x0000000008003220                DMA1_Channel2_IRQHandler
                0x0000000008003220                TIM8_BRK_IRQHandler
                0x0000000008003220                FLASH_IRQHandler
                0x0000000008003220                TIM20_CC_IRQHandler
                0x0000000008003220                USART1_IRQHandler
                0x0000000008003220                SPI3_IRQHandler
                0x0000000008003220                I2C1_ER_IRQHandler
                0x0000000008003220                FMC_IRQHandler
                0x0000000008003220                LPTIM1_IRQHandler
                0x0000000008003220                DMAMUX_OVR_IRQHandler
                0x0000000008003220                I2C4_ER_IRQHandler
                0x0000000008003220                USBWakeUp_IRQHandler
                0x0000000008003220                SAI1_IRQHandler
                0x0000000008003220                DMA2_Channel3_IRQHandler
                0x0000000008003220                TIM1_BRK_TIM15_IRQHandler
 .text.HAL_Init
                0x0000000008003222       0x30 ./Drivers/STM32G4xx_HAL_Driver/Src/stm32g4xx_hal.o
                0x0000000008003222                HAL_Init
 *fill*         0x0000000008003252        0x2 
 .text.HAL_InitTick
                0x0000000008003254       0x74 ./Drivers/STM32G4xx_HAL_Driver/Src/stm32g4xx_hal.o
                0x0000000008003254                HAL_InitTick
 .text.HAL_IncTick
                0x00000000080032c8       0x24 ./Drivers/STM32G4xx_HAL_Driver/Src/stm32g4xx_hal.o
                0x00000000080032c8                HAL_IncTick
 .text.HAL_GetTick
                0x00000000080032ec       0x18 ./Drivers/STM32G4xx_HAL_Driver/Src/stm32g4xx_hal.o
                0x00000000080032ec                HAL_GetTick
 .text.HAL_Delay
                0x0000000008003304       0x44 ./Drivers/STM32G4xx_HAL_Driver/Src/stm32g4xx_hal.o
                0x0000000008003304                HAL_Delay
 .text.LL_ADC_SetCommonClock
                0x0000000008003348       0x26 ./Drivers/STM32G4xx_HAL_Driver/Src/stm32g4xx_hal_adc.o
 .text.LL_ADC_SetCommonPathInternalCh
                0x000000000800336e       0x26 ./Drivers/STM32G4xx_HAL_Driver/Src/stm32g4xx_hal_adc.o
 .text.LL_ADC_GetCommonPathInternalCh
                0x0000000008003394       0x1c ./Drivers/STM32G4xx_HAL_Driver/Src/stm32g4xx_hal_adc.o
 .text.LL_ADC_SetOffset
                0x00000000080033b0       0x48 ./Drivers/STM32G4xx_HAL_Driver/Src/stm32g4xx_hal_adc.o
 .text.LL_ADC_GetOffsetChannel
                0x00000000080033f8       0x2c ./Drivers/STM32G4xx_HAL_Driver/Src/stm32g4xx_hal_adc.o
 .text.LL_ADC_SetOffsetState
                0x0000000008003424       0x36 ./Drivers/STM32G4xx_HAL_Driver/Src/stm32g4xx_hal_adc.o
 .text.LL_ADC_SetOffsetSign
                0x000000000800345a       0x36 ./Drivers/STM32G4xx_HAL_Driver/Src/stm32g4xx_hal_adc.o
 .text.LL_ADC_SetOffsetSaturation
                0x0000000008003490       0x36 ./Drivers/STM32G4xx_HAL_Driver/Src/stm32g4xx_hal_adc.o
 .text.LL_ADC_SetSamplingTimeCommonConfig
                0x00000000080034c6       0x26 ./Drivers/STM32G4xx_HAL_Driver/Src/stm32g4xx_hal_adc.o
 .text.LL_ADC_REG_IsTriggerSourceSWStart
                0x00000000080034ec       0x26 ./Drivers/STM32G4xx_HAL_Driver/Src/stm32g4xx_hal_adc.o
 .text.LL_ADC_REG_SetSequencerRanks
                0x0000000008003512       0x58 ./Drivers/STM32G4xx_HAL_Driver/Src/stm32g4xx_hal_adc.o
 .text.LL_ADC_SetChannelSamplingTime
                0x000000000800356a       0x56 ./Drivers/STM32G4xx_HAL_Driver/Src/stm32g4xx_hal_adc.o
 .text.LL_ADC_SetChannelSingleDiff
                0x00000000080035c0       0x50 ./Drivers/STM32G4xx_HAL_Driver/Src/stm32g4xx_hal_adc.o
 .text.LL_ADC_GetMultimode
                0x0000000008003610       0x1c ./Drivers/STM32G4xx_HAL_Driver/Src/stm32g4xx_hal_adc.o
 .text.LL_ADC_DisableDeepPowerDown
                0x000000000800362c       0x24 ./Drivers/STM32G4xx_HAL_Driver/Src/stm32g4xx_hal_adc.o
 .text.LL_ADC_IsDeepPowerDownEnabled
                0x0000000008003650       0x28 ./Drivers/STM32G4xx_HAL_Driver/Src/stm32g4xx_hal_adc.o
 .text.LL_ADC_EnableInternalRegulator
                0x0000000008003678       0x28 ./Drivers/STM32G4xx_HAL_Driver/Src/stm32g4xx_hal_adc.o
 .text.LL_ADC_IsInternalRegulatorEnabled
                0x00000000080036a0       0x28 ./Drivers/STM32G4xx_HAL_Driver/Src/stm32g4xx_hal_adc.o
 .text.LL_ADC_Enable
                0x00000000080036c8       0x28 ./Drivers/STM32G4xx_HAL_Driver/Src/stm32g4xx_hal_adc.o
 .text.LL_ADC_IsEnabled
                0x00000000080036f0       0x26 ./Drivers/STM32G4xx_HAL_Driver/Src/stm32g4xx_hal_adc.o
 .text.LL_ADC_REG_StartConversion
                0x0000000008003716       0x28 ./Drivers/STM32G4xx_HAL_Driver/Src/stm32g4xx_hal_adc.o
 .text.LL_ADC_REG_IsConversionOngoing
                0x000000000800373e       0x26 ./Drivers/STM32G4xx_HAL_Driver/Src/stm32g4xx_hal_adc.o
 .text.LL_ADC_INJ_IsConversionOngoing
                0x0000000008003764       0x26 ./Drivers/STM32G4xx_HAL_Driver/Src/stm32g4xx_hal_adc.o
 *fill*         0x000000000800378a        0x2 
 .text.HAL_ADC_Init
                0x000000000800378c      0x384 ./Drivers/STM32G4xx_HAL_Driver/Src/stm32g4xx_hal_adc.o
                0x000000000800378c                HAL_ADC_Init
 .text.HAL_ADC_Start_DMA
                0x0000000008003b10      0x1a8 ./Drivers/STM32G4xx_HAL_Driver/Src/stm32g4xx_hal_adc.o
                0x0000000008003b10                HAL_ADC_Start_DMA
 .text.HAL_ADC_ConvCpltCallback
                0x0000000008003cb8       0x14 ./Drivers/STM32G4xx_HAL_Driver/Src/stm32g4xx_hal_adc.o
                0x0000000008003cb8                HAL_ADC_ConvCpltCallback
 .text.HAL_ADC_ConvHalfCpltCallback
                0x0000000008003ccc       0x14 ./Drivers/STM32G4xx_HAL_Driver/Src/stm32g4xx_hal_adc.o
                0x0000000008003ccc                HAL_ADC_ConvHalfCpltCallback
 .text.HAL_ADC_ErrorCallback
                0x0000000008003ce0       0x14 ./Drivers/STM32G4xx_HAL_Driver/Src/stm32g4xx_hal_adc.o
                0x0000000008003ce0                HAL_ADC_ErrorCallback
 .text.HAL_ADC_ConfigChannel
                0x0000000008003cf4      0x880 ./Drivers/STM32G4xx_HAL_Driver/Src/stm32g4xx_hal_adc.o
                0x0000000008003cf4                HAL_ADC_ConfigChannel
 .text.ADC_Enable
                0x0000000008004574       0xc4 ./Drivers/STM32G4xx_HAL_Driver/Src/stm32g4xx_hal_adc.o
                0x0000000008004574                ADC_Enable
 .text.ADC_DMAConvCplt
                0x0000000008004638       0xd8 ./Drivers/STM32G4xx_HAL_Driver/Src/stm32g4xx_hal_adc.o
                0x0000000008004638                ADC_DMAConvCplt
 .text.ADC_DMAHalfConvCplt
                0x0000000008004710       0x1c ./Drivers/STM32G4xx_HAL_Driver/Src/stm32g4xx_hal_adc.o
                0x0000000008004710                ADC_DMAHalfConvCplt
 .text.ADC_DMAError
                0x000000000800472c       0x34 ./Drivers/STM32G4xx_HAL_Driver/Src/stm32g4xx_hal_adc.o
                0x000000000800472c                ADC_DMAError
 .text.__NVIC_SetPriorityGrouping
                0x0000000008004760       0x48 ./Drivers/STM32G4xx_HAL_Driver/Src/stm32g4xx_hal_cortex.o
 .text.__NVIC_GetPriorityGrouping
                0x00000000080047a8       0x1c ./Drivers/STM32G4xx_HAL_Driver/Src/stm32g4xx_hal_cortex.o
 .text.__NVIC_EnableIRQ
                0x00000000080047c4       0x3c ./Drivers/STM32G4xx_HAL_Driver/Src/stm32g4xx_hal_cortex.o
 .text.__NVIC_SetPriority
                0x0000000008004800       0x54 ./Drivers/STM32G4xx_HAL_Driver/Src/stm32g4xx_hal_cortex.o
 .text.NVIC_EncodePriority
                0x0000000008004854       0x66 ./Drivers/STM32G4xx_HAL_Driver/Src/stm32g4xx_hal_cortex.o
 *fill*         0x00000000080048ba        0x2 
 .text.SysTick_Config
                0x00000000080048bc       0x44 ./Drivers/STM32G4xx_HAL_Driver/Src/stm32g4xx_hal_cortex.o
 .text.HAL_NVIC_SetPriorityGrouping
                0x0000000008004900       0x16 ./Drivers/STM32G4xx_HAL_Driver/Src/stm32g4xx_hal_cortex.o
                0x0000000008004900                HAL_NVIC_SetPriorityGrouping
 .text.HAL_NVIC_SetPriority
                0x0000000008004916       0x34 ./Drivers/STM32G4xx_HAL_Driver/Src/stm32g4xx_hal_cortex.o
                0x0000000008004916                HAL_NVIC_SetPriority
 .text.HAL_NVIC_EnableIRQ
                0x000000000800494a       0x1c ./Drivers/STM32G4xx_HAL_Driver/Src/stm32g4xx_hal_cortex.o
                0x000000000800494a                HAL_NVIC_EnableIRQ
 .text.HAL_SYSTICK_Config
                0x0000000008004966       0x18 ./Drivers/STM32G4xx_HAL_Driver/Src/stm32g4xx_hal_cortex.o
                0x0000000008004966                HAL_SYSTICK_Config
 *fill*         0x000000000800497e        0x2 
 .text.HAL_DMA_Init
                0x0000000008004980      0x150 ./Drivers/STM32G4xx_HAL_Driver/Src/stm32g4xx_hal_dma.o
                0x0000000008004980                HAL_DMA_Init
 .text.HAL_DMA_Start_IT
                0x0000000008004ad0       0xf6 ./Drivers/STM32G4xx_HAL_Driver/Src/stm32g4xx_hal_dma.o
                0x0000000008004ad0                HAL_DMA_Start_IT
 .text.HAL_DMA_IRQHandler
                0x0000000008004bc6      0x15e ./Drivers/STM32G4xx_HAL_Driver/Src/stm32g4xx_hal_dma.o
                0x0000000008004bc6                HAL_DMA_IRQHandler
 .text.DMA_SetConfig
                0x0000000008004d24       0x7c ./Drivers/STM32G4xx_HAL_Driver/Src/stm32g4xx_hal_dma.o
 .text.DMA_CalcDMAMUXChannelBaseAndMask
                0x0000000008004da0       0x7c ./Drivers/STM32G4xx_HAL_Driver/Src/stm32g4xx_hal_dma.o
 .text.DMA_CalcDMAMUXRequestGenBaseAndMask
                0x0000000008004e1c       0x48 ./Drivers/STM32G4xx_HAL_Driver/Src/stm32g4xx_hal_dma.o
 .text.HAL_FDCAN_Init
                0x0000000008004e64      0x2b4 ./Drivers/STM32G4xx_HAL_Driver/Src/stm32g4xx_hal_fdcan.o
                0x0000000008004e64                HAL_FDCAN_Init
 .text.HAL_FDCAN_ConfigFilter
                0x0000000008005118       0xb4 ./Drivers/STM32G4xx_HAL_Driver/Src/stm32g4xx_hal_fdcan.o
                0x0000000008005118                HAL_FDCAN_ConfigFilter
 .text.HAL_FDCAN_ConfigGlobalFilter
                0x00000000080051cc       0x62 ./Drivers/STM32G4xx_HAL_Driver/Src/stm32g4xx_hal_fdcan.o
                0x00000000080051cc                HAL_FDCAN_ConfigGlobalFilter
 .text.HAL_FDCAN_Start
                0x000000000800522e       0x50 ./Drivers/STM32G4xx_HAL_Driver/Src/stm32g4xx_hal_fdcan.o
                0x000000000800522e                HAL_FDCAN_Start
 .text.HAL_FDCAN_AddMessageToTxFifoQ
                0x000000000800527e       0x88 ./Drivers/STM32G4xx_HAL_Driver/Src/stm32g4xx_hal_fdcan.o
                0x000000000800527e                HAL_FDCAN_AddMessageToTxFifoQ
 *fill*         0x0000000008005306        0x2 
 .text.HAL_FDCAN_GetRxMessage
                0x0000000008005308      0x1b4 ./Drivers/STM32G4xx_HAL_Driver/Src/stm32g4xx_hal_fdcan.o
                0x0000000008005308                HAL_FDCAN_GetRxMessage
 .text.HAL_FDCAN_ActivateNotification
                0x00000000080054bc      0x1cc ./Drivers/STM32G4xx_HAL_Driver/Src/stm32g4xx_hal_fdcan.o
                0x00000000080054bc                HAL_FDCAN_ActivateNotification
 .text.HAL_FDCAN_IRQHandler
                0x0000000008005688      0x272 ./Drivers/STM32G4xx_HAL_Driver/Src/stm32g4xx_hal_fdcan.o
                0x0000000008005688                HAL_FDCAN_IRQHandler
 .text.HAL_FDCAN_TxEventFifoCallback
                0x00000000080058fa       0x16 ./Drivers/STM32G4xx_HAL_Driver/Src/stm32g4xx_hal_fdcan.o
                0x00000000080058fa                HAL_FDCAN_TxEventFifoCallback
 .text.HAL_FDCAN_RxFifo1Callback
                0x0000000008005910       0x16 ./Drivers/STM32G4xx_HAL_Driver/Src/stm32g4xx_hal_fdcan.o
                0x0000000008005910                HAL_FDCAN_RxFifo1Callback
 .text.HAL_FDCAN_TxFifoEmptyCallback
                0x0000000008005926       0x14 ./Drivers/STM32G4xx_HAL_Driver/Src/stm32g4xx_hal_fdcan.o
                0x0000000008005926                HAL_FDCAN_TxFifoEmptyCallback
 .text.HAL_FDCAN_TxBufferCompleteCallback
                0x000000000800593a       0x16 ./Drivers/STM32G4xx_HAL_Driver/Src/stm32g4xx_hal_fdcan.o
                0x000000000800593a                HAL_FDCAN_TxBufferCompleteCallback
 .text.HAL_FDCAN_TxBufferAbortCallback
                0x0000000008005950       0x16 ./Drivers/STM32G4xx_HAL_Driver/Src/stm32g4xx_hal_fdcan.o
                0x0000000008005950                HAL_FDCAN_TxBufferAbortCallback
 .text.HAL_FDCAN_TimestampWraparoundCallback
                0x0000000008005966       0x14 ./Drivers/STM32G4xx_HAL_Driver/Src/stm32g4xx_hal_fdcan.o
                0x0000000008005966                HAL_FDCAN_TimestampWraparoundCallback
 .text.HAL_FDCAN_TimeoutOccurredCallback
                0x000000000800597a       0x14 ./Drivers/STM32G4xx_HAL_Driver/Src/stm32g4xx_hal_fdcan.o
                0x000000000800597a                HAL_FDCAN_TimeoutOccurredCallback
 .text.HAL_FDCAN_HighPriorityMessageCallback
                0x000000000800598e       0x14 ./Drivers/STM32G4xx_HAL_Driver/Src/stm32g4xx_hal_fdcan.o
                0x000000000800598e                HAL_FDCAN_HighPriorityMessageCallback
 .text.HAL_FDCAN_ErrorCallback
                0x00000000080059a2       0x14 ./Drivers/STM32G4xx_HAL_Driver/Src/stm32g4xx_hal_fdcan.o
                0x00000000080059a2                HAL_FDCAN_ErrorCallback
 .text.HAL_FDCAN_ErrorStatusCallback
                0x00000000080059b6       0x16 ./Drivers/STM32G4xx_HAL_Driver/Src/stm32g4xx_hal_fdcan.o
                0x00000000080059b6                HAL_FDCAN_ErrorStatusCallback
 .text.FDCAN_CalcultateRamBlockAddresses
                0x00000000080059cc       0xd8 ./Drivers/STM32G4xx_HAL_Driver/Src/stm32g4xx_hal_fdcan.o
 .text.FDCAN_CopyMessageToRAM
                0x0000000008005aa4       0xf8 ./Drivers/STM32G4xx_HAL_Driver/Src/stm32g4xx_hal_fdcan.o
 .text.HAL_GPIO_Init
                0x0000000008005b9c      0x304 ./Drivers/STM32G4xx_HAL_Driver/Src/stm32g4xx_hal_gpio.o
                0x0000000008005b9c                HAL_GPIO_Init
 .text.HAL_GPIO_WritePin
                0x0000000008005ea0       0x30 ./Drivers/STM32G4xx_HAL_Driver/Src/stm32g4xx_hal_gpio.o
                0x0000000008005ea0                HAL_GPIO_WritePin
 .text.HAL_I2C_Init
                0x0000000008005ed0      0x11e ./Drivers/STM32G4xx_HAL_Driver/Src/stm32g4xx_hal_i2c.o
                0x0000000008005ed0                HAL_I2C_Init
 *fill*         0x0000000008005fee        0x2 
 .text.HAL_I2C_Master_Transmit
                0x0000000008005ff0      0x1e8 ./Drivers/STM32G4xx_HAL_Driver/Src/stm32g4xx_hal_i2c.o
                0x0000000008005ff0                HAL_I2C_Master_Transmit
 .text.HAL_I2C_Master_Receive
                0x00000000080061d8      0x1ec ./Drivers/STM32G4xx_HAL_Driver/Src/stm32g4xx_hal_i2c.o
                0x00000000080061d8                HAL_I2C_Master_Receive
 .text.HAL_I2C_Mem_Write
                0x00000000080063c4      0x228 ./Drivers/STM32G4xx_HAL_Driver/Src/stm32g4xx_hal_i2c.o
                0x00000000080063c4                HAL_I2C_Mem_Write
 .text.I2C_RequestMemoryWrite
                0x00000000080065ec       0xa8 ./Drivers/STM32G4xx_HAL_Driver/Src/stm32g4xx_hal_i2c.o
 .text.I2C_Flush_TXDR
                0x0000000008006694       0x48 ./Drivers/STM32G4xx_HAL_Driver/Src/stm32g4xx_hal_i2c.o
 .text.I2C_WaitOnFlagUntilTimeout
                0x00000000080066dc       0x80 ./Drivers/STM32G4xx_HAL_Driver/Src/stm32g4xx_hal_i2c.o
 .text.I2C_WaitOnTXISFlagUntilTimeout
                0x000000000800675c       0x80 ./Drivers/STM32G4xx_HAL_Driver/Src/stm32g4xx_hal_i2c.o
 .text.I2C_WaitOnSTOPFlagUntilTimeout
                0x00000000080067dc       0x78 ./Drivers/STM32G4xx_HAL_Driver/Src/stm32g4xx_hal_i2c.o
 .text.I2C_WaitOnRXNEFlagUntilTimeout
                0x0000000008006854       0xf4 ./Drivers/STM32G4xx_HAL_Driver/Src/stm32g4xx_hal_i2c.o
 .text.I2C_IsErrorOccurred
                0x0000000008006948      0x1d8 ./Drivers/STM32G4xx_HAL_Driver/Src/stm32g4xx_hal_i2c.o
 .text.I2C_TransferConfig
                0x0000000008006b20       0x64 ./Drivers/STM32G4xx_HAL_Driver/Src/stm32g4xx_hal_i2c.o
 .text.HAL_I2CEx_ConfigAnalogFilter
                0x0000000008006b84       0x96 ./Drivers/STM32G4xx_HAL_Driver/Src/stm32g4xx_hal_i2c_ex.o
                0x0000000008006b84                HAL_I2CEx_ConfigAnalogFilter
 .text.HAL_I2CEx_ConfigDigitalFilter
                0x0000000008006c1a       0x98 ./Drivers/STM32G4xx_HAL_Driver/Src/stm32g4xx_hal_i2c_ex.o
                0x0000000008006c1a                HAL_I2CEx_ConfigDigitalFilter
 *fill*         0x0000000008006cb2        0x2 
 .text.HAL_PWREx_ControlVoltageScaling
                0x0000000008006cb4      0x148 ./Drivers/STM32G4xx_HAL_Driver/Src/stm32g4xx_hal_pwr_ex.o
                0x0000000008006cb4                HAL_PWREx_ControlVoltageScaling
 .text.HAL_RCC_OscConfig
                0x0000000008006dfc      0x630 ./Drivers/STM32G4xx_HAL_Driver/Src/stm32g4xx_hal_rcc.o
                0x0000000008006dfc                HAL_RCC_OscConfig
 .text.HAL_RCC_ClockConfig
                0x000000000800742c      0x278 ./Drivers/STM32G4xx_HAL_Driver/Src/stm32g4xx_hal_rcc.o
                0x000000000800742c                HAL_RCC_ClockConfig
 .text.HAL_RCC_GetSysClockFreq
                0x00000000080076a4       0xc4 ./Drivers/STM32G4xx_HAL_Driver/Src/stm32g4xx_hal_rcc.o
                0x00000000080076a4                HAL_RCC_GetSysClockFreq
 .text.HAL_RCC_GetHCLKFreq
                0x0000000008007768       0x18 ./Drivers/STM32G4xx_HAL_Driver/Src/stm32g4xx_hal_rcc.o
                0x0000000008007768                HAL_RCC_GetHCLKFreq
 .text.HAL_RCC_GetPCLK1Freq
                0x0000000008007780       0x2c ./Drivers/STM32G4xx_HAL_Driver/Src/stm32g4xx_hal_rcc.o
                0x0000000008007780                HAL_RCC_GetPCLK1Freq
 .text.HAL_RCC_GetPCLK2Freq
                0x00000000080077ac       0x2c ./Drivers/STM32G4xx_HAL_Driver/Src/stm32g4xx_hal_rcc.o
                0x00000000080077ac                HAL_RCC_GetPCLK2Freq
 .text.RCC_GetSysClockFreqFromPLLSource
                0x00000000080077d8       0x8c ./Drivers/STM32G4xx_HAL_Driver/Src/stm32g4xx_hal_rcc.o
 .text.HAL_RCCEx_PeriphCLKConfig
                0x0000000008007864      0x49c ./Drivers/STM32G4xx_HAL_Driver/Src/stm32g4xx_hal_rcc_ex.o
                0x0000000008007864                HAL_RCCEx_PeriphCLKConfig
 .text.HAL_TIM_Base_Init
                0x0000000008007d00       0xae ./Drivers/STM32G4xx_HAL_Driver/Src/stm32g4xx_hal_tim.o
                0x0000000008007d00                HAL_TIM_Base_Init
 *fill*         0x0000000008007dae        0x2 
 .text.HAL_TIM_Base_Start_IT
                0x0000000008007db0       0xf0 ./Drivers/STM32G4xx_HAL_Driver/Src/stm32g4xx_hal_tim.o
                0x0000000008007db0                HAL_TIM_Base_Start_IT
 .text.HAL_TIM_IRQHandler
                0x0000000008007ea0      0x2fe ./Drivers/STM32G4xx_HAL_Driver/Src/stm32g4xx_hal_tim.o
                0x0000000008007ea0                HAL_TIM_IRQHandler
 *fill*         0x000000000800819e        0x2 
 .text.HAL_TIM_ConfigClockSource
                0x00000000080081a0      0x22c ./Drivers/STM32G4xx_HAL_Driver/Src/stm32g4xx_hal_tim.o
                0x00000000080081a0                HAL_TIM_ConfigClockSource
 .text.HAL_TIM_OC_DelayElapsedCallback
                0x00000000080083cc       0x14 ./Drivers/STM32G4xx_HAL_Driver/Src/stm32g4xx_hal_tim.o
                0x00000000080083cc                HAL_TIM_OC_DelayElapsedCallback
 .text.HAL_TIM_IC_CaptureCallback
                0x00000000080083e0       0x14 ./Drivers/STM32G4xx_HAL_Driver/Src/stm32g4xx_hal_tim.o
                0x00000000080083e0                HAL_TIM_IC_CaptureCallback
 .text.HAL_TIM_PWM_PulseFinishedCallback
                0x00000000080083f4       0x14 ./Drivers/STM32G4xx_HAL_Driver/Src/stm32g4xx_hal_tim.o
                0x00000000080083f4                HAL_TIM_PWM_PulseFinishedCallback
 .text.HAL_TIM_TriggerCallback
                0x0000000008008408       0x14 ./Drivers/STM32G4xx_HAL_Driver/Src/stm32g4xx_hal_tim.o
                0x0000000008008408                HAL_TIM_TriggerCallback
 .text.TIM_Base_SetConfig
                0x000000000800841c      0x150 ./Drivers/STM32G4xx_HAL_Driver/Src/stm32g4xx_hal_tim.o
                0x000000000800841c                TIM_Base_SetConfig
 .text.TIM_TI1_ConfigInputStage
                0x000000000800856c       0x5e ./Drivers/STM32G4xx_HAL_Driver/Src/stm32g4xx_hal_tim.o
 .text.TIM_TI2_ConfigInputStage
                0x00000000080085ca       0x60 ./Drivers/STM32G4xx_HAL_Driver/Src/stm32g4xx_hal_tim.o
 .text.TIM_ITRx_SetConfig
                0x000000000800862a       0x3a ./Drivers/STM32G4xx_HAL_Driver/Src/stm32g4xx_hal_tim.o
 .text.TIM_ETR_SetConfig
                0x0000000008008664       0x40 ./Drivers/STM32G4xx_HAL_Driver/Src/stm32g4xx_hal_tim.o
                0x0000000008008664                TIM_ETR_SetConfig
 .text.HAL_TIMEx_MasterConfigSynchronization
                0x00000000080086a4      0x12c ./Drivers/STM32G4xx_HAL_Driver/Src/stm32g4xx_hal_tim_ex.o
                0x00000000080086a4                HAL_TIMEx_MasterConfigSynchronization
 .text.HAL_TIMEx_CommutCallback
                0x00000000080087d0       0x14 ./Drivers/STM32G4xx_HAL_Driver/Src/stm32g4xx_hal_tim_ex.o
                0x00000000080087d0                HAL_TIMEx_CommutCallback
 .text.HAL_TIMEx_BreakCallback
                0x00000000080087e4       0x14 ./Drivers/STM32G4xx_HAL_Driver/Src/stm32g4xx_hal_tim_ex.o
                0x00000000080087e4                HAL_TIMEx_BreakCallback
 .text.HAL_TIMEx_Break2Callback
                0x00000000080087f8       0x14 ./Drivers/STM32G4xx_HAL_Driver/Src/stm32g4xx_hal_tim_ex.o
                0x00000000080087f8                HAL_TIMEx_Break2Callback
 .text.HAL_TIMEx_EncoderIndexCallback
                0x000000000800880c       0x14 ./Drivers/STM32G4xx_HAL_Driver/Src/stm32g4xx_hal_tim_ex.o
                0x000000000800880c                HAL_TIMEx_EncoderIndexCallback
 .text.HAL_TIMEx_DirectionChangeCallback
                0x0000000008008820       0x14 ./Drivers/STM32G4xx_HAL_Driver/Src/stm32g4xx_hal_tim_ex.o
                0x0000000008008820                HAL_TIMEx_DirectionChangeCallback
 .text.HAL_TIMEx_IndexErrorCallback
                0x0000000008008834       0x14 ./Drivers/STM32G4xx_HAL_Driver/Src/stm32g4xx_hal_tim_ex.o
                0x0000000008008834                HAL_TIMEx_IndexErrorCallback
 .text.HAL_TIMEx_TransitionErrorCallback
                0x0000000008008848       0x14 ./Drivers/STM32G4xx_HAL_Driver/Src/stm32g4xx_hal_tim_ex.o
                0x0000000008008848                HAL_TIMEx_TransitionErrorCallback
 .text.HAL_UART_Init
                0x000000000800885c       0xa0 ./Drivers/STM32G4xx_HAL_Driver/Src/stm32g4xx_hal_uart.o
                0x000000000800885c                HAL_UART_Init
 .text.UART_SetConfig
                0x00000000080088fc      0x5f8 ./Drivers/STM32G4xx_HAL_Driver/Src/stm32g4xx_hal_uart.o
                0x00000000080088fc                UART_SetConfig
 .text.UART_AdvFeatureConfig
                0x0000000008008ef4      0x144 ./Drivers/STM32G4xx_HAL_Driver/Src/stm32g4xx_hal_uart.o
                0x0000000008008ef4                UART_AdvFeatureConfig
 .text.UART_CheckIdleState
                0x0000000008009038       0x96 ./Drivers/STM32G4xx_HAL_Driver/Src/stm32g4xx_hal_uart.o
                0x0000000008009038                UART_CheckIdleState
 .text.UART_WaitOnFlagUntilTimeout
                0x00000000080090ce      0x190 ./Drivers/STM32G4xx_HAL_Driver/Src/stm32g4xx_hal_uart.o
                0x00000000080090ce                UART_WaitOnFlagUntilTimeout
 .text.HAL_UARTEx_DisableFifoMode
                0x000000000800925e       0x72 ./Drivers/STM32G4xx_HAL_Driver/Src/stm32g4xx_hal_uart_ex.o
                0x000000000800925e                HAL_UARTEx_DisableFifoMode
 .text.HAL_UARTEx_SetTxFifoThreshold
                0x00000000080092d0       0x7c ./Drivers/STM32G4xx_HAL_Driver/Src/stm32g4xx_hal_uart_ex.o
                0x00000000080092d0                HAL_UARTEx_SetTxFifoThreshold
 .text.HAL_UARTEx_SetRxFifoThreshold
                0x000000000800934c       0x7c ./Drivers/STM32G4xx_HAL_Driver/Src/stm32g4xx_hal_uart_ex.o
                0x000000000800934c                HAL_UARTEx_SetRxFifoThreshold
 .text.UARTEx_SetNbDataToProcess
                0x00000000080093c8       0x9c ./Drivers/STM32G4xx_HAL_Driver/Src/stm32g4xx_hal_uart_ex.o
 .text.malloc   0x0000000008009464       0x10 /home/nir/st/stm32cubeide_1.12.1_3/plugins/com.st.stm32cube.ide.mcu.externaltools.gnu-tools-for-stm32.11.3.rel1.linux64_1.1.0.202305231506/tools/bin/../lib/gcc/arm-none-eabi/11.3.1/../../../../arm-none-eabi/lib/thumb/v7e-m+fp/hard/libc_nano.a(libc_a-malloc.o)
                0x0000000008009464                malloc
 .text.sbrk_aligned
                0x0000000008009474       0x40 /home/nir/st/stm32cubeide_1.12.1_3/plugins/com.st.stm32cube.ide.mcu.externaltools.gnu-tools-for-stm32.11.3.rel1.linux64_1.1.0.202305231506/tools/bin/../lib/gcc/arm-none-eabi/11.3.1/../../../../arm-none-eabi/lib/thumb/v7e-m+fp/hard/libc_nano.a(libc_a-mallocr.o)
 .text._malloc_r
                0x00000000080094b4      0x100 /home/nir/st/stm32cubeide_1.12.1_3/plugins/com.st.stm32cube.ide.mcu.externaltools.gnu-tools-for-stm32.11.3.rel1.linux64_1.1.0.202305231506/tools/bin/../lib/gcc/arm-none-eabi/11.3.1/../../../../arm-none-eabi/lib/thumb/v7e-m+fp/hard/libc_nano.a(libc_a-mallocr.o)
                0x00000000080094b4                _malloc_r
 .text.__malloc_lock
                0x00000000080095b4        0xc /home/nir/st/stm32cubeide_1.12.1_3/plugins/com.st.stm32cube.ide.mcu.externaltools.gnu-tools-for-stm32.11.3.rel1.linux64_1.1.0.202305231506/tools/bin/../lib/gcc/arm-none-eabi/11.3.1/../../../../arm-none-eabi/lib/thumb/v7e-m+fp/hard/libc_nano.a(libc_a-mlock.o)
                0x00000000080095b4                __malloc_lock
 .text.__malloc_unlock
                0x00000000080095c0        0xc /home/nir/st/stm32cubeide_1.12.1_3/plugins/com.st.stm32cube.ide.mcu.externaltools.gnu-tools-for-stm32.11.3.rel1.linux64_1.1.0.202305231506/tools/bin/../lib/gcc/arm-none-eabi/11.3.1/../../../../arm-none-eabi/lib/thumb/v7e-m+fp/hard/libc_nano.a(libc_a-mlock.o)
                0x00000000080095c0                __malloc_unlock
 .text.memset   0x00000000080095cc       0x10 /home/nir/st/stm32cubeide_1.12.1_3/plugins/com.st.stm32cube.ide.mcu.externaltools.gnu-tools-for-stm32.11.3.rel1.linux64_1.1.0.202305231506/tools/bin/../lib/gcc/arm-none-eabi/11.3.1/../../../../arm-none-eabi/lib/thumb/v7e-m+fp/hard/libc_nano.a(libc_a-memset.o)
                0x00000000080095cc                memset
 .text._sbrk_r  0x00000000080095dc       0x20 /home/nir/st/stm32cubeide_1.12.1_3/plugins/com.st.stm32cube.ide.mcu.externaltools.gnu-tools-for-stm32.11.3.rel1.linux64_1.1.0.202305231506/tools/bin/../lib/gcc/arm-none-eabi/11.3.1/../../../../arm-none-eabi/lib/thumb/v7e-m+fp/hard/libc_nano.a(libc_a-sbrkr.o)
                0x00000000080095dc                _sbrk_r
 .text.__errno  0x00000000080095fc        0xc /home/nir/st/stm32cubeide_1.12.1_3/plugins/com.st.stm32cube.ide.mcu.externaltools.gnu-tools-for-stm32.11.3.rel1.linux64_1.1.0.202305231506/tools/bin/../lib/gcc/arm-none-eabi/11.3.1/../../../../arm-none-eabi/lib/thumb/v7e-m+fp/hard/libc_nano.a(libc_a-errno.o)
                0x00000000080095fc                __errno
 .text.__libc_init_array
                0x0000000008009608       0x48 /home/nir/st/stm32cubeide_1.12.1_3/plugins/com.st.stm32cube.ide.mcu.externaltools.gnu-tools-for-stm32.11.3.rel1.linux64_1.1.0.202305231506/tools/bin/../lib/gcc/arm-none-eabi/11.3.1/../../../../arm-none-eabi/lib/thumb/v7e-m+fp/hard/libc_nano.a(libc_a-init.o)
                0x0000000008009608                __libc_init_array
 .text.__retarget_lock_acquire_recursive
                0x0000000008009650        0x2 /home/nir/st/stm32cubeide_1.12.1_3/plugins/com.st.stm32cube.ide.mcu.externaltools.gnu-tools-for-stm32.11.3.rel1.linux64_1.1.0.202305231506/tools/bin/../lib/gcc/arm-none-eabi/11.3.1/../../../../arm-none-eabi/lib/thumb/v7e-m+fp/hard/libc_nano.a(libc_a-lock.o)
                0x0000000008009650                __retarget_lock_acquire_recursive
 .text.__retarget_lock_release_recursive
                0x0000000008009652        0x2 /home/nir/st/stm32cubeide_1.12.1_3/plugins/com.st.stm32cube.ide.mcu.externaltools.gnu-tools-for-stm32.11.3.rel1.linux64_1.1.0.202305231506/tools/bin/../lib/gcc/arm-none-eabi/11.3.1/../../../../arm-none-eabi/lib/thumb/v7e-m+fp/hard/libc_nano.a(libc_a-lock.o)
                0x0000000008009652                __retarget_lock_release_recursive
 .text.memcpy   0x0000000008009654       0x1c /home/nir/st/stm32cubeide_1.12.1_3/plugins/com.st.stm32cube.ide.mcu.externaltools.gnu-tools-for-stm32.11.3.rel1.linux64_1.1.0.202305231506/tools/bin/../lib/gcc/arm-none-eabi/11.3.1/../../../../arm-none-eabi/lib/thumb/v7e-m+fp/hard/libc_nano.a(libc_a-memcpy-stub.o)
                0x0000000008009654                memcpy
 *(.glue_7)
 .glue_7        0x0000000008009670        0x0 linker stubs
 *(.glue_7t)
 .glue_7t       0x0000000008009670        0x0 linker stubs
 *(.eh_frame)
 .eh_frame      0x0000000008009670        0x0 /home/nir/st/stm32cubeide_1.12.1_3/plugins/com.st.stm32cube.ide.mcu.externaltools.gnu-tools-for-stm32.11.3.rel1.linux64_1.1.0.202305231506/tools/bin/../lib/gcc/arm-none-eabi/11.3.1/thumb/v7e-m+fp/hard/crtbegin.o
 *(.init)
 .init          0x0000000008009670        0x4 /home/nir/st/stm32cubeide_1.12.1_3/plugins/com.st.stm32cube.ide.mcu.externaltools.gnu-tools-for-stm32.11.3.rel1.linux64_1.1.0.202305231506/tools/bin/../lib/gcc/arm-none-eabi/11.3.1/thumb/v7e-m+fp/hard/crti.o
                0x0000000008009670                _init
 .init          0x0000000008009674        0x8 /home/nir/st/stm32cubeide_1.12.1_3/plugins/com.st.stm32cube.ide.mcu.externaltools.gnu-tools-for-stm32.11.3.rel1.linux64_1.1.0.202305231506/tools/bin/../lib/gcc/arm-none-eabi/11.3.1/thumb/v7e-m+fp/hard/crtn.o
 *(.fini)
 .fini          0x000000000800967c        0x4 /home/nir/st/stm32cubeide_1.12.1_3/plugins/com.st.stm32cube.ide.mcu.externaltools.gnu-tools-for-stm32.11.3.rel1.linux64_1.1.0.202305231506/tools/bin/../lib/gcc/arm-none-eabi/11.3.1/thumb/v7e-m+fp/hard/crti.o
                0x000000000800967c                _fini
 .fini          0x0000000008009680        0x8 /home/nir/st/stm32cubeide_1.12.1_3/plugins/com.st.stm32cube.ide.mcu.externaltools.gnu-tools-for-stm32.11.3.rel1.linux64_1.1.0.202305231506/tools/bin/../lib/gcc/arm-none-eabi/11.3.1/thumb/v7e-m+fp/hard/crtn.o
                0x0000000008009688                . = ALIGN (0x4)
                0x0000000008009688                _etext = .

.vfp11_veneer   0x0000000008009688        0x0
 .vfp11_veneer  0x0000000008009688        0x0 linker stubs

.v4_bx          0x0000000008009688        0x0
 .v4_bx         0x0000000008009688        0x0 linker stubs

.iplt           0x0000000008009688        0x0
 .iplt          0x0000000008009688        0x0 /home/nir/st/stm32cubeide_1.12.1_3/plugins/com.st.stm32cube.ide.mcu.externaltools.gnu-tools-for-stm32.11.3.rel1.linux64_1.1.0.202305231506/tools/bin/../lib/gcc/arm-none-eabi/11.3.1/thumb/v7e-m+fp/hard/crtbegin.o

.rodata         0x0000000008009688       0x50
                0x0000000008009688                . = ALIGN (0x4)
 *(.rodata)
 *(.rodata*)
 .rodata.AHBPrescTable
                0x0000000008009688       0x10 ./Core/Src/system_stm32g4xx.o
                0x0000000008009688                AHBPrescTable
 .rodata.APBPrescTable
                0x0000000008009698        0x8 ./Core/Src/system_stm32g4xx.o
                0x0000000008009698                APBPrescTable
 .rodata.DLCtoBytes
                0x00000000080096a0       0x10 ./Drivers/STM32G4xx_HAL_Driver/Src/stm32g4xx_hal_fdcan.o
 .rodata.UARTPrescTable
                0x00000000080096b0       0x18 ./Drivers/STM32G4xx_HAL_Driver/Src/stm32g4xx_hal_uart.o
                0x00000000080096b0                UARTPrescTable
 .rodata.numerator.1
                0x00000000080096c8        0x8 ./Drivers/STM32G4xx_HAL_Driver/Src/stm32g4xx_hal_uart_ex.o
 .rodata.denominator.0
                0x00000000080096d0        0x8 ./Drivers/STM32G4xx_HAL_Driver/Src/stm32g4xx_hal_uart_ex.o
                0x00000000080096d8                . = ALIGN (0x4)

.ARM.extab      0x00000000080096d8        0x0
                0x00000000080096d8                . = ALIGN (0x4)
 *(.ARM.extab* .gnu.linkonce.armextab.*)
                0x00000000080096d8                . = ALIGN (0x4)

.ARM            0x00000000080096d8        0x8
                0x00000000080096d8                . = ALIGN (0x4)
                0x00000000080096d8                __exidx_start = .
 *(.ARM.exidx*)
 .ARM.exidx     0x00000000080096d8        0x8 /home/nir/st/stm32cubeide_1.12.1_3/plugins/com.st.stm32cube.ide.mcu.externaltools.gnu-tools-for-stm32.11.3.rel1.linux64_1.1.0.202305231506/tools/bin/../lib/gcc/arm-none-eabi/11.3.1/thumb/v7e-m+fp/hard/libgcc.a(_udivmoddi4.o)
                0x00000000080096e0                __exidx_end = .
                0x00000000080096e0                . = ALIGN (0x4)

.rel.dyn        0x00000000080096e0        0x0
 .rel.iplt      0x00000000080096e0        0x0 /home/nir/st/stm32cubeide_1.12.1_3/plugins/com.st.stm32cube.ide.mcu.externaltools.gnu-tools-for-stm32.11.3.rel1.linux64_1.1.0.202305231506/tools/bin/../lib/gcc/arm-none-eabi/11.3.1/thumb/v7e-m+fp/hard/crtbegin.o

.preinit_array  0x00000000080096e0        0x0
                0x00000000080096e0                . = ALIGN (0x4)
                0x00000000080096e0                PROVIDE (__preinit_array_start = .)
 *(.preinit_array*)
                0x00000000080096e0                PROVIDE (__preinit_array_end = .)
                0x00000000080096e0                . = ALIGN (0x4)

.init_array     0x00000000080096e0        0x4
                0x00000000080096e0                . = ALIGN (0x4)
                0x00000000080096e0                PROVIDE (__init_array_start = .)
 *(SORT_BY_NAME(.init_array.*))
 *(.init_array*)
 .init_array    0x00000000080096e0        0x4 /home/nir/st/stm32cubeide_1.12.1_3/plugins/com.st.stm32cube.ide.mcu.externaltools.gnu-tools-for-stm32.11.3.rel1.linux64_1.1.0.202305231506/tools/bin/../lib/gcc/arm-none-eabi/11.3.1/thumb/v7e-m+fp/hard/crtbegin.o
                0x00000000080096e4                PROVIDE (__init_array_end = .)
                0x00000000080096e4                . = ALIGN (0x4)

.fini_array     0x00000000080096e4        0x4
                0x00000000080096e4                . = ALIGN (0x4)
                [!provide]                        PROVIDE (__fini_array_start = .)
 *(SORT_BY_NAME(.fini_array.*))
 *(.fini_array*)
 .fini_array    0x00000000080096e4        0x4 /home/nir/st/stm32cubeide_1.12.1_3/plugins/com.st.stm32cube.ide.mcu.externaltools.gnu-tools-for-stm32.11.3.rel1.linux64_1.1.0.202305231506/tools/bin/../lib/gcc/arm-none-eabi/11.3.1/thumb/v7e-m+fp/hard/crtbegin.o
                [!provide]                        PROVIDE (__fini_array_end = .)
                0x00000000080096e8                . = ALIGN (0x4)
                0x00000000080096e8                _sidata = LOADADDR (.data)

.data           0x0000000020000000       0x5c load address 0x00000000080096e8
                0x0000000020000000                . = ALIGN (0x4)
                0x0000000020000000                _sdata = .
 *(.data)
 *(.data*)
 .data.SystemCoreClock
                0x0000000020000000        0x4 ./Core/Src/system_stm32g4xx.o
                0x0000000020000000                SystemCoreClock
 .data.uwTickPrio
                0x0000000020000004        0x4 ./Drivers/STM32G4xx_HAL_Driver/Src/stm32g4xx_hal.o
                0x0000000020000004                uwTickPrio
 .data.uwTickFreq
                0x0000000020000008        0x4 ./Drivers/STM32G4xx_HAL_Driver/Src/stm32g4xx_hal.o
                0x0000000020000008                uwTickFreq
 .data._impure_data
                0x000000002000000c       0x4c /home/nir/st/stm32cubeide_1.12.1_3/plugins/com.st.stm32cube.ide.mcu.externaltools.gnu-tools-for-stm32.11.3.rel1.linux64_1.1.0.202305231506/tools/bin/../lib/gcc/arm-none-eabi/11.3.1/../../../../arm-none-eabi/lib/thumb/v7e-m+fp/hard/libc_nano.a(libc_a-impure.o)
                0x000000002000000c                _impure_data
 .data._impure_ptr
                0x0000000020000058        0x4 /home/nir/st/stm32cubeide_1.12.1_3/plugins/com.st.stm32cube.ide.mcu.externaltools.gnu-tools-for-stm32.11.3.rel1.linux64_1.1.0.202305231506/tools/bin/../lib/gcc/arm-none-eabi/11.3.1/../../../../arm-none-eabi/lib/thumb/v7e-m+fp/hard/libc_nano.a(libc_a-impure.o)
                0x0000000020000058                _impure_ptr
 *(.RamFunc)
 *(.RamFunc*)
                0x000000002000005c                . = ALIGN (0x4)
                0x000000002000005c                _edata = .

.igot.plt       0x000000002000005c        0x0 load address 0x0000000008009744
 .igot.plt      0x000000002000005c        0x0 /home/nir/st/stm32cubeide_1.12.1_3/plugins/com.st.stm32cube.ide.mcu.externaltools.gnu-tools-for-stm32.11.3.rel1.linux64_1.1.0.202305231506/tools/bin/../lib/gcc/arm-none-eabi/11.3.1/thumb/v7e-m+fp/hard/crtbegin.o
                0x000000002000005c                . = ALIGN (0x4)

.bss            0x000000002000005c      0x5b8 load address 0x0000000008009744
                0x000000002000005c                _sbss = .
                0x000000002000005c                __bss_start__ = _sbss
 *(.bss)
 .bss           0x000000002000005c       0x1c /home/nir/st/stm32cubeide_1.12.1_3/plugins/com.st.stm32cube.ide.mcu.externaltools.gnu-tools-for-stm32.11.3.rel1.linux64_1.1.0.202305231506/tools/bin/../lib/gcc/arm-none-eabi/11.3.1/thumb/v7e-m+fp/hard/crtbegin.o
 *(.bss*)
 .bss.hadc2     0x0000000020000078       0x6c ./Core/Src/adc.o
                0x0000000020000078                hadc2
 .bss.hdma_adc2
                0x00000000200000e4       0x60 ./Core/Src/adc.o
                0x00000000200000e4                hdma_adc2
 .bss.hfdcan1   0x0000000020000144       0x64 ./Core/Src/fdcan.o
                0x0000000020000144                hfdcan1
 .bss.hi2c1     0x00000000200001a8       0x4c ./Core/Src/i2c.o
                0x00000000200001a8                hi2c1
 .bss.currentState
                0x00000000200001f4        0x1 ./Core/Src/main.o
                0x00000000200001f4                currentState
 *fill*         0x00000000200001f5        0x3 
 .bss.soul_sense
                0x00000000200001f8       0x4c ./Core/Src/main.o
                0x00000000200001f8                soul_sense
 .bss.comm_controller
                0x0000000020000244      0x110 ./Core/Src/main.o
                0x0000000020000244                comm_controller
 .bss.imu       0x0000000020000354       0x4c ./Core/Src/main.o
                0x0000000020000354                imu
 .bss.contact_sensors
                0x00000000200003a0       0x44 ./Core/Src/main.o
                0x00000000200003a0                contact_sensors
 .bss.fw_version
                0x00000000200003e4        0x3 ./Core/Src/main.o
                0x00000000200003e4                fw_version
 *fill*         0x00000000200003e7        0x1 
 .bss.__sbrk_heap_end
                0x00000000200003e8        0x4 ./Core/Src/sysmem.o
 .bss.htim3     0x00000000200003ec       0x4c ./Core/Src/tim.o
                0x00000000200003ec                htim3
 .bss.huart3    0x0000000020000438       0x90 ./Core/Src/usart.o
                0x0000000020000438                huart3
 .bss.uwTick    0x00000000200004c8        0x4 ./Drivers/STM32G4xx_HAL_Driver/Src/stm32g4xx_hal.o
                0x00000000200004c8                uwTick
 .bss.__malloc_free_list
                0x00000000200004cc        0x4 /home/nir/st/stm32cubeide_1.12.1_3/plugins/com.st.stm32cube.ide.mcu.externaltools.gnu-tools-for-stm32.11.3.rel1.linux64_1.1.0.202305231506/tools/bin/../lib/gcc/arm-none-eabi/11.3.1/../../../../arm-none-eabi/lib/thumb/v7e-m+fp/hard/libc_nano.a(libc_a-mallocr.o)
                0x00000000200004cc                __malloc_free_list
 .bss.__malloc_sbrk_start
                0x00000000200004d0        0x4 /home/nir/st/stm32cubeide_1.12.1_3/plugins/com.st.stm32cube.ide.mcu.externaltools.gnu-tools-for-stm32.11.3.rel1.linux64_1.1.0.202305231506/tools/bin/../lib/gcc/arm-none-eabi/11.3.1/../../../../arm-none-eabi/lib/thumb/v7e-m+fp/hard/libc_nano.a(libc_a-mallocr.o)
                0x00000000200004d0                __malloc_sbrk_start
 .bss.__sf      0x00000000200004d4      0x138 /home/nir/st/stm32cubeide_1.12.1_3/plugins/com.st.stm32cube.ide.mcu.externaltools.gnu-tools-for-stm32.11.3.rel1.linux64_1.1.0.202305231506/tools/bin/../lib/gcc/arm-none-eabi/11.3.1/../../../../arm-none-eabi/lib/thumb/v7e-m+fp/hard/libc_nano.a(libc_a-findfp.o)
                0x00000000200004d4                __sf
 .bss.errno     0x000000002000060c        0x4 /home/nir/st/stm32cubeide_1.12.1_3/plugins/com.st.stm32cube.ide.mcu.externaltools.gnu-tools-for-stm32.11.3.rel1.linux64_1.1.0.202305231506/tools/bin/../lib/gcc/arm-none-eabi/11.3.1/../../../../arm-none-eabi/lib/thumb/v7e-m+fp/hard/libc_nano.a(libc_a-reent.o)
                0x000000002000060c                errno
 .bss.__lock___malloc_recursive_mutex
                0x0000000020000610        0x1 /home/nir/st/stm32cubeide_1.12.1_3/plugins/com.st.stm32cube.ide.mcu.externaltools.gnu-tools-for-stm32.11.3.rel1.linux64_1.1.0.202305231506/tools/bin/../lib/gcc/arm-none-eabi/11.3.1/../../../../arm-none-eabi/lib/thumb/v7e-m+fp/hard/libc_nano.a(libc_a-lock.o)
                0x0000000020000610                __lock___malloc_recursive_mutex
 *(COMMON)
                0x0000000020000614                . = ALIGN (0x4)
 *fill*         0x0000000020000611        0x3 
                0x0000000020000614                _ebss = .
                0x0000000020000614                __bss_end__ = _ebss

._user_heap_stack
                0x0000000020000614      0x604 load address 0x0000000008009744
                0x0000000020000618                . = ALIGN (0x8)
 *fill*         0x0000000020000614        0x4 
                [!provide]                        PROVIDE (end = .)
                0x0000000020000618                PROVIDE (_end = .)
                0x0000000020000818                . = (. + _Min_Heap_Size)
 *fill*         0x0000000020000618      0x200 
                0x0000000020000c18                . = (. + _Min_Stack_Size)
 *fill*         0x0000000020000818      0x400 
                0x0000000020000c18                . = ALIGN (0x8)

/DISCARD/
 libc.a(*)
 libm.a(*)
 libgcc.a(*)

.ARM.attributes
                0x0000000000000000       0x30
 *(.ARM.attributes)
 .ARM.attributes
                0x0000000000000000       0x1e /home/nir/st/stm32cubeide_1.12.1_3/plugins/com.st.stm32cube.ide.mcu.externaltools.gnu-tools-for-stm32.11.3.rel1.linux64_1.1.0.202305231506/tools/bin/../lib/gcc/arm-none-eabi/11.3.1/thumb/v7e-m+fp/hard/crti.o
 .ARM.attributes
                0x000000000000001e       0x34 /home/nir/st/stm32cubeide_1.12.1_3/plugins/com.st.stm32cube.ide.mcu.externaltools.gnu-tools-for-stm32.11.3.rel1.linux64_1.1.0.202305231506/tools/bin/../lib/gcc/arm-none-eabi/11.3.1/thumb/v7e-m+fp/hard/crtbegin.o
 .ARM.attributes
                0x0000000000000052       0x34 ./Core/Src/Imu.o
 .ARM.attributes
                0x0000000000000086       0x34 ./Core/Src/SoulSense.o
 .ARM.attributes
                0x00000000000000ba       0x34 ./Core/Src/adc.o
 .ARM.attributes
                0x00000000000000ee       0x34 ./Core/Src/bno055.o
 .ARM.attributes
                0x0000000000000122       0x34 ./Core/Src/commcontroller.o
 .ARM.attributes
                0x0000000000000156       0x34 ./Core/Src/contact_sensors.o
 .ARM.attributes
                0x000000000000018a       0x34 ./Core/Src/dma.o
 .ARM.attributes
                0x00000000000001be       0x34 ./Core/Src/fdcan.o
 .ARM.attributes
                0x00000000000001f2       0x34 ./Core/Src/gpio.o
 .ARM.attributes
                0x0000000000000226       0x34 ./Core/Src/i2c.o
 .ARM.attributes
                0x000000000000025a       0x34 ./Core/Src/main.o
 .ARM.attributes
                0x000000000000028e       0x34 ./Core/Src/stm32g4xx_hal_msp.o
 .ARM.attributes
                0x00000000000002c2       0x34 ./Core/Src/stm32g4xx_it.o
 .ARM.attributes
                0x00000000000002f6       0x34 ./Core/Src/sysmem.o
 .ARM.attributes
                0x000000000000032a       0x34 ./Core/Src/system_stm32g4xx.o
 .ARM.attributes
                0x000000000000035e       0x34 ./Core/Src/tim.o
 .ARM.attributes
                0x0000000000000392       0x34 ./Core/Src/usart.o
 .ARM.attributes
                0x00000000000003c6       0x34 ./Core/Src/version.o
 .ARM.attributes
                0x00000000000003fa       0x21 ./Core/Startup/startup_stm32g474rbtx.o
 .ARM.attributes
                0x000000000000041b       0x34 ./Drivers/STM32G4xx_HAL_Driver/Src/stm32g4xx_hal.o
 .ARM.attributes
                0x000000000000044f       0x34 ./Drivers/STM32G4xx_HAL_Driver/Src/stm32g4xx_hal_adc.o
 .ARM.attributes
                0x0000000000000483       0x34 ./Drivers/STM32G4xx_HAL_Driver/Src/stm32g4xx_hal_cortex.o
 .ARM.attributes
                0x00000000000004b7       0x34 ./Drivers/STM32G4xx_HAL_Driver/Src/stm32g4xx_hal_dma.o
 .ARM.attributes
                0x00000000000004eb       0x34 ./Drivers/STM32G4xx_HAL_Driver/Src/stm32g4xx_hal_fdcan.o
 .ARM.attributes
                0x000000000000051f       0x34 ./Drivers/STM32G4xx_HAL_Driver/Src/stm32g4xx_hal_gpio.o
 .ARM.attributes
                0x0000000000000553       0x34 ./Drivers/STM32G4xx_HAL_Driver/Src/stm32g4xx_hal_i2c.o
 .ARM.attributes
                0x0000000000000587       0x34 ./Drivers/STM32G4xx_HAL_Driver/Src/stm32g4xx_hal_i2c_ex.o
 .ARM.attributes
                0x00000000000005bb       0x34 ./Drivers/STM32G4xx_HAL_Driver/Src/stm32g4xx_hal_pwr_ex.o
 .ARM.attributes
                0x00000000000005ef       0x34 ./Drivers/STM32G4xx_HAL_Driver/Src/stm32g4xx_hal_rcc.o
 .ARM.attributes
                0x0000000000000623       0x34 ./Drivers/STM32G4xx_HAL_Driver/Src/stm32g4xx_hal_rcc_ex.o
 .ARM.attributes
                0x0000000000000657       0x34 ./Drivers/STM32G4xx_HAL_Driver/Src/stm32g4xx_hal_tim.o
 .ARM.attributes
                0x000000000000068b       0x34 ./Drivers/STM32G4xx_HAL_Driver/Src/stm32g4xx_hal_tim_ex.o
 .ARM.attributes
                0x00000000000006bf       0x34 ./Drivers/STM32G4xx_HAL_Driver/Src/stm32g4xx_hal_uart.o
 .ARM.attributes
                0x00000000000006f3       0x34 ./Drivers/STM32G4xx_HAL_Driver/Src/stm32g4xx_hal_uart_ex.o
 .ARM.attributes
                0x0000000000000727       0x34 /home/nir/st/stm32cubeide_1.12.1_3/plugins/com.st.stm32cube.ide.mcu.externaltools.gnu-tools-for-stm32.11.3.rel1.linux64_1.1.0.202305231506/tools/bin/../lib/gcc/arm-none-eabi/11.3.1/../../../../arm-none-eabi/lib/thumb/v7e-m+fp/hard/libc_nano.a(libc_a-malloc.o)
 .ARM.attributes
                0x000000000000075b       0x34 /home/nir/st/stm32cubeide_1.12.1_3/plugins/com.st.stm32cube.ide.mcu.externaltools.gnu-tools-for-stm32.11.3.rel1.linux64_1.1.0.202305231506/tools/bin/../lib/gcc/arm-none-eabi/11.3.1/../../../../arm-none-eabi/lib/thumb/v7e-m+fp/hard/libc_nano.a(libc_a-mallocr.o)
 .ARM.attributes
                0x000000000000078f       0x34 /home/nir/st/stm32cubeide_1.12.1_3/plugins/com.st.stm32cube.ide.mcu.externaltools.gnu-tools-for-stm32.11.3.rel1.linux64_1.1.0.202305231506/tools/bin/../lib/gcc/arm-none-eabi/11.3.1/../../../../arm-none-eabi/lib/thumb/v7e-m+fp/hard/libc_nano.a(libc_a-mlock.o)
 .ARM.attributes
                0x00000000000007c3       0x34 /home/nir/st/stm32cubeide_1.12.1_3/plugins/com.st.stm32cube.ide.mcu.externaltools.gnu-tools-for-stm32.11.3.rel1.linux64_1.1.0.202305231506/tools/bin/../lib/gcc/arm-none-eabi/11.3.1/../../../../arm-none-eabi/lib/thumb/v7e-m+fp/hard/libc_nano.a(libc_a-findfp.o)
 .ARM.attributes
                0x00000000000007f7       0x34 /home/nir/st/stm32cubeide_1.12.1_3/plugins/com.st.stm32cube.ide.mcu.externaltools.gnu-tools-for-stm32.11.3.rel1.linux64_1.1.0.202305231506/tools/bin/../lib/gcc/arm-none-eabi/11.3.1/../../../../arm-none-eabi/lib/thumb/v7e-m+fp/hard/libc_nano.a(libc_a-memset.o)
 .ARM.attributes
                0x000000000000082b       0x34 /home/nir/st/stm32cubeide_1.12.1_3/plugins/com.st.stm32cube.ide.mcu.externaltools.gnu-tools-for-stm32.11.3.rel1.linux64_1.1.0.202305231506/tools/bin/../lib/gcc/arm-none-eabi/11.3.1/../../../../arm-none-eabi/lib/thumb/v7e-m+fp/hard/libc_nano.a(libc_a-reent.o)
 .ARM.attributes
                0x000000000000085f       0x34 /home/nir/st/stm32cubeide_1.12.1_3/plugins/com.st.stm32cube.ide.mcu.externaltools.gnu-tools-for-stm32.11.3.rel1.linux64_1.1.0.202305231506/tools/bin/../lib/gcc/arm-none-eabi/11.3.1/../../../../arm-none-eabi/lib/thumb/v7e-m+fp/hard/libc_nano.a(libc_a-impure.o)
 .ARM.attributes
                0x0000000000000893       0x34 /home/nir/st/stm32cubeide_1.12.1_3/plugins/com.st.stm32cube.ide.mcu.externaltools.gnu-tools-for-stm32.11.3.rel1.linux64_1.1.0.202305231506/tools/bin/../lib/gcc/arm-none-eabi/11.3.1/../../../../arm-none-eabi/lib/thumb/v7e-m+fp/hard/libc_nano.a(libc_a-sbrkr.o)
 .ARM.attributes
                0x00000000000008c7       0x34 /home/nir/st/stm32cubeide_1.12.1_3/plugins/com.st.stm32cube.ide.mcu.externaltools.gnu-tools-for-stm32.11.3.rel1.linux64_1.1.0.202305231506/tools/bin/../lib/gcc/arm-none-eabi/11.3.1/../../../../arm-none-eabi/lib/thumb/v7e-m+fp/hard/libc_nano.a(libc_a-errno.o)
 .ARM.attributes
                0x00000000000008fb       0x34 /home/nir/st/stm32cubeide_1.12.1_3/plugins/com.st.stm32cube.ide.mcu.externaltools.gnu-tools-for-stm32.11.3.rel1.linux64_1.1.0.202305231506/tools/bin/../lib/gcc/arm-none-eabi/11.3.1/../../../../arm-none-eabi/lib/thumb/v7e-m+fp/hard/libc_nano.a(libc_a-init.o)
 .ARM.attributes
                0x000000000000092f       0x34 /home/nir/st/stm32cubeide_1.12.1_3/plugins/com.st.stm32cube.ide.mcu.externaltools.gnu-tools-for-stm32.11.3.rel1.linux64_1.1.0.202305231506/tools/bin/../lib/gcc/arm-none-eabi/11.3.1/../../../../arm-none-eabi/lib/thumb/v7e-m+fp/hard/libc_nano.a(libc_a-lock.o)
 .ARM.attributes
                0x0000000000000963       0x34 /home/nir/st/stm32cubeide_1.12.1_3/plugins/com.st.stm32cube.ide.mcu.externaltools.gnu-tools-for-stm32.11.3.rel1.linux64_1.1.0.202305231506/tools/bin/../lib/gcc/arm-none-eabi/11.3.1/../../../../arm-none-eabi/lib/thumb/v7e-m+fp/hard/libc_nano.a(libc_a-memcpy-stub.o)
 .ARM.attributes
                0x0000000000000997       0x1e /home/nir/st/stm32cubeide_1.12.1_3/plugins/com.st.stm32cube.ide.mcu.externaltools.gnu-tools-for-stm32.11.3.rel1.linux64_1.1.0.202305231506/tools/bin/../lib/gcc/arm-none-eabi/11.3.1/thumb/v7e-m+fp/hard/libgcc.a(_aeabi_uldivmod.o)
 .ARM.attributes
                0x00000000000009b5       0x34 /home/nir/st/stm32cubeide_1.12.1_3/plugins/com.st.stm32cube.ide.mcu.externaltools.gnu-tools-for-stm32.11.3.rel1.linux64_1.1.0.202305231506/tools/bin/../lib/gcc/arm-none-eabi/11.3.1/thumb/v7e-m+fp/hard/libgcc.a(_udivmoddi4.o)
 .ARM.attributes
                0x00000000000009e9       0x1e /home/nir/st/stm32cubeide_1.12.1_3/plugins/com.st.stm32cube.ide.mcu.externaltools.gnu-tools-for-stm32.11.3.rel1.linux64_1.1.0.202305231506/tools/bin/../lib/gcc/arm-none-eabi/11.3.1/thumb/v7e-m+fp/hard/libgcc.a(_dvmd_tls.o)
 .ARM.attributes
                0x0000000000000a07       0x1e /home/nir/st/stm32cubeide_1.12.1_3/plugins/com.st.stm32cube.ide.mcu.externaltools.gnu-tools-for-stm32.11.3.rel1.linux64_1.1.0.202305231506/tools/bin/../lib/gcc/arm-none-eabi/11.3.1/thumb/v7e-m+fp/hard/crtn.o
OUTPUT(SoulSense2.elf elf32-littlearm)
LOAD linker stubs
LOAD /home/nir/st/stm32cubeide_1.12.1_3/plugins/com.st.stm32cube.ide.mcu.externaltools.gnu-tools-for-stm32.11.3.rel1.linux64_1.1.0.202305231506/tools/bin/../lib/gcc/arm-none-eabi/11.3.1/../../../../arm-none-eabi/lib/thumb/v7e-m+fp/hard/libc.a
LOAD /home/nir/st/stm32cubeide_1.12.1_3/plugins/com.st.stm32cube.ide.mcu.externaltools.gnu-tools-for-stm32.11.3.rel1.linux64_1.1.0.202305231506/tools/bin/../lib/gcc/arm-none-eabi/11.3.1/../../../../arm-none-eabi/lib/thumb/v7e-m+fp/hard/libm.a
LOAD /home/nir/st/stm32cubeide_1.12.1_3/plugins/com.st.stm32cube.ide.mcu.externaltools.gnu-tools-for-stm32.11.3.rel1.linux64_1.1.0.202305231506/tools/bin/../lib/gcc/arm-none-eabi/11.3.1/thumb/v7e-m+fp/hard/libgcc.a

.comment        0x0000000000000000       0x43
 .comment       0x0000000000000000       0x43 /home/nir/st/stm32cubeide_1.12.1_3/plugins/com.st.stm32cube.ide.mcu.externaltools.gnu-tools-for-stm32.11.3.rel1.linux64_1.1.0.202305231506/tools/bin/../lib/gcc/arm-none-eabi/11.3.1/thumb/v7e-m+fp/hard/crtbegin.o
                                         0x44 (size before relaxing)
 .comment       0x0000000000000043       0x44 ./Core/Src/Imu.o
 .comment       0x0000000000000043       0x44 ./Core/Src/SoulSense.o
 .comment       0x0000000000000043       0x44 ./Core/Src/adc.o
 .comment       0x0000000000000043       0x44 ./Core/Src/bno055.o
 .comment       0x0000000000000043       0x44 ./Core/Src/commcontroller.o
 .comment       0x0000000000000043       0x44 ./Core/Src/contact_sensors.o
 .comment       0x0000000000000043       0x44 ./Core/Src/dma.o
 .comment       0x0000000000000043       0x44 ./Core/Src/fdcan.o
 .comment       0x0000000000000043       0x44 ./Core/Src/gpio.o
 .comment       0x0000000000000043       0x44 ./Core/Src/i2c.o
 .comment       0x0000000000000043       0x44 ./Core/Src/main.o
 .comment       0x0000000000000043       0x44 ./Core/Src/stm32g4xx_hal_msp.o
 .comment       0x0000000000000043       0x44 ./Core/Src/stm32g4xx_it.o
 .comment       0x0000000000000043       0x44 ./Core/Src/sysmem.o
 .comment       0x0000000000000043       0x44 ./Core/Src/system_stm32g4xx.o
 .comment       0x0000000000000043       0x44 ./Core/Src/tim.o
 .comment       0x0000000000000043       0x44 ./Core/Src/usart.o
 .comment       0x0000000000000043       0x44 ./Core/Src/version.o
 .comment       0x0000000000000043       0x44 ./Drivers/STM32G4xx_HAL_Driver/Src/stm32g4xx_hal.o
 .comment       0x0000000000000043       0x44 ./Drivers/STM32G4xx_HAL_Driver/Src/stm32g4xx_hal_adc.o
 .comment       0x0000000000000043       0x44 ./Drivers/STM32G4xx_HAL_Driver/Src/stm32g4xx_hal_cortex.o
 .comment       0x0000000000000043       0x44 ./Drivers/STM32G4xx_HAL_Driver/Src/stm32g4xx_hal_dma.o
 .comment       0x0000000000000043       0x44 ./Drivers/STM32G4xx_HAL_Driver/Src/stm32g4xx_hal_fdcan.o
 .comment       0x0000000000000043       0x44 ./Drivers/STM32G4xx_HAL_Driver/Src/stm32g4xx_hal_gpio.o
 .comment       0x0000000000000043       0x44 ./Drivers/STM32G4xx_HAL_Driver/Src/stm32g4xx_hal_i2c.o
 .comment       0x0000000000000043       0x44 ./Drivers/STM32G4xx_HAL_Driver/Src/stm32g4xx_hal_i2c_ex.o
 .comment       0x0000000000000043       0x44 ./Drivers/STM32G4xx_HAL_Driver/Src/stm32g4xx_hal_pwr_ex.o
 .comment       0x0000000000000043       0x44 ./Drivers/STM32G4xx_HAL_Driver/Src/stm32g4xx_hal_rcc.o
 .comment       0x0000000000000043       0x44 ./Drivers/STM32G4xx_HAL_Driver/Src/stm32g4xx_hal_rcc_ex.o
 .comment       0x0000000000000043       0x44 ./Drivers/STM32G4xx_HAL_Driver/Src/stm32g4xx_hal_tim.o
 .comment       0x0000000000000043       0x44 ./Drivers/STM32G4xx_HAL_Driver/Src/stm32g4xx_hal_tim_ex.o
 .comment       0x0000000000000043       0x44 ./Drivers/STM32G4xx_HAL_Driver/Src/stm32g4xx_hal_uart.o
 .comment       0x0000000000000043       0x44 ./Drivers/STM32G4xx_HAL_Driver/Src/stm32g4xx_hal_uart_ex.o

.debug_info     0x0000000000000000    0x23cba
 .debug_info    0x0000000000000000     0x1311 ./Core/Src/Imu.o
 .debug_info    0x0000000000001311     0x1807 ./Core/Src/SoulSense.o
 .debug_info    0x0000000000002b18      0xf25 ./Core/Src/adc.o
 .debug_info    0x0000000000003a3d     0x2107 ./Core/Src/bno055.o
 .debug_info    0x0000000000005b44      0xaab ./Core/Src/commcontroller.o
 .debug_info    0x00000000000065ef      0x990 ./Core/Src/contact_sensors.o
 .debug_info    0x0000000000006f7f      0x5ac ./Core/Src/dma.o
 .debug_info    0x000000000000752b      0xe58 ./Core/Src/fdcan.o
 .debug_info    0x0000000000008383      0x463 ./Core/Src/gpio.o
 .debug_info    0x00000000000087e6      0xcb2 ./Core/Src/i2c.o
 .debug_info    0x0000000000009498     0x25ca ./Core/Src/main.o
 .debug_info    0x000000000000ba62      0x2d1 ./Core/Src/stm32g4xx_hal_msp.o
 .debug_info    0x000000000000bd33      0xd85 ./Core/Src/stm32g4xx_it.o
 .debug_info    0x000000000000cab8      0x168 ./Core/Src/sysmem.o
 .debug_info    0x000000000000cc20      0x58e ./Core/Src/system_stm32g4xx.o
 .debug_info    0x000000000000d1ae      0xe9e ./Core/Src/tim.o
 .debug_info    0x000000000000e04c      0xd80 ./Core/Src/usart.o
 .debug_info    0x000000000000edcc       0xe8 ./Core/Src/version.o
 .debug_info    0x000000000000eeb4       0x23 ./Core/Startup/startup_stm32g474rbtx.o
 .debug_info    0x000000000000eed7      0xb53 ./Drivers/STM32G4xx_HAL_Driver/Src/stm32g4xx_hal.o
 .debug_info    0x000000000000fa2a     0x203d ./Drivers/STM32G4xx_HAL_Driver/Src/stm32g4xx_hal_adc.o
 .debug_info    0x0000000000011a67      0xdad ./Drivers/STM32G4xx_HAL_Driver/Src/stm32g4xx_hal_cortex.o
 .debug_info    0x0000000000012814      0x85f ./Drivers/STM32G4xx_HAL_Driver/Src/stm32g4xx_hal_dma.o
 .debug_info    0x0000000000013073     0x186b ./Drivers/STM32G4xx_HAL_Driver/Src/stm32g4xx_hal_fdcan.o
 .debug_info    0x00000000000148de      0x763 ./Drivers/STM32G4xx_HAL_Driver/Src/stm32g4xx_hal_gpio.o
 .debug_info    0x0000000000015041     0x20ca ./Drivers/STM32G4xx_HAL_Driver/Src/stm32g4xx_hal_i2c.o
 .debug_info    0x000000000001710b      0xac8 ./Drivers/STM32G4xx_HAL_Driver/Src/stm32g4xx_hal_i2c_ex.o
 .debug_info    0x0000000000017bd3      0x93f ./Drivers/STM32G4xx_HAL_Driver/Src/stm32g4xx_hal_pwr_ex.o
 .debug_info    0x0000000000018512      0xbe0 ./Drivers/STM32G4xx_HAL_Driver/Src/stm32g4xx_hal_rcc.o
 .debug_info    0x00000000000190f2      0xc45 ./Drivers/STM32G4xx_HAL_Driver/Src/stm32g4xx_hal_rcc_ex.o
 .debug_info    0x0000000000019d37     0x2bfd ./Drivers/STM32G4xx_HAL_Driver/Src/stm32g4xx_hal_tim.o
 .debug_info    0x000000000001c934     0x1d63 ./Drivers/STM32G4xx_HAL_Driver/Src/stm32g4xx_hal_tim_ex.o
 .debug_info    0x000000000001e697     0x46a0 ./Drivers/STM32G4xx_HAL_Driver/Src/stm32g4xx_hal_uart.o
 .debug_info    0x0000000000022d37      0xf83 ./Drivers/STM32G4xx_HAL_Driver/Src/stm32g4xx_hal_uart_ex.o

.debug_abbrev   0x0000000000000000     0x4419
 .debug_abbrev  0x0000000000000000      0x261 ./Core/Src/Imu.o
 .debug_abbrev  0x0000000000000261      0x23d ./Core/Src/SoulSense.o
 .debug_abbrev  0x000000000000049e      0x1fd ./Core/Src/adc.o
 .debug_abbrev  0x000000000000069b      0x2a8 ./Core/Src/bno055.o
 .debug_abbrev  0x0000000000000943      0x1da ./Core/Src/commcontroller.o
 .debug_abbrev  0x0000000000000b1d      0x1c5 ./Core/Src/contact_sensors.o
 .debug_abbrev  0x0000000000000ce2      0x109 ./Core/Src/dma.o
 .debug_abbrev  0x0000000000000deb      0x1d2 ./Core/Src/fdcan.o
 .debug_abbrev  0x0000000000000fbd      0x152 ./Core/Src/gpio.o
 .debug_abbrev  0x000000000000110f      0x213 ./Core/Src/i2c.o
 .debug_abbrev  0x0000000000001322      0x334 ./Core/Src/main.o
 .debug_abbrev  0x0000000000001656       0xc6 ./Core/Src/stm32g4xx_hal_msp.o
 .debug_abbrev  0x000000000000171c      0x1c2 ./Core/Src/stm32g4xx_it.o
 .debug_abbrev  0x00000000000018de       0xbc ./Core/Src/sysmem.o
 .debug_abbrev  0x000000000000199a      0x11a ./Core/Src/system_stm32g4xx.o
 .debug_abbrev  0x0000000000001ab4      0x21f ./Core/Src/tim.o
 .debug_abbrev  0x0000000000001cd3      0x20d ./Core/Src/usart.o
 .debug_abbrev  0x0000000000001ee0       0xa2 ./Core/Src/version.o
 .debug_abbrev  0x0000000000001f82       0x12 ./Core/Startup/startup_stm32g474rbtx.o
 .debug_abbrev  0x0000000000001f94      0x271 ./Drivers/STM32G4xx_HAL_Driver/Src/stm32g4xx_hal.o
 .debug_abbrev  0x0000000000002205      0x2d3 ./Drivers/STM32G4xx_HAL_Driver/Src/stm32g4xx_hal_adc.o
 .debug_abbrev  0x00000000000024d8      0x31c ./Drivers/STM32G4xx_HAL_Driver/Src/stm32g4xx_hal_cortex.o
 .debug_abbrev  0x00000000000027f4      0x1e2 ./Drivers/STM32G4xx_HAL_Driver/Src/stm32g4xx_hal_dma.o
 .debug_abbrev  0x00000000000029d6      0x1de ./Drivers/STM32G4xx_HAL_Driver/Src/stm32g4xx_hal_fdcan.o
 .debug_abbrev  0x0000000000002bb4      0x1cb ./Drivers/STM32G4xx_HAL_Driver/Src/stm32g4xx_hal_gpio.o
 .debug_abbrev  0x0000000000002d7f      0x258 ./Drivers/STM32G4xx_HAL_Driver/Src/stm32g4xx_hal_i2c.o
 .debug_abbrev  0x0000000000002fd7      0x1c0 ./Drivers/STM32G4xx_HAL_Driver/Src/stm32g4xx_hal_i2c_ex.o
 .debug_abbrev  0x0000000000003197      0x22c ./Drivers/STM32G4xx_HAL_Driver/Src/stm32g4xx_hal_pwr_ex.o
 .debug_abbrev  0x00000000000033c3      0x2c9 ./Drivers/STM32G4xx_HAL_Driver/Src/stm32g4xx_hal_rcc.o
 .debug_abbrev  0x000000000000368c      0x258 ./Drivers/STM32G4xx_HAL_Driver/Src/stm32g4xx_hal_rcc_ex.o
 .debug_abbrev  0x00000000000038e4      0x2a0 ./Drivers/STM32G4xx_HAL_Driver/Src/stm32g4xx_hal_tim.o
 .debug_abbrev  0x0000000000003b84      0x2be ./Drivers/STM32G4xx_HAL_Driver/Src/stm32g4xx_hal_tim_ex.o
 .debug_abbrev  0x0000000000003e42      0x304 ./Drivers/STM32G4xx_HAL_Driver/Src/stm32g4xx_hal_uart.o
 .debug_abbrev  0x0000000000004146      0x2d3 ./Drivers/STM32G4xx_HAL_Driver/Src/stm32g4xx_hal_uart_ex.o

.debug_aranges  0x0000000000000000     0x1ab0
 .debug_aranges
                0x0000000000000000       0x38 ./Core/Src/Imu.o
 .debug_aranges
                0x0000000000000038       0x28 ./Core/Src/SoulSense.o
 .debug_aranges
                0x0000000000000060       0x30 ./Core/Src/adc.o
 .debug_aranges
                0x0000000000000090      0x170 ./Core/Src/bno055.o
 .debug_aranges
                0x0000000000000200       0x38 ./Core/Src/commcontroller.o
 .debug_aranges
                0x0000000000000238       0x28 ./Core/Src/contact_sensors.o
 .debug_aranges
                0x0000000000000260       0x20 ./Core/Src/dma.o
 .debug_aranges
                0x0000000000000280       0x30 ./Core/Src/fdcan.o
 .debug_aranges
                0x00000000000002b0       0x20 ./Core/Src/gpio.o
 .debug_aranges
                0x00000000000002d0       0x30 ./Core/Src/i2c.o
 .debug_aranges
                0x0000000000000300       0x40 ./Core/Src/main.o
 .debug_aranges
                0x0000000000000340       0x20 ./Core/Src/stm32g4xx_hal_msp.o
 .debug_aranges
                0x0000000000000360       0x78 ./Core/Src/stm32g4xx_it.o
 .debug_aranges
                0x00000000000003d8       0x20 ./Core/Src/sysmem.o
 .debug_aranges
                0x00000000000003f8       0x28 ./Core/Src/system_stm32g4xx.o
 .debug_aranges
                0x0000000000000420       0x30 ./Core/Src/tim.o
 .debug_aranges
                0x0000000000000450       0x30 ./Core/Src/usart.o
 .debug_aranges
                0x0000000000000480       0x20 ./Core/Src/version.o
 .debug_aranges
                0x00000000000004a0       0x28 ./Core/Startup/startup_stm32g474rbtx.o
 .debug_aranges
                0x00000000000004c8      0x130 ./Drivers/STM32G4xx_HAL_Driver/Src/stm32g4xx_hal.o
 .debug_aranges
                0x00000000000005f8      0x248 ./Drivers/STM32G4xx_HAL_Driver/Src/stm32g4xx_hal_adc.o
 .debug_aranges
                0x0000000000000840      0x118 ./Drivers/STM32G4xx_HAL_Driver/Src/stm32g4xx_hal_cortex.o
 .debug_aranges
                0x0000000000000958       0x90 ./Drivers/STM32G4xx_HAL_Driver/Src/stm32g4xx_hal_dma.o
 .debug_aranges
                0x00000000000009e8      0x208 ./Drivers/STM32G4xx_HAL_Driver/Src/stm32g4xx_hal_fdcan.o
 .debug_aranges
                0x0000000000000bf0       0x58 ./Drivers/STM32G4xx_HAL_Driver/Src/stm32g4xx_hal_gpio.o
 .debug_aranges
                0x0000000000000c48      0x290 ./Drivers/STM32G4xx_HAL_Driver/Src/stm32g4xx_hal_i2c.o
 .debug_aranges
                0x0000000000000ed8       0x48 ./Drivers/STM32G4xx_HAL_Driver/Src/stm32g4xx_hal_i2c_ex.o
 .debug_aranges
                0x0000000000000f20      0x140 ./Drivers/STM32G4xx_HAL_Driver/Src/stm32g4xx_hal_pwr_ex.o
 .debug_aranges
                0x0000000000001060       0x98 ./Drivers/STM32G4xx_HAL_Driver/Src/stm32g4xx_hal_rcc.o
 .debug_aranges
                0x00000000000010f8       0xb0 ./Drivers/STM32G4xx_HAL_Driver/Src/stm32g4xx_hal_rcc_ex.o
 .debug_aranges
                0x00000000000011a8      0x3e0 ./Drivers/STM32G4xx_HAL_Driver/Src/stm32g4xx_hal_tim.o
 .debug_aranges
                0x0000000000001588      0x240 ./Drivers/STM32G4xx_HAL_Driver/Src/stm32g4xx_hal_tim_ex.o
 .debug_aranges
                0x00000000000017c8      0x248 ./Drivers/STM32G4xx_HAL_Driver/Src/stm32g4xx_hal_uart.o
 .debug_aranges
                0x0000000000001a10       0xa0 ./Drivers/STM32G4xx_HAL_Driver/Src/stm32g4xx_hal_uart_ex.o

.debug_rnglists
                0x0000000000000000     0x14b5
 .debug_rnglists
                0x0000000000000000       0x26 ./Core/Src/Imu.o
 .debug_rnglists
                0x0000000000000026       0x1a ./Core/Src/SoulSense.o
 .debug_rnglists
                0x0000000000000040       0x21 ./Core/Src/adc.o
 .debug_rnglists
                0x0000000000000061      0x132 ./Core/Src/bno055.o
 .debug_rnglists
                0x0000000000000193       0x27 ./Core/Src/commcontroller.o
 .debug_rnglists
                0x00000000000001ba       0x1a ./Core/Src/contact_sensors.o
 .debug_rnglists
                0x00000000000001d4       0x13 ./Core/Src/dma.o
 .debug_rnglists
                0x00000000000001e7       0x21 ./Core/Src/fdcan.o
 .debug_rnglists
                0x0000000000000208       0x14 ./Core/Src/gpio.o
 .debug_rnglists
                0x000000000000021c       0x21 ./Core/Src/i2c.o
 .debug_rnglists
                0x000000000000023d       0x2d ./Core/Src/main.o
 .debug_rnglists
                0x000000000000026a       0x13 ./Core/Src/stm32g4xx_hal_msp.o
 .debug_rnglists
                0x000000000000027d       0x55 ./Core/Src/stm32g4xx_it.o
 .debug_rnglists
                0x00000000000002d2       0x13 ./Core/Src/sysmem.o
 .debug_rnglists
                0x00000000000002e5       0x1a ./Core/Src/system_stm32g4xx.o
 .debug_rnglists
                0x00000000000002ff       0x20 ./Core/Src/tim.o
 .debug_rnglists
                0x000000000000031f       0x21 ./Core/Src/usart.o
 .debug_rnglists
                0x0000000000000340       0x13 ./Core/Src/version.o
 .debug_rnglists
                0x0000000000000353       0x19 ./Core/Startup/startup_stm32g474rbtx.o
 .debug_rnglists
                0x000000000000036c       0xdf ./Drivers/STM32G4xx_HAL_Driver/Src/stm32g4xx_hal.o
 .debug_rnglists
                0x000000000000044b      0x1c0 ./Drivers/STM32G4xx_HAL_Driver/Src/stm32g4xx_hal_adc.o
 .debug_rnglists
                0x000000000000060b       0xce ./Drivers/STM32G4xx_HAL_Driver/Src/stm32g4xx_hal_cortex.o
 .debug_rnglists
                0x00000000000006d9       0x71 ./Drivers/STM32G4xx_HAL_Driver/Src/stm32g4xx_hal_dma.o
 .debug_rnglists
                0x000000000000074a      0x18d ./Drivers/STM32G4xx_HAL_Driver/Src/stm32g4xx_hal_fdcan.o
 .debug_rnglists
                0x00000000000008d7       0x3f ./Drivers/STM32G4xx_HAL_Driver/Src/stm32g4xx_hal_gpio.o
 .debug_rnglists
                0x0000000000000916      0x219 ./Drivers/STM32G4xx_HAL_Driver/Src/stm32g4xx_hal_i2c.o
 .debug_rnglists
                0x0000000000000b2f       0x35 ./Drivers/STM32G4xx_HAL_Driver/Src/stm32g4xx_hal_i2c_ex.o
 .debug_rnglists