Archive member included to satisfy reference by file (symbol)

/home/nir/st/stm32cubeide_1.12.1_3/plugins/com.st.stm32cube.ide.mcu.externaltools.gnu-tools-for-stm32.11.3.rel1.linux64_1.1.0.202305231506/tools/bin/../lib/gcc/arm-none-eabi/11.3.1/../../../../arm-none-eabi/lib/thumb/v7e-m+fp/hard/libc_nano.a(libc_a-exit.o)
                              /home/nir/st/stm32cubeide_1.12.1_3/plugins/com.st.stm32cube.ide.mcu.externaltools.gnu-tools-for-stm32.11.3.rel1.linux64_1.1.0.202305231506/tools/bin/../lib/gcc/arm-none-eabi/11.3.1/../../../../arm-none-eabi/lib/thumb/v7e-m+fp/hard/crt0.o (exit)
/home/nir/st/stm32cubeide_1.12.1_3/plugins/com.st.stm32cube.ide.mcu.externaltools.gnu-tools-for-stm32.11.3.rel1.linux64_1.1.0.202305231506/tools/bin/../lib/gcc/arm-none-eabi/11.3.1/../../../../arm-none-eabi/lib/thumb/v7e-m+fp/hard/libc_nano.a(libc_a-malloc.o)
                              ./Core/Src/Imu.o (malloc)
/home/nir/st/stm32cubeide_1.12.1_3/plugins/com.st.stm32cube.ide.mcu.externaltools.gnu-tools-for-stm32.11.3.rel1.linux64_1.1.0.202305231506/tools/bin/../lib/gcc/arm-none-eabi/11.3.1/../../../../arm-none-eabi/lib/thumb/v7e-m+fp/hard/libc_nano.a(libc_a-mallocr.o)
                              /home/nir/st/stm32cubeide_1.12.1_3/plugins/com.st.stm32cube.ide.mcu.externaltools.gnu-tools-for-stm32.11.3.rel1.linux64_1.1.0.202305231506/tools/bin/../lib/gcc/arm-none-eabi/11.3.1/../../../../arm-none-eabi/lib/thumb/v7e-m+fp/hard/libc_nano.a(libc_a-malloc.o) (_malloc_r)
/home/nir/st/stm32cubeide_1.12.1_3/plugins/com.st.stm32cube.ide.mcu.externaltools.gnu-tools-for-stm32.11.3.rel1.linux64_1.1.0.202305231506/tools/bin/../lib/gcc/arm-none-eabi/11.3.1/../../../../arm-none-eabi/lib/thumb/v7e-m+fp/hard/libc_nano.a(libc_a-mlock.o)
                              /home/nir/st/stm32cubeide_1.12.1_3/plugins/com.st.stm32cube.ide.mcu.externaltools.gnu-tools-for-stm32.11.3.rel1.linux64_1.1.0.202305231506/tools/bin/../lib/gcc/arm-none-eabi/11.3.1/../../../../arm-none-eabi/lib/thumb/v7e-m+fp/hard/libc_nano.a(libc_a-mallocr.o) (__malloc_lock)
/home/nir/st/stm32cubeide_1.12.1_3/plugins/com.st.stm32cube.ide.mcu.externaltools.gnu-tools-for-stm32.11.3.rel1.linux64_1.1.0.202305231506/tools/bin/../lib/gcc/arm-none-eabi/11.3.1/../../../../arm-none-eabi/lib/thumb/v7e-m+fp/hard/libc_nano.a(libc_a-findfp.o)
                              /home/nir/st/stm32cubeide_1.12.1_3/plugins/com.st.stm32cube.ide.mcu.externaltools.gnu-tools-for-stm32.11.3.rel1.linux64_1.1.0.202305231506/tools/bin/../lib/gcc/arm-none-eabi/11.3.1/../../../../arm-none-eabi/lib/thumb/v7e-m+fp/hard/libc_nano.a(libc_a-exit.o) (__stdio_exit_handler)
/home/nir/st/stm32cubeide_1.12.1_3/plugins/com.st.stm32cube.ide.mcu.externaltools.gnu-tools-for-stm32.11.3.rel1.linux64_1.1.0.202305231506/tools/bin/../lib/gcc/arm-none-eabi/11.3.1/../../../../arm-none-eabi/lib/thumb/v7e-m+fp/hard/libc_nano.a(libc_a-fwalk.o)
                              /home/nir/st/stm32cubeide_1.12.1_3/plugins/com.st.stm32cube.ide.mcu.externaltools.gnu-tools-for-stm32.11.3.rel1.linux64_1.1.0.202305231506/tools/bin/../lib/gcc/arm-none-eabi/11.3.1/../../../../arm-none-eabi/lib/thumb/v7e-m+fp/hard/libc_nano.a(libc_a-findfp.o) (_fwalk_sglue)
/home/nir/st/stm32cubeide_1.12.1_3/plugins/com.st.stm32cube.ide.mcu.externaltools.gnu-tools-for-stm32.11.3.rel1.linux64_1.1.0.202305231506/tools/bin/../lib/gcc/arm-none-eabi/11.3.1/../../../../arm-none-eabi/lib/thumb/v7e-m+fp/hard/libc_nano.a(libc_a-stdio.o)
                              /home/nir/st/stm32cubeide_1.12.1_3/plugins/com.st.stm32cube.ide.mcu.externaltools.gnu-tools-for-stm32.11.3.rel1.linux64_1.1.0.202305231506/tools/bin/../lib/gcc/arm-none-eabi/11.3.1/../../../../arm-none-eabi/lib/thumb/v7e-m+fp/hard/libc_nano.a(libc_a-findfp.o) (__sread)
/home/nir/st/stm32cubeide_1.12.1_3/plugins/com.st.stm32cube.ide.mcu.externaltools.gnu-tools-for-stm32.11.3.rel1.linux64_1.1.0.202305231506/tools/bin/../lib/gcc/arm-none-eabi/11.3.1/../../../../arm-none-eabi/lib/thumb/v7e-m+fp/hard/libc_nano.a(libc_a-memset.o)
                              /home/nir/st/stm32cubeide_1.12.1_3/plugins/com.st.stm32cube.ide.mcu.externaltools.gnu-tools-for-stm32.11.3.rel1.linux64_1.1.0.202305231506/tools/bin/../lib/gcc/arm-none-eabi/11.3.1/../../../../arm-none-eabi/lib/thumb/v7e-m+fp/hard/crt0.o (memset)
/home/nir/st/stm32cubeide_1.12.1_3/plugins/com.st.stm32cube.ide.mcu.externaltools.gnu-tools-for-stm32.11.3.rel1.linux64_1.1.0.202305231506/tools/bin/../lib/gcc/arm-none-eabi/11.3.1/../../../../arm-none-eabi/lib/thumb/v7e-m+fp/hard/libc_nano.a(libc_a-closer.o)
                              /home/nir/st/stm32cubeide_1.12.1_3/plugins/com.st.stm32cube.ide.mcu.externaltools.gnu-tools-for-stm32.11.3.rel1.linux64_1.1.0.202305231506/tools/bin/../lib/gcc/arm-none-eabi/11.3.1/../../../../arm-none-eabi/lib/thumb/v7e-m+fp/hard/libc_nano.a(libc_a-stdio.o) (_close_r)
[...]
Memory Configuration

Name             Origin             Length             Attributes
RAM              0x0000000020000000 0x0000000000020000 xrw
FLASH            0x0000000008000000 0x0000000000020000 xr
*default*        0x0000000000000000 0xffffffffffffffff

Linker script and memory map

LOAD /home/nir/st/stm32cubeide_1.12.1_3/plugins/com.st.stm32cube.ide.mcu.externaltools.gnu-tools-for-stm32.11.3.rel1.linux64_1.1.0.202305231506/tools/bin/../lib/gcc/arm-none-eabi/11.3.1/thumb/v7e-m+fp/hard/crti.o
LOAD /home/nir/st/stm32cubeide_1.12.1_3/plugins/com.st.stm32cube.ide.mcu.externaltools.gnu-tools-for-stm32.11.3.rel1.linux64_1.1.0.202305231506/tools/bin/../lib/gcc/arm-none-eabi/11.3.1/thumb/v7e-m+fp/hard/crtbegin.o
LOAD /home/nir/st/stm32cubeide_1.12.1_3/plugins/com.st.stm32cube.ide.mcu.externaltools.gnu-tools-for-stm32.11.3.rel1.linux64_1.1.0.202305231506/tools/bin/../lib/gcc/arm-none-eabi/11.3.1/../../../../arm-none-eabi/lib/thumb/v7e-m+fp/hard/crt0.o
LOAD ./Core/Src/Imu.o
LOAD ./Core/Src/SoulSense.o
LOAD ./Core/Src/adc.o
LOAD ./Core/Src/bno055.o
LOAD ./Core/Src/commcontroller.o
LOAD ./Core/Src/contact_sensors.o
LOAD ./Core/Src/dma.o
LOAD ./Core/Src/fdcan.o
LOAD ./Core/Src/gpio.o
LOAD ./Core/Src/i2c.o
LOAD ./Core/Src/main.o
LOAD ./Core/Src/stm32g4xx_hal_msp.o
LOAD ./Core/Src/stm32g4xx_it.o
LOAD ./Core/Src/syscalls.o
LOAD ./Core/Src/sysmem.o
LOAD ./Core/Src/system_stm32g4xx.o
LOAD ./Core/Src/tim.o
LOAD ./Core/Src/usart.o
LOAD ./Core/Src/version.o
LOAD ./Core/Startup/startup_stm32g474rbtx.o
LOAD ./Drivers/STM32G4xx_HAL_Driver/Src/stm32g4xx_hal.o
LOAD ./Drivers/STM32G4xx_HAL_Driver/Src/stm32g4xx_hal_adc.o
LOAD ./Drivers/STM32G4xx_HAL_Driver/Src/stm32g4xx_hal_adc_ex.o
LOAD ./Drivers/STM32G4xx_HAL_Driver/Src/stm32g4xx_hal_cortex.o
LOAD ./Drivers/STM32G4xx_HAL_Driver/Src/stm32g4xx_hal_dma.o
LOAD ./Drivers/STM32G4xx_HAL_Driver/Src/stm32g4xx_hal_dma_ex.o
LOAD ./Drivers/STM32G4xx_HAL_Driver/Src/stm32g4xx_hal_exti.o
LOAD ./Drivers/STM32G4xx_HAL_Driver/Src/stm32g4xx_hal_fdcan.o
LOAD ./Drivers/STM32G4xx_HAL_Driver/Src/stm32g4xx_hal_flash.o
LOAD ./Drivers/STM32G4xx_HAL_Driver/Src/stm32g4xx_hal_flash_ex.o
LOAD ./Drivers/STM32G4xx_HAL_Driver/Src/stm32g4xx_hal_flash_ramfunc.o
LOAD ./Drivers/STM32G4xx_HAL_Driver/Src/stm32g4xx_hal_gpio.o
LOAD ./Drivers/STM32G4xx_HAL_Driver/Src/stm32g4xx_hal_i2c.o
LOAD ./Drivers/STM32G4xx_HAL_Driver/Src/stm32g4xx_hal_i2c_ex.o
LOAD ./Drivers/STM32G4xx_HAL_Driver/Src/stm32g4xx_hal_pwr.o
LOAD ./Drivers/STM32G4xx_HAL_Driver/Src/stm32g4xx_hal_pwr_ex.o
LOAD ./Drivers/STM32G4xx_HAL_Driver/Src/stm32g4xx_hal_rcc.o
LOAD ./Drivers/STM32G4xx_HAL_Driver/Src/stm32g4xx_hal_rcc_ex.o
LOAD ./Drivers/STM32G4xx_HAL_Driver/Src/stm32g4xx_hal_tim.o
LOAD ./Drivers/STM32G4xx_HAL_Driver/Src/stm32g4xx_hal_tim_ex.o
LOAD ./Drivers/STM32G4xx_HAL_Driver/Src/stm32g4xx_hal_uart.o
LOAD ./Drivers/STM32G4xx_HAL_Driver/Src/stm32g4xx_hal_uart_ex.o
LOAD ./Drivers/STM32G4xx_HAL_Driver/Src/stm32g4xx_ll_adc.o
START GROUP
LOAD /home/nir/st/stm32cubeide_1.12.1_3/plugins/com.st.stm32cube.ide.mcu.externaltools.gnu-tools-for-stm32.11.3.rel1.linux64_1.1.0.202305231506/tools/bin/../lib/gcc/arm-none-eabi/11.3.1/../../../../arm-none-eabi/lib/thumb/v7e-m+fp/hard/libc_nano.a
LOAD /home/nir/st/stm32cubeide_1.12.1_3/plugins/com.st.stm32cube.ide.mcu.externaltools.gnu-tools-for-stm32.11.3.rel1.linux64_1.1.0.202305231506/tools/bin/../lib/gcc/arm-none-eabi/11.3.1/../../../../arm-none-eabi/lib/thumb/v7e-m+fp/hard/libm.a
END GROUP
START GROUP
LOAD /home/nir/st/stm32cubeide_1.12.1_3/plugins/com.st.stm32cube.ide.mcu.externaltools.gnu-tools-for-stm32.11.3.rel1.linux64_1.1.0.202305231506/tools/bin/../lib/gcc/arm-none-eabi/11.3.1/thumb/v7e-m+fp/hard/libgcc.a
LOAD /home/nir/st/stm32cubeide_1.12.1_3/plugins/com.st.stm32cube.ide.mcu.externaltools.gnu-tools-for-stm32.11.3.rel1.linux64_1.1.0.202305231506/tools/bin/../lib/gcc/arm-none-eabi/11.3.1/../../../../arm-none-eabi/lib/thumb/v7e-m+fp/hard/libc_nano.a
END GROUP
START GROUP
LOAD /home/nir/st/stm32cubeide_1.12.1_3/plugins/com.st.stm32cube.ide.mcu.externaltools.gnu-tools-for-stm32.11.3.rel1.linux64_1.1.0.202305231506/tools/bin/../lib/gcc/arm-none-eabi/11.3.1/thumb/v7e-m+fp/hard/libgcc.a
LOAD /home/nir/st/stm32cubeide_1.12.1_3/plugins/com.st.stm32cube.ide.mcu.externaltools.gnu-tools-for-stm32.11.3.rel1.linux64_1.1.0.202305231506/tools/bin/../lib/gcc/arm-none-eabi/11.3.1/../../../../arm-none-eabi/lib/thumb/v7e-m+fp/hard/libc_nano.a
LOAD /home/nir/st/stm32cubeide_1.12.1_3/plugins/com.st.stm32cube.ide.mcu.externaltools.gnu-tools-for-stm32.11.3.rel1.linux64_1.1.0.202305231506/tools/bin/../lib/gcc/arm-none-eabi/11.3.1/../../../../arm-none-eabi/lib/thumb/v7e-m+fp/hard/libnosys.a
END GROUP
START GROUP
LOAD /home/nir/st/stm32cubeide_1.12.1_3/plugins/com.st.stm32cube.ide.mcu.externaltools.gnu-tools-for-stm32.11.3.rel1.linux64_1.1.0.202305231506/tools/bin/../lib/gcc/arm-none-eabi/11.3.1/thumb/v7e-m+fp/hard/libgcc.a
LOAD /home/nir/st/stm32cubeide_1.12.1_3/plugins/com.st.stm32cube.ide.mcu.externaltools.gnu-tools-for-stm32.11.3.rel1.linux64_1.1.0.202305231506/tools/bin/../lib/gcc/arm-none-eabi/11.3.1/../../../../arm-none-eabi/lib/thumb/v7e-m+fp/hard/libc_nano.a
LOAD /home/nir/st/stm32cubeide_1.12.1_3/plugins/com.st.stm32cube.ide.mcu.externaltools.gnu-tools-for-stm32.11.3.rel1.linux64_1.1.0.202305231506/tools/bin/../lib/gcc/arm-none-eabi/11.3.1/../../../../arm-none-eabi/lib/thumb/v7e-m+fp/hard/libnosys.a
END GROUP
LOAD /home/nir/st/stm32cubeide_1.12.1_3/plugins/com.st.stm32cube.ide.mcu.externaltools.gnu-tools-for-stm32.11.3.rel1.linux64_1.1.0.202305231506/tools/bin/../lib/gcc/arm-none-eabi/11.3.1/thumb/v7e-m+fp/hard/crtend.o
LOAD /home/nir/st/stm32cubeide_1.12.1_3/plugins/com.st.stm32cube.ide.mcu.externaltools.gnu-tools-for-stm32.11.3.rel1.linux64_1.1.0.202305231506/tools/bin/../lib/gcc/arm-none-eabi/11.3.1/thumb/v7e-m+fp/hard/crtn.o
                0x0000000020020000                _estack = (ORIGIN (RAM) + LENGTH (RAM))
                0x0000000000000200                _Min_Heap_Size = 0x200
                0x0000000000000400                _Min_Stack_Size = 0x400

.isr_vector     0x0000000008000000      0x1d8
                0x0000000008000000                . = ALIGN (0x4)
 *(.isr_vector)
 .isr_vector    0x0000000008000000      0x1d8 ./Core/Startup/startup_stm32g474rbtx.o
                0x0000000008000000                g_pfnVectors
                0x00000000080001d8                . = ALIGN (0x4)

.text           0x00000000080001d8     0x9600
                0x00000000080001d8                . = ALIGN (0x4)
 *(.text)
 .text          0x00000000080001d8       0x40 /home/nir/st/stm32cubeide_1.12.1_3/plugins/com.st.stm32cube.ide.mcu.externaltools.gnu-tools-for-stm32.11.3.rel1.linux64_1.1.0.202305231506/tools/bin/../lib/gcc/arm-none-eabi/11.3.1/thumb/v7e-m+fp/hard/crtbegin.o
 .text          0x0000000008000218       0x30 /home/nir/st/stm32cubeide_1.12.1_3/plugins/com.st.stm32cube.ide.mcu.externaltools.gnu-tools-for-stm32.11.3.rel1.linux64_1.1.0.202305231506/tools/bin/../lib/gcc/arm-none-eabi/11.3.1/thumb/v7e-m+fp/hard/libgcc.a(_aeabi_uldivmod.o)
                0x0000000008000218                __aeabi_uldivmod
 .text          0x0000000008000248      0x2c8 /home/nir/st/stm32cubeide_1.12.1_3/plugins/com.st.stm32cube.ide.mcu.externaltools.gnu-tools-for-stm32.11.3.rel1.linux64_1.1.0.202305231506/tools/bin/../lib/gcc/arm-none-eabi/11.3.1/thumb/v7e-m+fp/hard/libgcc.a(_udivmoddi4.o)
                0x0000000008000248                __udivmoddi4
 .text          0x0000000008000510        0x4 /home/nir/st/stm32cubeide_1.12.1_3/plugins/com.st.stm32cube.ide.mcu.externaltools.gnu-tools-for-stm32.11.3.rel1.linux64_1.1.0.202305231506/tools/bin/../lib/gcc/arm-none-eabi/11.3.1/thumb/v7e-m+fp/hard/libgcc.a(_dvmd_tls.o)
                0x0000000008000510                __aeabi_ldiv0
                0x0000000008000510                __aeabi_idiv0
 *(.text*)
 .text.imu_init
                0x0000000008000514       0x68 ./Core/Src/Imu.o
                0x0000000008000514                imu_init
 .text.imu_read_data
                0x000000000800057c       0xb2 ./Core/Src/Imu.o
                0x000000000800057c                imu_read_data
 .text.imu_update_payload
                0x000000000800062e       0xa0 ./Core/Src/Imu.o
                0x000000000800062e                imu_update_payload
 .text.soul_init
                0x00000000080006ce       0x42 ./Core/Src/SoulSense.o
                0x00000000080006ce                soul_init
 .text.soul_update_payload
                0x0000000008000710       0xb2 ./Core/Src/SoulSense.o
                0x0000000008000710                soul_update_payload
 *fill*         0x00000000080007c2        0x2 
 .text.MX_ADC2_Init
                0x00000000080007c4      0x1b4 ./Core/Src/adc.o
                0x00000000080007c4                MX_ADC2_Init
 .text.HAL_ADC_MspInit
                0x0000000008000978      0x13c ./Core/Src/adc.o
                0x0000000008000978                HAL_ADC_MspInit
 .text.bno055_init
                0x0000000008000ab4      0x298 ./Core/Src/bno055.o
                0x0000000008000ab4                bno055_init
 .text.bno055_temperature
                0x0000000008000d4c       0x7c ./Core/Src/bno055.o
                0x0000000008000d4c                bno055_temperature
 .text.bno055_acc_x
                0x0000000008000dc8       0x94 ./Core/Src/bno055.o
                0x0000000008000dc8                bno055_acc_x
 .text.bno055_acc_y
                0x0000000008000e5c       0x94 ./Core/Src/bno055.o
                0x0000000008000e5c                bno055_acc_y
 .text.bno055_acc_z
                0x0000000008000ef0       0x94 ./Core/Src/bno055.o
                0x0000000008000ef0                bno055_acc_z
 .text.bno055_acc
                0x0000000008000f84       0xe0 ./Core/Src/bno055.o
                0x0000000008000f84                bno055_acc
 .text.bno055_linear_acc_x
                0x0000000008001064       0x94 ./Core/Src/bno055.o
                0x0000000008001064                bno055_linear_acc_x
 .text.bno055_linear_acc_y
                0x00000000080010f8       0x94 ./Core/Src/bno055.o
                0x00000000080010f8                bno055_linear_acc_y
 .text.bno055_linear_acc_z
                0x000000000800118c       0x94 ./Core/Src/bno055.o
                0x000000000800118c                bno055_linear_acc_z
 .text.bno055_linear_acc
                0x0000000008001220       0xe0 ./Core/Src/bno055.o
                0x0000000008001220                bno055_linear_acc
 .text.bno055_gyro_x
                0x0000000008001300       0x94 ./Core/Src/bno055.o
                0x0000000008001300                bno055_gyro_x
 .text.bno055_gyro_y
                0x0000000008001394       0x94 ./Core/Src/bno055.o
                0x0000000008001394                bno055_gyro_y
 .text.bno055_gyro_z
                0x0000000008001428       0x94 ./Core/Src/bno055.o
                0x0000000008001428                bno055_gyro_z
 .text.bno055_gyro
                0x00000000080014bc       0xe0 ./Core/Src/bno055.o
                0x00000000080014bc                bno055_gyro
 .text.bno055_mag_x
                0x000000000800159c       0x82 ./Core/Src/bno055.o
                0x000000000800159c                bno055_mag_x
 .text.bno055_mag_y
                0x000000000800161e       0x82 ./Core/Src/bno055.o
                0x000000000800161e                bno055_mag_y
 .text.bno055_mag_z
                0x00000000080016a0       0x82 ./Core/Src/bno055.o
                0x00000000080016a0                bno055_mag_z
 .text.bno055_mag
                0x0000000008001722       0xca ./Core/Src/bno055.o
                0x0000000008001722                bno055_mag
 .text.bno055_gravity_x
                0x00000000080017ec       0x98 ./Core/Src/bno055.o
                0x00000000080017ec                bno055_gravity_x
 .text.bno055_gravity_y
                0x0000000008001884       0x98 ./Core/Src/bno055.o
                0x0000000008001884                bno055_gravity_y
 .text.bno055_gravity_z
                0x000000000800191c       0x98 ./Core/Src/bno055.o
                0x000000000800191c                bno055_gravity_z
 .text.bno055_gravity
                0x00000000080019b4       0xe0 ./Core/Src/bno055.o
                0x00000000080019b4                bno055_gravity
 .text.bno055_euler_yaw
                0x0000000008001a94       0x98 ./Core/Src/bno055.o
                0x0000000008001a94                bno055_euler_yaw
 .text.bno055_euler_roll
                0x0000000008001b2c       0x98 ./Core/Src/bno055.o
                0x0000000008001b2c                bno055_euler_roll
 .text.bno055_euler_pitch
                0x0000000008001bc4       0x98 ./Core/Src/bno055.o
                0x0000000008001bc4                bno055_euler_pitch
 .text.bno055_euler
                0x0000000008001c5c       0xe0 ./Core/Src/bno055.o
                0x0000000008001c5c                bno055_euler
 .text.bno055_quaternion_w
                0x0000000008001d3c       0x88 ./Core/Src/bno055.o
                0x0000000008001d3c                bno055_quaternion_w
 .text.bno055_quaternion_x
                0x0000000008001dc4       0x88 ./Core/Src/bno055.o
                0x0000000008001dc4                bno055_quaternion_x
 .text.bno055_quaternion_y
                0x0000000008001e4c       0x88 ./Core/Src/bno055.o
                0x0000000008001e4c                bno055_quaternion_y
 .text.bno055_quaternion_z
                0x0000000008001ed4       0x88 ./Core/Src/bno055.o
                0x0000000008001ed4                bno055_quaternion_z
 .text.bno055_quaternion
                0x0000000008001f5c       0xf4 ./Core/Src/bno055.o
                0x0000000008001f5c                bno055_quaternion
 .text.bno055_acc_conf
                0x0000000008002050       0xd0 ./Core/Src/bno055.o
                0x0000000008002050                bno055_acc_conf
 .text.bno055_gyr_conf
                0x0000000008002120       0xce ./Core/Src/bno055.o
                0x0000000008002120                bno055_gyr_conf
 .text.bno055_mag_conf
                0x00000000080021ee       0xd0 ./Core/Src/bno055.o
                0x00000000080021ee                bno055_mag_conf
 .text.bno055_set_opmode
                0x00000000080022be       0x64 ./Core/Src/bno055.o
                0x00000000080022be                bno055_set_opmode
 .text.bno055_set_unit
                0x0000000008002322       0xd0 ./Core/Src/bno055.o
                0x0000000008002322                bno055_set_unit
 .text.bno055_set_pwr_mode
                0x00000000080023f2       0xba ./Core/Src/bno055.o
                0x00000000080023f2                bno055_set_pwr_mode
 .text.bno055_reset
                0x00000000080024ac       0x46 ./Core/Src/bno055.o
                0x00000000080024ac                bno055_reset
 .text.bno055_on
                0x00000000080024f2       0x46 ./Core/Src/bno055.o
                0x00000000080024f2                bno055_on
 .text.bno055_read_regs
                0x0000000008002538       0x6c ./Core/Src/bno055.o
                0x0000000008002538                bno055_read_regs
 .text.bno055_write_regs
                0x00000000080025a4       0x5a ./Core/Src/bno055.o
                0x00000000080025a4                bno055_write_regs
 .text.bno055_set_page
                0x00000000080025fe       0x6c ./Core/Src/bno055.o
                0x00000000080025fe                bno055_set_page
 .text.comm_controller_init
                0x000000000800266a       0xfa ./Core/Src/commcontroller.o
                0x000000000800266a                comm_controller_init
 .text.send_message
                0x0000000008002764       0x2e ./Core/Src/commcontroller.o
                0x0000000008002764                send_message
 .text.process_received_message
                0x0000000008002792       0x26 ./Core/Src/commcontroller.o
                0x0000000008002792                process_received_message
 .text.ADC_init
                0x00000000080027b8       0x32 ./Core/Src/contact_sensors.o
                0x00000000080027b8                ADC_init
 .text.ADC_update_payload
                0x00000000080027ea       0x84 ./Core/Src/contact_sensors.o
                0x00000000080027ea                ADC_update_payload
 *fill*         0x000000000800286e        0x2 
 .text.MX_DMA_Init
                0x0000000008002870       0x54 ./Core/Src/dma.o
                0x0000000008002870                MX_DMA_Init
 .text.MX_FDCAN1_Init
                0x00000000080028c4       0x90 ./Core/Src/fdcan.o
                0x00000000080028c4                MX_FDCAN1_Init
 .text.HAL_FDCAN_MspInit
                0x0000000008002954       0xc4 ./Core/Src/fdcan.o
                0x0000000008002954                HAL_FDCAN_MspInit
 .text.MX_GPIO_Init
                0x0000000008002a18       0x98 ./Core/Src/gpio.o
                0x0000000008002a18                MX_GPIO_Init
 .text.MX_I2C1_Init
                0x0000000008002ab0       0x90 ./Core/Src/i2c.o
                0x0000000008002ab0                MX_I2C1_Init
 .text.HAL_I2C_MspInit
                0x0000000008002b40       0xec ./Core/Src/i2c.o
                0x0000000008002b40                HAL_I2C_MspInit
 .text.main     0x0000000008002c2c       0xe8 ./Core/Src/main.o
                0x0000000008002c2c                main
 .text.SystemClock_Config
                0x0000000008002d14       0x98 ./Core/Src/main.o
                0x0000000008002d14                SystemClock_Config
 .text.HAL_FDCAN_RxFifo0Callback
                0x0000000008002dac       0x5c ./Core/Src/main.o
                0x0000000008002dac                HAL_FDCAN_RxFifo0Callback
 .text.HAL_TIM_PeriodElapsedCallback
                0x0000000008002e08       0x2c ./Core/Src/main.o
                0x0000000008002e08                HAL_TIM_PeriodElapsedCallback
 .text.Error_Handler
                0x0000000008002e34        0xa ./Core/Src/main.o
                0x0000000008002e34                Error_Handler
 *fill*         0x0000000008002e3e        0x2 
 .text.HAL_MspInit
                0x0000000008002e40       0x48 ./Core/Src/stm32g4xx_hal_msp.o
                0x0000000008002e40                HAL_MspInit
 .text.NMI_Handler
                0x0000000008002e88        0x6 ./Core/Src/stm32g4xx_it.o
                0x0000000008002e88                NMI_Handler
 .text.HardFault_Handler
                0x0000000008002e8e        0x6 ./Core/Src/stm32g4xx_it.o
                0x0000000008002e8e                HardFault_Handler
 .text.MemManage_Handler
                0x0000000008002e94        0x6 ./Core/Src/stm32g4xx_it.o
                0x0000000008002e94                MemManage_Handler
 .text.BusFault_Handler
                0x0000000008002e9a        0x6 ./Core/Src/stm32g4xx_it.o
                0x0000000008002e9a                BusFault_Handler
 .text.UsageFault_Handler
                0x0000000008002ea0        0x6 ./Core/Src/stm32g4xx_it.o
                0x0000000008002ea0                UsageFault_Handler
 .text.SVC_Handler
                0x0000000008002ea6        0xe ./Core/Src/stm32g4xx_it.o
                0x0000000008002ea6                SVC_Handler
 .text.DebugMon_Handler
                0x0000000008002eb4        0xe ./Core/Src/stm32g4xx_it.o
                0x0000000008002eb4                DebugMon_Handler
 .text.PendSV_Handler
                0x0000000008002ec2        0xe ./Core/Src/stm32g4xx_it.o
                0x0000000008002ec2                PendSV_Handler
 .text.SysTick_Handler
                0x0000000008002ed0        0xc ./Core/Src/stm32g4xx_it.o
                0x0000000008002ed0                SysTick_Handler
 .text.DMA1_Channel1_IRQHandler
                0x0000000008002edc       0x14 ./Core/Src/stm32g4xx_it.o
                0x0000000008002edc                DMA1_Channel1_IRQHandler
 .text.FDCAN1_IT0_IRQHandler
                0x0000000008002ef0       0x14 ./Core/Src/stm32g4xx_it.o
                0x0000000008002ef0                FDCAN1_IT0_IRQHandler
 .text.TIM3_IRQHandler
                0x0000000008002f04       0x14 ./Core/Src/stm32g4xx_it.o
                0x0000000008002f04                TIM3_IRQHandler
 .text._sbrk    0x0000000008002f18       0x6c ./Core/Src/sysmem.o
                0x0000000008002f18                _sbrk
 .text.SystemInit
                0x0000000008002f84       0x24 ./Core/Src/system_stm32g4xx.o
                0x0000000008002f84                SystemInit
 .text.MX_TIM3_Init
                0x0000000008002fa8       0xa0 ./Core/Src/tim.o
                0x0000000008002fa8                MX_TIM3_Init
 .text.HAL_TIM_Base_MspInit
                0x0000000008003048       0x4c ./Core/Src/tim.o
                0x0000000008003048                HAL_TIM_Base_MspInit
 .text.MX_UART4_Init
                0x0000000008003094       0x98 ./Core/Src/usart.o
                0x0000000008003094                MX_UART4_Init
 .text.MX_USART3_UART_Init
                0x000000000800312c       0x98 ./Core/Src/usart.o
                0x000000000800312c                MX_USART3_UART_Init
 .text.HAL_UART_MspInit
                0x00000000080031c4      0x134 ./Core/Src/usart.o
                0x00000000080031c4                HAL_UART_MspInit
 .text.version_init
                0x00000000080032f8       0x26 ./Core/Src/version.o
                0x00000000080032f8                version_init
 *fill*         0x000000000800331e        0x2 
 .text.Reset_Handler
                0x0000000008003320       0x50 ./Core/Startup/startup_stm32g474rbtx.o
                0x0000000008003320                Reset_Handler
 .text.Default_Handler
                0x0000000008003370        0x2 ./Core/Startup/startup_stm32g474rbtx.o
                0x0000000008003370                RTC_Alarm_IRQHandler
                0x0000000008003370                EXTI2_IRQHandler
                0x0000000008003370                TIM8_TRG_COM_IRQHandler
                0x0000000008003370                TIM8_CC_IRQHandler
                0x0000000008003370                HRTIM1_Master_IRQHandler
                0x0000000008003370                SPI4_IRQHandler
                0x0000000008003370                FDCAN3_IT0_IRQHandler
                0x0000000008003370                TIM1_CC_IRQHandler
                0x0000000008003370                HRTIM1_FLT_IRQHandler
                0x0000000008003370                HRTIM1_TIMF_IRQHandler
                0x0000000008003370                USB_HP_IRQHandler
                0x0000000008003370                CORDIC_IRQHandler
                0x0000000008003370                HRTIM1_TIMD_IRQHandler
                0x0000000008003370                DMA2_Channel8_IRQHandler
                0x0000000008003370                EXTI3_IRQHandler
                0x0000000008003370                I2C3_ER_IRQHandler
                0x0000000008003370                EXTI0_IRQHandler
                0x0000000008003370                I2C2_EV_IRQHandler
                0x0000000008003370                FPU_IRQHandler
                0x0000000008003370                FDCAN1_IT1_IRQHandler
                0x0000000008003370                TIM1_UP_TIM16_IRQHandler
                0x0000000008003370                ADC1_2_IRQHandler
                0x0000000008003370                HRTIM1_TIME_IRQHandler
                0x0000000008003370                SPI1_IRQHandler
                0x0000000008003370                TIM6_DAC_IRQHandler
                0x0000000008003370                HRTIM1_TIMC_IRQHandler
                0x0000000008003370                TIM8_UP_IRQHandler
                0x0000000008003370                DMA2_Channel2_IRQHandler
                0x0000000008003370                DMA1_Channel4_IRQHandler
                0x0000000008003370                TIM20_TRG_COM_IRQHandler
                0x0000000008003370                USART3_IRQHandler
                0x0000000008003370                DMA1_Channel7_IRQHandler
                0x0000000008003370                UART5_IRQHandler
                0x0000000008003370                ADC3_IRQHandler
                0x0000000008003370                TIM4_IRQHandler
                0x0000000008003370                DMA2_Channel1_IRQHandler
                0x0000000008003370                QUADSPI_IRQHandler
                0x0000000008003370                I2C1_EV_IRQHandler
                0x0000000008003370                DMA1_Channel6_IRQHandler
                0x0000000008003370                UART4_IRQHandler
                0x0000000008003370                DMA2_Channel4_IRQHandler
                0x0000000008003370                RCC_IRQHandler
                0x0000000008003370                TIM20_UP_IRQHandler
                0x0000000008003370                Default_Handler
                0x0000000008003370                DMA2_Channel7_IRQHandler
                0x0000000008003370                RTC_TAMP_LSECSS_IRQHandler
                0x0000000008003370                FMAC_IRQHandler
                0x0000000008003370                EXTI15_10_IRQHandler
                0x0000000008003370                DMA1_Channel8_IRQHandler
                0x0000000008003370                HRTIM1_TIMA_IRQHandler
                0x0000000008003370                TIM7_DAC_IRQHandler
                0x0000000008003370                FDCAN3_IT1_IRQHandler
                0x0000000008003370                TIM5_IRQHandler
                0x0000000008003370                UCPD1_IRQHandler
                0x0000000008003370                I2C3_EV_IRQHandler
                0x0000000008003370                EXTI9_5_IRQHandler
                0x0000000008003370                RTC_WKUP_IRQHandler
                0x0000000008003370                PVD_PVM_IRQHandler
                0x0000000008003370                SPI2_IRQHandler
                0x0000000008003370                ADC5_IRQHandler
                0x0000000008003370                DMA2_Channel5_IRQHandler
                0x0000000008003370                CRS_IRQHandler
                0x0000000008003370                DMA1_Channel5_IRQHandler
                0x0000000008003370                USB_LP_IRQHandler
                0x0000000008003370                EXTI4_IRQHandler
                0x0000000008003370                RNG_IRQHandler
                0x0000000008003370                HRTIM1_TIMB_IRQHandler
                0x0000000008003370                TIM1_TRG_COM_TIM17_IRQHandler
                0x0000000008003370                FDCAN2_IT1_IRQHandler
                0x0000000008003370                DMA1_Channel3_IRQHandler
                0x0000000008003370                ADC4_IRQHandler
                0x0000000008003370                WWDG_IRQHandler
                0x0000000008003370                I2C4_EV_IRQHandler
                0x0000000008003370                FDCAN2_IT0_IRQHandler
                0x0000000008003370                LPUART1_IRQHandler
                0x0000000008003370                DMA2_Channel6_IRQHandler
                0x0000000008003370                TIM2_IRQHandler
                0x0000000008003370                COMP7_IRQHandler
                0x0000000008003370                COMP1_2_3_IRQHandler
                0x0000000008003370                EXTI1_IRQHandler
                0x0000000008003370                USART2_IRQHandler
                0x0000000008003370                COMP4_5_6_IRQHandler
                0x0000000008003370                TIM20_BRK_IRQHandler
                0x0000000008003370                I2C2_ER_IRQHandler
                0x0000000008003370                DMA1_Channel2_IRQHandler
                0x0000000008003370                TIM8_BRK_IRQHandler
                0x0000000008003370                FLASH_IRQHandler
                0x0000000008003370                TIM20_CC_IRQHandler
                0x0000000008003370                USART1_IRQHandler
                0x0000000008003370                SPI3_IRQHandler
                0x0000000008003370                I2C1_ER_IRQHandler
                0x0000000008003370                FMC_IRQHandler
                0x0000000008003370                LPTIM1_IRQHandler
                0x0000000008003370                DMAMUX_OVR_IRQHandler
                0x0000000008003370                I2C4_ER_IRQHandler
                0x0000000008003370                USBWakeUp_IRQHandler
                0x0000000008003370                SAI1_IRQHandler
                0x0000000008003370                DMA2_Channel3_IRQHandler
                0x0000000008003370                TIM1_BRK_TIM15_IRQHandler
 .text.HAL_Init
                0x0000000008003372       0x30 ./Drivers/STM32G4xx_HAL_Driver/Src/stm32g4xx_hal.o
                0x0000000008003372                HAL_Init
 *fill*         0x00000000080033a2        0x2 
 .text.HAL_InitTick
                0x00000000080033a4       0x74 ./Drivers/STM32G4xx_HAL_Driver/Src/stm32g4xx_hal.o
                0x00000000080033a4                HAL_InitTick
 .text.HAL_IncTick
                0x0000000008003418       0x24 ./Drivers/STM32G4xx_HAL_Driver/Src/stm32g4xx_hal.o
                0x0000000008003418                HAL_IncTick
 .text.HAL_GetTick
                0x000000000800343c       0x18 ./Drivers/STM32G4xx_HAL_Driver/Src/stm32g4xx_hal.o
                0x000000000800343c                HAL_GetTick
 .text.HAL_Delay
                0x0000000008003454       0x44 ./Drivers/STM32G4xx_HAL_Driver/Src/stm32g4xx_hal.o
                0x0000000008003454                HAL_Delay
 .text.LL_ADC_SetCommonClock
                0x0000000008003498       0x26 ./Drivers/STM32G4xx_HAL_Driver/Src/stm32g4xx_hal_adc.o
 .text.LL_ADC_SetCommonPathInternalCh
                0x00000000080034be       0x26 ./Drivers/STM32G4xx_HAL_Driver/Src/stm32g4xx_hal_adc.o
 .text.LL_ADC_GetCommonPathInternalCh
                0x00000000080034e4       0x1c ./Drivers/STM32G4xx_HAL_Driver/Src/stm32g4xx_hal_adc.o
 .text.LL_ADC_SetOffset
                0x0000000008003500       0x48 ./Drivers/STM32G4xx_HAL_Driver/Src/stm32g4xx_hal_adc.o
 .text.LL_ADC_GetOffsetChannel
                0x0000000008003548       0x2c ./Drivers/STM32G4xx_HAL_Driver/Src/stm32g4xx_hal_adc.o
 .text.LL_ADC_SetOffsetState
                0x0000000008003574       0x36 ./Drivers/STM32G4xx_HAL_Driver/Src/stm32g4xx_hal_adc.o
 .text.LL_ADC_SetOffsetSign
                0x00000000080035aa       0x36 ./Drivers/STM32G4xx_HAL_Driver/Src/stm32g4xx_hal_adc.o
 .text.LL_ADC_SetOffsetSaturation
                0x00000000080035e0       0x36 ./Drivers/STM32G4xx_HAL_Driver/Src/stm32g4xx_hal_adc.o
 .text.LL_ADC_SetSamplingTimeCommonConfig
                0x0000000008003616       0x26 ./Drivers/STM32G4xx_HAL_Driver/Src/stm32g4xx_hal_adc.o
 .text.LL_ADC_REG_IsTriggerSourceSWStart
                0x000000000800363c       0x26 ./Drivers/STM32G4xx_HAL_Driver/Src/stm32g4xx_hal_adc.o
 .text.LL_ADC_REG_SetSequencerRanks
                0x0000000008003662       0x58 ./Drivers/STM32G4xx_HAL_Driver/Src/stm32g4xx_hal_adc.o
 .text.LL_ADC_SetChannelSamplingTime
                0x00000000080036ba       0x56 ./Drivers/STM32G4xx_HAL_Driver/Src/stm32g4xx_hal_adc.o
 .text.LL_ADC_SetChannelSingleDiff
                0x0000000008003710       0x50 ./Drivers/STM32G4xx_HAL_Driver/Src/stm32g4xx_hal_adc.o
 .text.LL_ADC_GetMultimode
                0x0000000008003760       0x1c ./Drivers/STM32G4xx_HAL_Driver/Src/stm32g4xx_hal_adc.o
 .text.LL_ADC_DisableDeepPowerDown
                0x000000000800377c       0x24 ./Drivers/STM32G4xx_HAL_Driver/Src/stm32g4xx_hal_adc.o
 .text.LL_ADC_IsDeepPowerDownEnabled
                0x00000000080037a0       0x28 ./Drivers/STM32G4xx_HAL_Driver/Src/stm32g4xx_hal_adc.o
 .text.LL_ADC_EnableInternalRegulator
                0x00000000080037c8       0x28 ./Drivers/STM32G4xx_HAL_Driver/Src/stm32g4xx_hal_adc.o
 .text.LL_ADC_IsInternalRegulatorEnabled
                0x00000000080037f0       0x28 ./Drivers/STM32G4xx_HAL_Driver/Src/stm32g4xx_hal_adc.o
 .text.LL_ADC_Enable
                0x0000000008003818       0x28 ./Drivers/STM32G4xx_HAL_Driver/Src/stm32g4xx_hal_adc.o
 .text.LL_ADC_IsEnabled
                0x0000000008003840       0x26 ./Drivers/STM32G4xx_HAL_Driver/Src/stm32g4xx_hal_adc.o
 .text.LL_ADC_REG_StartConversion
                0x0000000008003866       0x28 ./Drivers/STM32G4xx_HAL_Driver/Src/stm32g4xx_hal_adc.o
 .text.LL_ADC_REG_IsConversionOngoing
                0x000000000800388e       0x26 ./Drivers/STM32G4xx_HAL_Driver/Src/stm32g4xx_hal_adc.o
 .text.LL_ADC_INJ_IsConversionOngoing
                0x00000000080038b4       0x26 ./Drivers/STM32G4xx_HAL_Driver/Src/stm32g4xx_hal_adc.o
 *fill*         0x00000000080038da        0x2 
 .text.HAL_ADC_Init
                0x00000000080038dc      0x384 ./Drivers/STM32G4xx_HAL_Driver/Src/stm32g4xx_hal_adc.o
                0x00000000080038dc                HAL_ADC_Init
 .text.HAL_ADC_Start_DMA
                0x0000000008003c60      0x1a8 ./Drivers/STM32G4xx_HAL_Driver/Src/stm32g4xx_hal_adc.o
                0x0000000008003c60                HAL_ADC_Start_DMA
 .text.HAL_ADC_ConvCpltCallback
                0x0000000008003e08       0x14 ./Drivers/STM32G4xx_HAL_Driver/Src/stm32g4xx_hal_adc.o
                0x0000000008003e08                HAL_ADC_ConvCpltCallback
 .text.HAL_ADC_ConvHalfCpltCallback
                0x0000000008003e1c       0x14 ./Drivers/STM32G4xx_HAL_Driver/Src/stm32g4xx_hal_adc.o
                0x0000000008003e1c                HAL_ADC_ConvHalfCpltCallback
 .text.HAL_ADC_ErrorCallback
                0x0000000008003e30       0x14 ./Drivers/STM32G4xx_HAL_Driver/Src/stm32g4xx_hal_adc.o
                0x0000000008003e30                HAL_ADC_ErrorCallback
 .text.HAL_ADC_ConfigChannel
                0x0000000008003e44      0x880 ./Drivers/STM32G4xx_HAL_Driver/Src/stm32g4xx_hal_adc.o
                0x0000000008003e44                HAL_ADC_ConfigChannel
 .text.ADC_Enable
                0x00000000080046c4       0xc4 ./Drivers/STM32G4xx_HAL_Driver/Src/stm32g4xx_hal_adc.o
                0x00000000080046c4                ADC_Enable
 .text.ADC_DMAConvCplt
                0x0000000008004788       0xd8 ./Drivers/STM32G4xx_HAL_Driver/Src/stm32g4xx_hal_adc.o
                0x0000000008004788                ADC_DMAConvCplt
 .text.ADC_DMAHalfConvCplt
                0x0000000008004860       0x1c ./Drivers/STM32G4xx_HAL_Driver/Src/stm32g4xx_hal_adc.o
                0x0000000008004860                ADC_DMAHalfConvCplt
 .text.ADC_DMAError
                0x000000000800487c       0x34 ./Drivers/STM32G4xx_HAL_Driver/Src/stm32g4xx_hal_adc.o
                0x000000000800487c                ADC_DMAError
 .text.__NVIC_SetPriorityGrouping
                0x00000000080048b0       0x48 ./Drivers/STM32G4xx_HAL_Driver/Src/stm32g4xx_hal_cortex.o
 .text.__NVIC_GetPriorityGrouping
                0x00000000080048f8       0x1c ./Drivers/STM32G4xx_HAL_Driver/Src/stm32g4xx_hal_cortex.o
 .text.__NVIC_EnableIRQ
                0x0000000008004914       0x3c ./Drivers/STM32G4xx_HAL_Driver/Src/stm32g4xx_hal_cortex.o
 .text.__NVIC_SetPriority
                0x0000000008004950       0x54 ./Drivers/STM32G4xx_HAL_Driver/Src/stm32g4xx_hal_cortex.o
 .text.NVIC_EncodePriority
                0x00000000080049a4       0x66 ./Drivers/STM32G4xx_HAL_Driver/Src/stm32g4xx_hal_cortex.o
 *fill*         0x0000000008004a0a        0x2 
 .text.SysTick_Config
                0x0000000008004a0c       0x44 ./Drivers/STM32G4xx_HAL_Driver/Src/stm32g4xx_hal_cortex.o
 .text.HAL_NVIC_SetPriorityGrouping
                0x0000000008004a50       0x16 ./Drivers/STM32G4xx_HAL_Driver/Src/stm32g4xx_hal_cortex.o
                0x0000000008004a50                HAL_NVIC_SetPriorityGrouping
 .text.HAL_NVIC_SetPriority
                0x0000000008004a66       0x34 ./Drivers/STM32G4xx_HAL_Driver/Src/stm32g4xx_hal_cortex.o
                0x0000000008004a66                HAL_NVIC_SetPriority
 .text.HAL_NVIC_EnableIRQ
                0x0000000008004a9a       0x1c ./Drivers/STM32G4xx_HAL_Driver/Src/stm32g4xx_hal_cortex.o
                0x0000000008004a9a                HAL_NVIC_EnableIRQ
 .text.HAL_SYSTICK_Config
                0x0000000008004ab6       0x18 ./Drivers/STM32G4xx_HAL_Driver/Src/stm32g4xx_hal_cortex.o
                0x0000000008004ab6                HAL_SYSTICK_Config
 *fill*         0x0000000008004ace        0x2 
 .text.HAL_DMA_Init
                0x0000000008004ad0      0x150 ./Drivers/STM32G4xx_HAL_Driver/Src/stm32g4xx_hal_dma.o
                0x0000000008004ad0                HAL_DMA_Init
 .text.HAL_DMA_Start_IT
                0x0000000008004c20       0xf6 ./Drivers/STM32G4xx_HAL_Driver/Src/stm32g4xx_hal_dma.o
                0x0000000008004c20                HAL_DMA_Start_IT
 .text.HAL_DMA_IRQHandler
                0x0000000008004d16      0x15e ./Drivers/STM32G4xx_HAL_Driver/Src/stm32g4xx_hal_dma.o
                0x0000000008004d16                HAL_DMA_IRQHandler
 .text.DMA_SetConfig
                0x0000000008004e74       0x7c ./Drivers/STM32G4xx_HAL_Driver/Src/stm32g4xx_hal_dma.o
 .text.DMA_CalcDMAMUXChannelBaseAndMask
                0x0000000008004ef0       0x7c ./Drivers/STM32G4xx_HAL_Driver/Src/stm32g4xx_hal_dma.o
 .text.DMA_CalcDMAMUXRequestGenBaseAndMask
                0x0000000008004f6c       0x48 ./Drivers/STM32G4xx_HAL_Driver/Src/stm32g4xx_hal_dma.o
 .text.HAL_FDCAN_Init
                0x0000000008004fb4      0x2b4 ./Drivers/STM32G4xx_HAL_Driver/Src/stm32g4xx_hal_fdcan.o
                0x0000000008004fb4                HAL_FDCAN_Init
 .text.HAL_FDCAN_ConfigFilter
                0x0000000008005268       0xb4 ./Drivers/STM32G4xx_HAL_Driver/Src/stm32g4xx_hal_fdcan.o
                0x0000000008005268                HAL_FDCAN_ConfigFilter
 .text.HAL_FDCAN_ConfigGlobalFilter
                0x000000000800531c       0x62 ./Drivers/STM32G4xx_HAL_Driver/Src/stm32g4xx_hal_fdcan.o
                0x000000000800531c                HAL_FDCAN_ConfigGlobalFilter
 .text.HAL_FDCAN_Start
                0x000000000800537e       0x50 ./Drivers/STM32G4xx_HAL_Driver/Src/stm32g4xx_hal_fdcan.o
                0x000000000800537e                HAL_FDCAN_Start
 .text.HAL_FDCAN_AddMessageToTxFifoQ
                0x00000000080053ce       0x88 ./Drivers/STM32G4xx_HAL_Driver/Src/stm32g4xx_hal_fdcan.o
                0x00000000080053ce                HAL_FDCAN_AddMessageToTxFifoQ
 *fill*         0x0000000008005456        0x2 
 .text.HAL_FDCAN_GetRxMessage
                0x0000000008005458      0x1b4 ./Drivers/STM32G4xx_HAL_Driver/Src/stm32g4xx_hal_fdcan.o
                0x0000000008005458                HAL_FDCAN_GetRxMessage
 .text.HAL_FDCAN_ActivateNotification
                0x000000000800560c      0x1cc ./Drivers/STM32G4xx_HAL_Driver/Src/stm32g4xx_hal_fdcan.o
                0x000000000800560c                HAL_FDCAN_ActivateNotification
 .text.HAL_FDCAN_IRQHandler
                0x00000000080057d8      0x272 ./Drivers/STM32G4xx_HAL_Driver/Src/stm32g4xx_hal_fdcan.o
                0x00000000080057d8                HAL_FDCAN_IRQHandler
 .text.HAL_FDCAN_TxEventFifoCallback
                0x0000000008005a4a       0x16 ./Drivers/STM32G4xx_HAL_Driver/Src/stm32g4xx_hal_fdcan.o
                0x0000000008005a4a                HAL_FDCAN_TxEventFifoCallback
 .text.HAL_FDCAN_RxFifo1Callback
                0x0000000008005a60       0x16 ./Drivers/STM32G4xx_HAL_Driver/Src/stm32g4xx_hal_fdcan.o
                0x0000000008005a60                HAL_FDCAN_RxFifo1Callback
 .text.HAL_FDCAN_TxFifoEmptyCallback
                0x0000000008005a76       0x14 ./Drivers/STM32G4xx_HAL_Driver/Src/stm32g4xx_hal_fdcan.o
                0x0000000008005a76                HAL_FDCAN_TxFifoEmptyCallback
 .text.HAL_FDCAN_TxBufferCompleteCallback
                0x0000000008005a8a       0x16 ./Drivers/STM32G4xx_HAL_Driver/Src/stm32g4xx_hal_fdcan.o
                0x0000000008005a8a                HAL_FDCAN_TxBufferCompleteCallback
 .text.HAL_FDCAN_TxBufferAbortCallback
                0x0000000008005aa0       0x16 ./Drivers/STM32G4xx_HAL_Driver/Src/stm32g4xx_hal_fdcan.o
                0x0000000008005aa0                HAL_FDCAN_TxBufferAbortCallback
 .text.HAL_FDCAN_TimestampWraparoundCallback
                0x0000000008005ab6       0x14 ./Drivers/STM32G4xx_HAL_Driver/Src/stm32g4xx_hal_fdcan.o
                0x0000000008005ab6                HAL_FDCAN_TimestampWraparoundCallback
 .text.HAL_FDCAN_TimeoutOccurredCallback
                0x0000000008005aca       0x14 ./Drivers/STM32G4xx_HAL_Driver/Src/stm32g4xx_hal_fdcan.o
                0x0000000008005aca                HAL_FDCAN_TimeoutOccurredCallback
 .text.HAL_FDCAN_HighPriorityMessageCallback
                0x0000000008005ade       0x14 ./Drivers/STM32G4xx_HAL_Driver/Src/stm32g4xx_hal_fdcan.o
                0x0000000008005ade                HAL_FDCAN_HighPriorityMessageCallback
 .text.HAL_FDCAN_ErrorCallback
                0x0000000008005af2       0x14 ./Drivers/STM32G4xx_HAL_Driver/Src/stm32g4xx_hal_fdcan.o
                0x0000000008005af2                HAL_FDCAN_ErrorCallback
 .text.HAL_FDCAN_ErrorStatusCallback
                0x0000000008005b06       0x16 ./Drivers/STM32G4xx_HAL_Driver/Src/stm32g4xx_hal_fdcan.o
                0x0000000008005b06                HAL_FDCAN_ErrorStatusCallback
 .text.FDCAN_CalcultateRamBlockAddresses
                0x0000000008005b1c       0xd8 ./Drivers/STM32G4xx_HAL_Driver/Src/stm32g4xx_hal_fdcan.o
 .text.FDCAN_CopyMessageToRAM
                0x0000000008005bf4       0xf8 ./Drivers/STM32G4xx_HAL_Driver/Src/stm32g4xx_hal_fdcan.o
 .text.HAL_GPIO_Init
                0x0000000008005cec      0x304 ./Drivers/STM32G4xx_HAL_Driver/Src/stm32g4xx_hal_gpio.o
                0x0000000008005cec                HAL_GPIO_Init
 .text.HAL_GPIO_WritePin
                0x0000000008005ff0       0x30 ./Drivers/STM32G4xx_HAL_Driver/Src/stm32g4xx_hal_gpio.o
                0x0000000008005ff0                HAL_GPIO_WritePin
 .text.HAL_I2C_Init
                0x0000000008006020      0x11e ./Drivers/STM32G4xx_HAL_Driver/Src/stm32g4xx_hal_i2c.o
                0x0000000008006020                HAL_I2C_Init
 *fill*         0x000000000800613e        0x2 
 .text.HAL_I2C_Master_Transmit
                0x0000000008006140      0x1e8 ./Drivers/STM32G4xx_HAL_Driver/Src/stm32g4xx_hal_i2c.o
                0x0000000008006140                HAL_I2C_Master_Transmit
 .text.HAL_I2C_Master_Receive
                0x0000000008006328      0x1ec ./Drivers/STM32G4xx_HAL_Driver/Src/stm32g4xx_hal_i2c.o
                0x0000000008006328                HAL_I2C_Master_Receive
 .text.HAL_I2C_Mem_Write
                0x0000000008006514      0x228 ./Drivers/STM32G4xx_HAL_Driver/Src/stm32g4xx_hal_i2c.o
                0x0000000008006514                HAL_I2C_Mem_Write
 .text.I2C_RequestMemoryWrite
                0x000000000800673c       0xa8 ./Drivers/STM32G4xx_HAL_Driver/Src/stm32g4xx_hal_i2c.o
 .text.I2C_Flush_TXDR
                0x00000000080067e4       0x48 ./Drivers/STM32G4xx_HAL_Driver/Src/stm32g4xx_hal_i2c.o
 .text.I2C_WaitOnFlagUntilTimeout
                0x000000000800682c       0x80 ./Drivers/STM32G4xx_HAL_Driver/Src/stm32g4xx_hal_i2c.o
 .text.I2C_WaitOnTXISFlagUntilTimeout
                0x00000000080068ac       0x80 ./Drivers/STM32G4xx_HAL_Driver/Src/stm32g4xx_hal_i2c.o
 .text.I2C_WaitOnSTOPFlagUntilTimeout
                0x000000000800692c       0x78 ./Drivers/STM32G4xx_HAL_Driver/Src/stm32g4xx_hal_i2c.o
 .text.I2C_WaitOnRXNEFlagUntilTimeout
                0x00000000080069a4       0xf4 ./Drivers/STM32G4xx_HAL_Driver/Src/stm32g4xx_hal_i2c.o
 .text.I2C_IsErrorOccurred
                0x0000000008006a98      0x1d8 ./Drivers/STM32G4xx_HAL_Driver/Src/stm32g4xx_hal_i2c.o
 .text.I2C_TransferConfig
                0x0000000008006c70       0x64 ./Drivers/STM32G4xx_HAL_Driver/Src/stm32g4xx_hal_i2c.o
 .text.HAL_I2CEx_ConfigAnalogFilter
                0x0000000008006cd4       0x96 ./Drivers/STM32G4xx_HAL_Driver/Src/stm32g4xx_hal_i2c_ex.o
                0x0000000008006cd4                HAL_I2CEx_ConfigAnalogFilter
 .text.HAL_I2CEx_ConfigDigitalFilter
                0x0000000008006d6a       0x98 ./Drivers/STM32G4xx_HAL_Driver/Src/stm32g4xx_hal_i2c_ex.o
                0x0000000008006d6a                HAL_I2CEx_ConfigDigitalFilter
 *fill*         0x0000000008006e02        0x2 
 .text.HAL_PWREx_ControlVoltageScaling
                0x0000000008006e04      0x148 ./Drivers/STM32G4xx_HAL_Driver/Src/stm32g4xx_hal_pwr_ex.o
                0x0000000008006e04                HAL_PWREx_ControlVoltageScaling
 .text.HAL_RCC_OscConfig
                0x0000000008006f4c      0x630 ./Drivers/STM32G4xx_HAL_Driver/Src/stm32g4xx_hal_rcc.o
                0x0000000008006f4c                HAL_RCC_OscConfig
 .text.HAL_RCC_ClockConfig
                0x000000000800757c      0x278 ./Drivers/STM32G4xx_HAL_Driver/Src/stm32g4xx_hal_rcc.o
                0x000000000800757c                HAL_RCC_ClockConfig
 .text.HAL_RCC_GetSysClockFreq
                0x00000000080077f4       0xc4 ./Drivers/STM32G4xx_HAL_Driver/Src/stm32g4xx_hal_rcc.o
                0x00000000080077f4                HAL_RCC_GetSysClockFreq
 .text.HAL_RCC_GetHCLKFreq
                0x00000000080078b8       0x18 ./Drivers/STM32G4xx_HAL_Driver/Src/stm32g4xx_hal_rcc.o
                0x00000000080078b8                HAL_RCC_GetHCLKFreq
 .text.HAL_RCC_GetPCLK1Freq
                0x00000000080078d0       0x2c ./Drivers/STM32G4xx_HAL_Driver/Src/stm32g4xx_hal_rcc.o
                0x00000000080078d0                HAL_RCC_GetPCLK1Freq
 .text.HAL_RCC_GetPCLK2Freq
                0x00000000080078fc       0x2c ./Drivers/STM32G4xx_HAL_Driver/Src/stm32g4xx_hal_rcc.o
                0x00000000080078fc                HAL_RCC_GetPCLK2Freq
 .text.RCC_GetSysClockFreqFromPLLSource
                0x0000000008007928       0x8c ./Drivers/STM32G4xx_HAL_Driver/Src/stm32g4xx_hal_rcc.o
 .text.HAL_RCCEx_PeriphCLKConfig
                0x00000000080079b4      0x49c ./Drivers/STM32G4xx_HAL_Driver/Src/stm32g4xx_hal_rcc_ex.o
                0x00000000080079b4                HAL_RCCEx_PeriphCLKConfig
 .text.HAL_TIM_Base_Init
                0x0000000008007e50       0xae ./Drivers/STM32G4xx_HAL_Driver/Src/stm32g4xx_hal_tim.o
                0x0000000008007e50                HAL_TIM_Base_Init
 *fill*         0x0000000008007efe        0x2 
 .text.HAL_TIM_Base_Start_IT
                0x0000000008007f00       0xf0 ./Drivers/STM32G4xx_HAL_Driver/Src/stm32g4xx_hal_tim.o
                0x0000000008007f00                HAL_TIM_Base_Start_IT
 .text.HAL_TIM_IRQHandler
                0x0000000008007ff0      0x2fe ./Drivers/STM32G4xx_HAL_Driver/Src/stm32g4xx_hal_tim.o
                0x0000000008007ff0                HAL_TIM_IRQHandler
 *fill*         0x00000000080082ee        0x2 
 .text.HAL_TIM_ConfigClockSource
                0x00000000080082f0      0x22c ./Drivers/STM32G4xx_HAL_Driver/Src/stm32g4xx_hal_tim.o
                0x00000000080082f0                HAL_TIM_ConfigClockSource
 .text.HAL_TIM_OC_DelayElapsedCallback
                0x000000000800851c       0x14 ./Drivers/STM32G4xx_HAL_Driver/Src/stm32g4xx_hal_tim.o
                0x000000000800851c                HAL_TIM_OC_DelayElapsedCallback
 .text.HAL_TIM_IC_CaptureCallback
                0x0000000008008530       0x14 ./Drivers/STM32G4xx_HAL_Driver/Src/stm32g4xx_hal_tim.o
                0x0000000008008530                HAL_TIM_IC_CaptureCallback
 .text.HAL_TIM_PWM_PulseFinishedCallback
                0x0000000008008544       0x14 ./Drivers/STM32G4xx_HAL_Driver/Src/stm32g4xx_hal_tim.o
                0x0000000008008544                HAL_TIM_PWM_PulseFinishedCallback
 .text.HAL_TIM_TriggerCallback
                0x0000000008008558       0x14 ./Drivers/STM32G4xx_HAL_Driver/Src/stm32g4xx_hal_tim.o
                0x0000000008008558                HAL_TIM_TriggerCallback
 .text.TIM_Base_SetConfig
                0x000000000800856c      0x150 ./Drivers/STM32G4xx_HAL_Driver/Src/stm32g4xx_hal_tim.o
                0x000000000800856c                TIM_Base_SetConfig
 .text.TIM_TI1_ConfigInputStage
                0x00000000080086bc       0x5e ./Drivers/STM32G4xx_HAL_Driver/Src/stm32g4xx_hal_tim.o
 .text.TIM_TI2_ConfigInputStage
                0x000000000800871a       0x60 ./Drivers/STM32G4xx_HAL_Driver/Src/stm32g4xx_hal_tim.o
 .text.TIM_ITRx_SetConfig
                0x000000000800877a       0x3a ./Drivers/STM32G4xx_HAL_Driver/Src/stm32g4xx_hal_tim.o
 .text.TIM_ETR_SetConfig
                0x00000000080087b4       0x40 ./Drivers/STM32G4xx_HAL_Driver/Src/stm32g4xx_hal_tim.o
                0x00000000080087b4                TIM_ETR_SetConfig
 .text.HAL_TIMEx_MasterConfigSynchronization
                0x00000000080087f4      0x12c ./Drivers/STM32G4xx_HAL_Driver/Src/stm32g4xx_hal_tim_ex.o
                0x00000000080087f4                HAL_TIMEx_MasterConfigSynchronization
 .text.HAL_TIMEx_CommutCallback
                0x0000000008008920       0x14 ./Drivers/STM32G4xx_HAL_Driver/Src/stm32g4xx_hal_tim_ex.o
                0x0000000008008920                HAL_TIMEx_CommutCallback
 .text.HAL_TIMEx_BreakCallback
                0x0000000008008934       0x14 ./Drivers/STM32G4xx_HAL_Driver/Src/stm32g4xx_hal_tim_ex.o
                0x0000000008008934                HAL_TIMEx_BreakCallback
 .text.HAL_TIMEx_Break2Callback
                0x0000000008008948       0x14 ./Drivers/STM32G4xx_HAL_Driver/Src/stm32g4xx_hal_tim_ex.o
                0x0000000008008948                HAL_TIMEx_Break2Callback
 .text.HAL_TIMEx_EncoderIndexCallback
                0x000000000800895c       0x14 ./Drivers/STM32G4xx_HAL_Driver/Src/stm32g4xx_hal_tim_ex.o
                0x000000000800895c                HAL_TIMEx_EncoderIndexCallback
 .text.HAL_TIMEx_DirectionChangeCallback
                0x0000000008008970       0x14 ./Drivers/STM32G4xx_HAL_Driver/Src/stm32g4xx_hal_tim_ex.o
                0x0000000008008970                HAL_TIMEx_DirectionChangeCallback
 .text.HAL_TIMEx_IndexErrorCallback
                0x0000000008008984       0x14 ./Drivers/STM32G4xx_HAL_Driver/Src/stm32g4xx_hal_tim_ex.o
                0x0000000008008984                HAL_TIMEx_IndexErrorCallback
 .text.HAL_TIMEx_TransitionErrorCallback
                0x0000000008008998       0x14 ./Drivers/STM32G4xx_HAL_Driver/Src/stm32g4xx_hal_tim_ex.o
                0x0000000008008998                HAL_TIMEx_TransitionErrorCallback
 .text.HAL_UART_Init
                0x00000000080089ac       0xa0 ./Drivers/STM32G4xx_HAL_Driver/Src/stm32g4xx_hal_uart.o
                0x00000000080089ac                HAL_UART_Init
 .text.UART_SetConfig
                0x0000000008008a4c      0x5f8 ./Drivers/STM32G4xx_HAL_Driver/Src/stm32g4xx_hal_uart.o
                0x0000000008008a4c                UART_SetConfig
 .text.UART_AdvFeatureConfig
                0x0000000008009044      0x144 ./Drivers/STM32G4xx_HAL_Driver/Src/stm32g4xx_hal_uart.o
                0x0000000008009044                UART_AdvFeatureConfig
 .text.UART_CheckIdleState
                0x0000000008009188       0x96 ./Drivers/STM32G4xx_HAL_Driver/Src/stm32g4xx_hal_uart.o
                0x0000000008009188                UART_CheckIdleState
 .text.UART_WaitOnFlagUntilTimeout
                0x000000000800921e      0x190 ./Drivers/STM32G4xx_HAL_Driver/Src/stm32g4xx_hal_uart.o
                0x000000000800921e                UART_WaitOnFlagUntilTimeout
 .text.HAL_UARTEx_DisableFifoMode
                0x00000000080093ae       0x72 ./Drivers/STM32G4xx_HAL_Driver/Src/stm32g4xx_hal_uart_ex.o
                0x00000000080093ae                HAL_UARTEx_DisableFifoMode
 .text.HAL_UARTEx_SetTxFifoThreshold
                0x0000000008009420       0x7c ./Drivers/STM32G4xx_HAL_Driver/Src/stm32g4xx_hal_uart_ex.o
                0x0000000008009420                HAL_UARTEx_SetTxFifoThreshold
 .text.HAL_UARTEx_SetRxFifoThreshold
                0x000000000800949c       0x7c ./Drivers/STM32G4xx_HAL_Driver/Src/stm32g4xx_hal_uart_ex.o
                0x000000000800949c                HAL_UARTEx_SetRxFifoThreshold
 .text.UARTEx_SetNbDataToProcess
                0x0000000008009518       0x9c ./Drivers/STM32G4xx_HAL_Driver/Src/stm32g4xx_hal_uart_ex.o
 .text.malloc   0x00000000080095b4       0x10 /home/nir/st/stm32cubeide_1.12.1_3/plugins/com.st.stm32cube.ide.mcu.externaltools.gnu-tools-for-stm32.11.3.rel1.linux64_1.1.0.202305231506/tools/bin/../lib/gcc/arm-none-eabi/11.3.1/../../../../arm-none-eabi/lib/thumb/v7e-m+fp/hard/libc_nano.a(libc_a-malloc.o)
                0x00000000080095b4                malloc
 .text.sbrk_aligned
                0x00000000080095c4       0x40 /home/nir/st/stm32cubeide_1.12.1_3/plugins/com.st.stm32cube.ide.mcu.externaltools.gnu-tools-for-stm32.11.3.rel1.linux64_1.1.0.202305231506/tools/bin/../lib/gcc/arm-none-eabi/11.3.1/../../../../arm-none-eabi/lib/thumb/v7e-m+fp/hard/libc_nano.a(libc_a-mallocr.o)
 .text._malloc_r
                0x0000000008009604      0x100 /home/nir/st/stm32cubeide_1.12.1_3/plugins/com.st.stm32cube.ide.mcu.externaltools.gnu-tools-for-stm32.11.3.rel1.linux64_1.1.0.202305231506/tools/bin/../lib/gcc/arm-none-eabi/11.3.1/../../../../arm-none-eabi/lib/thumb/v7e-m+fp/hard/libc_nano.a(libc_a-mallocr.o)
                0x0000000008009604                _malloc_r
 .text.__malloc_lock
                0x0000000008009704        0xc /home/nir/st/stm32cubeide_1.12.1_3/plugins/com.st.stm32cube.ide.mcu.externaltools.gnu-tools-for-stm32.11.3.rel1.linux64_1.1.0.202305231506/tools/bin/../lib/gcc/arm-none-eabi/11.3.1/../../../../arm-none-eabi/lib/thumb/v7e-m+fp/hard/libc_nano.a(libc_a-mlock.o)
                0x0000000008009704                __malloc_lock
 .text.__malloc_unlock
                0x0000000008009710        0xc /home/nir/st/stm32cubeide_1.12.1_3/plugins/com.st.stm32cube.ide.mcu.externaltools.gnu-tools-for-stm32.11.3.rel1.linux64_1.1.0.202305231506/tools/bin/../lib/gcc/arm-none-eabi/11.3.1/../../../../arm-none-eabi/lib/thumb/v7e-m+fp/hard/libc_nano.a(libc_a-mlock.o)
                0x0000000008009710                __malloc_unlock
 .text.memset   0x000000000800971c       0x10 /home/nir/st/stm32cubeide_1.12.1_3/plugins/com.st.stm32cube.ide.mcu.externaltools.gnu-tools-for-stm32.11.3.rel1.linux64_1.1.0.202305231506/tools/bin/../lib/gcc/arm-none-eabi/11.3.1/../../../../arm-none-eabi/lib/thumb/v7e-m+fp/hard/libc_nano.a(libc_a-memset.o)
                0x000000000800971c                memset
 .text._sbrk_r  0x000000000800972c       0x20 /home/nir/st/stm32cubeide_1.12.1_3/plugins/com.st.stm32cube.ide.mcu.externaltools.gnu-tools-for-stm32.11.3.rel1.linux64_1.1.0.202305231506/tools/bin/../lib/gcc/arm-none-eabi/11.3.1/../../../../arm-none-eabi/lib/thumb/v7e-m+fp/hard/libc_nano.a(libc_a-sbrkr.o)
                0x000000000800972c                _sbrk_r
 .text.__errno  0x000000000800974c        0xc /home/nir/st/stm32cubeide_1.12.1_3/plugins/com.st.stm32cube.ide.mcu.externaltools.gnu-tools-for-stm32.11.3.rel1.linux64_1.1.0.202305231506/tools/bin/../lib/gcc/arm-none-eabi/11.3.1/../../../../arm-none-eabi/lib/thumb/v7e-m+fp/hard/libc_nano.a(libc_a-errno.o)
                0x000000000800974c                __errno
 .text.__libc_init_array
                0x0000000008009758       0x48 /home/nir/st/stm32cubeide_1.12.1_3/plugins/com.st.stm32cube.ide.mcu.externaltools.gnu-tools-for-stm32.11.3.rel1.linux64_1.1.0.202305231506/tools/bin/../lib/gcc/arm-none-eabi/11.3.1/../../../../arm-none-eabi/lib/thumb/v7e-m+fp/hard/libc_nano.a(libc_a-init.o)
                0x0000000008009758                __libc_init_array
 .text.__retarget_lock_acquire_recursive
                0x00000000080097a0        0x2 /home/nir/st/stm32cubeide_1.12.1_3/plugins/com.st.stm32cube.ide.mcu.externaltools.gnu-tools-for-stm32.11.3.rel1.linux64_1.1.0.202305231506/tools/bin/../lib/gcc/arm-none-eabi/11.3.1/../../../../arm-none-eabi/lib/thumb/v7e-m+fp/hard/libc_nano.a(libc_a-lock.o)
                0x00000000080097a0                __retarget_lock_acquire_recursive
 .text.__retarget_lock_release_recursive
                0x00000000080097a2        0x2 /home/nir/st/stm32cubeide_1.12.1_3/plugins/com.st.stm32cube.ide.mcu.externaltools.gnu-tools-for-stm32.11.3.rel1.linux64_1.1.0.202305231506/tools/bin/../lib/gcc/arm-none-eabi/11.3.1/../../../../arm-none-eabi/lib/thumb/v7e-m+fp/hard/libc_nano.a(libc_a-lock.o)
                0x00000000080097a2                __retarget_lock_release_recursive
 .text.memcpy   0x00000000080097a4       0x1c /home/nir/st/stm32cubeide_1.12.1_3/plugins/com.st.stm32cube.ide.mcu.externaltools.gnu-tools-for-stm32.11.3.rel1.linux64_1.1.0.202305231506/tools/bin/../lib/gcc/arm-none-eabi/11.3.1/../../../../arm-none-eabi/lib/thumb/v7e-m+fp/hard/libc_nano.a(libc_a-memcpy-stub.o)
                0x00000000080097a4                memcpy
 *(.glue_7)
 .glue_7        0x00000000080097c0        0x0 linker stubs
 *(.glue_7t)
 .glue_7t       0x00000000080097c0        0x0 linker stubs
 *(.eh_frame)
 .eh_frame      0x00000000080097c0        0x0 /home/nir/st/stm32cubeide_1.12.1_3/plugins/com.st.stm32cube.ide.mcu.externaltools.gnu-tools-for-stm32.11.3.rel1.linux64_1.1.0.202305231506/tools/bin/../lib/gcc/arm-none-eabi/11.3.1/thumb/v7e-m+fp/hard/crtbegin.o
 *(.init)
 .init          0x00000000080097c0        0x4 /home/nir/st/stm32cubeide_1.12.1_3/plugins/com.st.stm32cube.ide.mcu.externaltools.gnu-tools-for-stm32.11.3.rel1.linux64_1.1.0.202305231506/tools/bin/../lib/gcc/arm-none-eabi/11.3.1/thumb/v7e-m+fp/hard/crti.o
                0x00000000080097c0                _init
 .init          0x00000000080097c4        0x8 /home/nir/st/stm32cubeide_1.12.1_3/plugins/com.st.stm32cube.ide.mcu.externaltools.gnu-tools-for-stm32.11.3.rel1.linux64_1.1.0.202305231506/tools/bin/../lib/gcc/arm-none-eabi/11.3.1/thumb/v7e-m+fp/hard/crtn.o
 *(.fini)
 .fini          0x00000000080097cc        0x4 /home/nir/st/stm32cubeide_1.12.1_3/plugins/com.st.stm32cube.ide.mcu.externaltools.gnu-tools-for-stm32.11.3.rel1.linux64_1.1.0.202305231506/tools/bin/../lib/gcc/arm-none-eabi/11.3.1/thumb/v7e-m+fp/hard/crti.o
                0x00000000080097cc                _fini
 .fini          0x00000000080097d0        0x8 /home/nir/st/stm32cubeide_1.12.1_3/plugins/com.st.stm32cube.ide.mcu.externaltools.gnu-tools-for-stm32.11.3.rel1.linux64_1.1.0.202305231506/tools/bin/../lib/gcc/arm-none-eabi/11.3.1/thumb/v7e-m+fp/hard/crtn.o
                0x00000000080097d8                . = ALIGN (0x4)
                0x00000000080097d8                _etext = .

.vfp11_veneer   0x00000000080097d8        0x0
 .vfp11_veneer  0x00000000080097d8        0x0 linker stubs

.v4_bx          0x00000000080097d8        0x0
 .v4_bx         0x00000000080097d8        0x0 linker stubs

.iplt           0x00000000080097d8        0x0
 .iplt          0x00000000080097d8        0x0 /home/nir/st/stm32cubeide_1.12.1_3/plugins/com.st.stm32cube.ide.mcu.externaltools.gnu-tools-for-stm32.11.3.rel1.linux64_1.1.0.202305231506/tools/bin/../lib/gcc/arm-none-eabi/11.3.1/thumb/v7e-m+fp/hard/crtbegin.o

.rodata         0x00000000080097d8       0x50
                0x00000000080097d8                . = ALIGN (0x4)
 *(.rodata)
 *(.rodata*)
 .rodata.AHBPrescTable
                0x00000000080097d8       0x10 ./Core/Src/system_stm32g4xx.o
                0x00000000080097d8                AHBPrescTable
 .rodata.APBPrescTable
                0x00000000080097e8        0x8 ./Core/Src/system_stm32g4xx.o
                0x00000000080097e8                APBPrescTable
 .rodata.DLCtoBytes
                0x00000000080097f0       0x10 ./Drivers/STM32G4xx_HAL_Driver/Src/stm32g4xx_hal_fdcan.o
 .rodata.UARTPrescTable
                0x0000000008009800       0x18 ./Drivers/STM32G4xx_HAL_Driver/Src/stm32g4xx_hal_uart.o
                0x0000000008009800                UARTPrescTable
 .rodata.numerator.1
                0x0000000008009818        0x8 ./Drivers/STM32G4xx_HAL_Driver/Src/stm32g4xx_hal_uart_ex.o
 .rodata.denominator.0
                0x0000000008009820        0x8 ./Drivers/STM32G4xx_HAL_Driver/Src/stm32g4xx_hal_uart_ex.o
                0x0000000008009828                . = ALIGN (0x4)

.ARM.extab      0x0000000008009828        0x0
                0x0000000008009828                . = ALIGN (0x4)
 *(.ARM.extab* .gnu.linkonce.armextab.*)
                0x0000000008009828                . = ALIGN (0x4)

.ARM            0x0000000008009828        0x8
                0x0000000008009828                . = ALIGN (0x4)
                0x0000000008009828                __exidx_start = .
 *(.ARM.exidx*)
 .ARM.exidx     0x0000000008009828        0x8 /home/nir/st/stm32cubeide_1.12.1_3/plugins/com.st.stm32cube.ide.mcu.externaltools.gnu-tools-for-stm32.11.3.rel1.linux64_1.1.0.202305231506/tools/bin/../lib/gcc/arm-none-eabi/11.3.1/thumb/v7e-m+fp/hard/libgcc.a(_udivmoddi4.o)
                0x0000000008009830                __exidx_end = .
                0x0000000008009830                . = ALIGN (0x4)

.rel.dyn        0x0000000008009830        0x0
 .rel.iplt      0x0000000008009830        0x0 /home/nir/st/stm32cubeide_1.12.1_3/plugins/com.st.stm32cube.ide.mcu.externaltools.gnu-tools-for-stm32.11.3.rel1.linux64_1.1.0.202305231506/tools/bin/../lib/gcc/arm-none-eabi/11.3.1/thumb/v7e-m+fp/hard/crtbegin.o

.preinit_array  0x0000000008009830        0x0
                0x0000000008009830                . = ALIGN (0x4)
                0x0000000008009830                PROVIDE (__preinit_array_start = .)
 *(.preinit_array*)
                0x0000000008009830                PROVIDE (__preinit_array_end = .)
                0x0000000008009830                . = ALIGN (0x4)

.init_array     0x0000000008009830        0x4
                0x0000000008009830                . = ALIGN (0x4)
                0x0000000008009830                PROVIDE (__init_array_start = .)
 *(SORT_BY_NAME(.init_array.*))
 *(.init_array*)
 .init_array    0x0000000008009830        0x4 /home/nir/st/stm32cubeide_1.12.1_3/plugins/com.st.stm32cube.ide.mcu.externaltools.gnu-tools-for-stm32.11.3.rel1.linux64_1.1.0.202305231506/tools/bin/../lib/gcc/arm-none-eabi/11.3.1/thumb/v7e-m+fp/hard/crtbegin.o
                0x0000000008009834                PROVIDE (__init_array_end = .)
                0x0000000008009834                . = ALIGN (0x4)

.fini_array     0x0000000008009834        0x4
                0x0000000008009834                . = ALIGN (0x4)
                [!provide]                        PROVIDE (__fini_array_start = .)
 *(SORT_BY_NAME(.fini_array.*))
 *(.fini_array*)
 .fini_array    0x0000000008009834        0x4 /home/nir/st/stm32cubeide_1.12.1_3/plugins/com.st.stm32cube.ide.mcu.externaltools.gnu-tools-for-stm32.11.3.rel1.linux64_1.1.0.202305231506/tools/bin/../lib/gcc/arm-none-eabi/11.3.1/thumb/v7e-m+fp/hard/crtbegin.o
                [!provide]                        PROVIDE (__fini_array_end = .)
                0x0000000008009838                . = ALIGN (0x4)
                0x0000000008009838                _sidata = LOADADDR (.data)

.data           0x0000000020000000       0x5c load address 0x0000000008009838
                0x0000000020000000                . = ALIGN (0x4)
                0x0000000020000000                _sdata = .
 *(.data)
 *(.data*)
 .data.SystemCoreClock
                0x0000000020000000        0x4 ./Core/Src/system_stm32g4xx.o
                0x0000000020000000                SystemCoreClock
 .data.uwTickPrio
                0x0000000020000004        0x4 ./Drivers/STM32G4xx_HAL_Driver/Src/stm32g4xx_hal.o
                0x0000000020000004                uwTickPrio
 .data.uwTickFreq
                0x0000000020000008        0x4 ./Drivers/STM32G4xx_HAL_Driver/Src/stm32g4xx_hal.o
                0x0000000020000008                uwTickFreq
 .data._impure_data
                0x000000002000000c       0x4c /home/nir/st/stm32cubeide_1.12.1_3/plugins/com.st.stm32cube.ide.mcu.externaltools.gnu-tools-for-stm32.11.3.rel1.linux64_1.1.0.202305231506/tools/bin/../lib/gcc/arm-none-eabi/11.3.1/../../../../arm-none-eabi/lib/thumb/v7e-m+fp/hard/libc_nano.a(libc_a-impure.o)
                0x000000002000000c                _impure_data
 .data._impure_ptr
                0x0000000020000058        0x4 /home/nir/st/stm32cubeide_1.12.1_3/plugins/com.st.stm32cube.ide.mcu.externaltools.gnu-tools-for-stm32.11.3.rel1.linux64_1.1.0.202305231506/tools/bin/../lib/gcc/arm-none-eabi/11.3.1/../../../../arm-none-eabi/lib/thumb/v7e-m+fp/hard/libc_nano.a(libc_a-impure.o)
                0x0000000020000058                _impure_ptr
 *(.RamFunc)
 *(.RamFunc*)
                0x000000002000005c                . = ALIGN (0x4)
                0x000000002000005c                _edata = .

.igot.plt       0x000000002000005c        0x0 load address 0x0000000008009894
 .igot.plt      0x000000002000005c        0x0 /home/nir/st/stm32cubeide_1.12.1_3/plugins/com.st.stm32cube.ide.mcu.externaltools.gnu-tools-for-stm32.11.3.rel1.linux64_1.1.0.202305231506/tools/bin/../lib/gcc/arm-none-eabi/11.3.1/thumb/v7e-m+fp/hard/crtbegin.o
                0x000000002000005c                . = ALIGN (0x4)

.bss            0x000000002000005c      0x648 load address 0x0000000008009894
                0x000000002000005c                _sbss = .
                0x000000002000005c                __bss_start__ = _sbss
 *(.bss)
 .bss           0x000000002000005c       0x1c /home/nir/st/stm32cubeide_1.12.1_3/plugins/com.st.stm32cube.ide.mcu.externaltools.gnu-tools-for-stm32.11.3.rel1.linux64_1.1.0.202305231506/tools/bin/../lib/gcc/arm-none-eabi/11.3.1/thumb/v7e-m+fp/hard/crtbegin.o
 *(.bss*)
 .bss.hadc2     0x0000000020000078       0x6c ./Core/Src/adc.o
                0x0000000020000078                hadc2
 .bss.hdma_adc2
                0x00000000200000e4       0x60 ./Core/Src/adc.o
                0x00000000200000e4                hdma_adc2
 .bss.hfdcan1   0x0000000020000144       0x64 ./Core/Src/fdcan.o
                0x0000000020000144                hfdcan1
 .bss.hi2c1     0x00000000200001a8       0x4c ./Core/Src/i2c.o
                0x00000000200001a8                hi2c1
 .bss.currentState
                0x00000000200001f4        0x1 ./Core/Src/main.o
                0x00000000200001f4                currentState
 *fill*         0x00000000200001f5        0x3 
 .bss.soul_sense
                0x00000000200001f8       0x4c ./Core/Src/main.o
                0x00000000200001f8                soul_sense
 .bss.comm_controller
                0x0000000020000244      0x110 ./Core/Src/main.o
                0x0000000020000244                comm_controller
 .bss.imu       0x0000000020000354       0x4c ./Core/Src/main.o
                0x0000000020000354                imu
 .bss.contact_sensors
                0x00000000200003a0       0x44 ./Core/Src/main.o
                0x00000000200003a0                contact_sensors
 .bss.fw_version
                0x00000000200003e4        0x3 ./Core/Src/main.o
                0x00000000200003e4                fw_version
 *fill*         0x00000000200003e7        0x1 
 .bss.__sbrk_heap_end
                0x00000000200003e8        0x4 ./Core/Src/sysmem.o
 .bss.htim3     0x00000000200003ec       0x4c ./Core/Src/tim.o
                0x00000000200003ec                htim3
 .bss.huart4    0x0000000020000438       0x90 ./Core/Src/usart.o
                0x0000000020000438                huart4
 .bss.huart3    0x00000000200004c8       0x90 ./Core/Src/usart.o
                0x00000000200004c8                huart3
 .bss.uwTick    0x0000000020000558        0x4 ./Drivers/STM32G4xx_HAL_Driver/Src/stm32g4xx_hal.o
                0x0000000020000558                uwTick
 .bss.__malloc_free_list
                0x000000002000055c        0x4 /home/nir/st/stm32cubeide_1.12.1_3/plugins/com.st.stm32cube.ide.mcu.externaltools.gnu-tools-for-stm32.11.3.rel1.linux64_1.1.0.202305231506/tools/bin/../lib/gcc/arm-none-eabi/11.3.1/../../../../arm-none-eabi/lib/thumb/v7e-m+fp/hard/libc_nano.a(libc_a-mallocr.o)
                0x000000002000055c                __malloc_free_list
 .bss.__malloc_sbrk_start
                0x0000000020000560        0x4 /home/nir/st/stm32cubeide_1.12.1_3/plugins/com.st.stm32cube.ide.mcu.externaltools.gnu-tools-for-stm32.11.3.rel1.linux64_1.1.0.202305231506/tools/bin/../lib/gcc/arm-none-eabi/11.3.1/../../../../arm-none-eabi/lib/thumb/v7e-m+fp/hard/libc_nano.a(libc_a-mallocr.o)
                0x0000000020000560                __malloc_sbrk_start
 .bss.__sf      0x0000000020000564      0x138 /home/nir/st/stm32cubeide_1.12.1_3/plugins/com.st.stm32cube.ide.mcu.externaltools.gnu-tools-for-stm32.11.3.rel1.linux64_1.1.0.202305231506/tools/bin/../lib/gcc/arm-none-eabi/11.3.1/../../../../arm-none-eabi/lib/thumb/v7e-m+fp/hard/libc_nano.a(libc_a-findfp.o)
                0x0000000020000564                __sf
 .bss.errno     0x000000002000069c        0x4 /home/nir/st/stm32cubeide_1.12.1_3/plugins/com.st.stm32cube.ide.mcu.externaltools.gnu-tools-for-stm32.11.3.rel1.linux64_1.1.0.202305231506/tools/bin/../lib/gcc/arm-none-eabi/11.3.1/../../../../arm-none-eabi/lib/thumb/v7e-m+fp/hard/libc_nano.a(libc_a-reent.o)
                0x000000002000069c                errno
 .bss.__lock___malloc_recursive_mutex
                0x00000000200006a0        0x1 /home/nir/st/stm32cubeide_1.12.1_3/plugins/com.st.stm32cube.ide.mcu.externaltools.gnu-tools-for-stm32.11.3.rel1.linux64_1.1.0.202305231506/tools/bin/../lib/gcc/arm-none-eabi/11.3.1/../../../../arm-none-eabi/lib/thumb/v7e-m+fp/hard/libc_nano.a(libc_a-lock.o)
                0x00000000200006a0                __lock___malloc_recursive_mutex
 *(COMMON)
                0x00000000200006a4                . = ALIGN (0x4)
 *fill*         0x00000000200006a1        0x3 
                0x00000000200006a4                _ebss = .
                0x00000000200006a4                __bss_end__ = _ebss

._user_heap_stack
                0x00000000200006a4      0x604 load address 0x0000000008009894
                0x00000000200006a8                . = ALIGN (0x8)
 *fill*         0x00000000200006a4        0x4 
                [!provide]                        PROVIDE (end = .)
                0x00000000200006a8                PROVIDE (_end = .)
                0x00000000200008a8                . = (. + _Min_Heap_Size)
 *fill*         0x00000000200006a8      0x200 
                0x0000000020000ca8                . = (. + _Min_Stack_Size)
 *fill*         0x00000000200008a8      0x400 
                0x0000000020000ca8                . = ALIGN (0x8)

/DISCARD/
 libc.a(*)
 libm.a(*)
 libgcc.a(*)

.ARM.attributes
                0x0000000000000000       0x30
 *(.ARM.attributes)
 .ARM.attributes
                0x0000000000000000       0x1e /home/nir/st/stm32cubeide_1.12.1_3/plugins/com.st.stm32cube.ide.mcu.externaltools.gnu-tools-for-stm32.11.3.rel1.linux64_1.1.0.202305231506/tools/bin/../lib/gcc/arm-none-eabi/11.3.1/thumb/v7e-m+fp/hard/crti.o
 .ARM.attributes
                0x000000000000001e       0x34 /home/nir/st/stm32cubeide_1.12.1_3/plugins/com.st.stm32cube.ide.mcu.externaltools.gnu-tools-for-stm32.11.3.rel1.linux64_1.1.0.202305231506/tools/bin/../lib/gcc/arm-none-eabi/11.3.1/thumb/v7e-m+fp/hard/crtbegin.o
 .ARM.attributes
                0x0000000000000052       0x34 ./Core/Src/Imu.o
 .ARM.attributes
                0x0000000000000086       0x34 ./Core/Src/SoulSense.o
 .ARM.attributes
                0x00000000000000ba       0x34 ./Core/Src/adc.o
 .ARM.attributes
                0x00000000000000ee       0x34 ./Core/Src/bno055.o
 .ARM.attributes
                0x0000000000000122       0x34 ./Core/Src/commcontroller.o
 .ARM.attributes
                0x0000000000000156       0x34 ./Core/Src/contact_sensors.o
 .ARM.attributes
                0x000000000000018a       0x34 ./Core/Src/dma.o
 .ARM.attributes
                0x00000000000001be       0x34 ./Core/Src/fdcan.o
 .ARM.attributes
                0x00000000000001f2       0x34 ./Core/Src/gpio.o
 .ARM.attributes
                0x0000000000000226       0x34 ./Core/Src/i2c.o
 .ARM.attributes
                0x000000000000025a       0x34 ./Core/Src/main.o
 .ARM.attributes
                0x000000000000028e       0x34 ./Core/Src/stm32g4xx_hal_msp.o
 .ARM.attributes
                0x00000000000002c2       0x34 ./Core/Src/stm32g4xx_it.o
 .ARM.attributes
                0x00000000000002f6       0x34 ./Core/Src/sysmem.o
 .ARM.attributes
                0x000000000000032a       0x34 ./Core/Src/system_stm32g4xx.o
 .ARM.attributes
                0x000000000000035e       0x34 ./Core/Src/tim.o
 .ARM.attributes
                0x0000000000000392       0x34 ./Core/Src/usart.o
 .ARM.attributes
                0x00000000000003c6       0x34 ./Core/Src/version.o
 .ARM.attributes
                0x00000000000003fa       0x21 ./Core/Startup/startup_stm32g474rbtx.o
 .ARM.attributes
                0x000000000000041b       0x34 ./Drivers/STM32G4xx_HAL_Driver/Src/stm32g4xx_hal.o
 .ARM.attributes
                0x000000000000044f       0x34 ./Drivers/STM32G4xx_HAL_Driver/Src/stm32g4xx_hal_adc.o
 .ARM.attributes
                0x0000000000000483       0x34 ./Drivers/STM32G4xx_HAL_Driver/Src/stm32g4xx_hal_cortex.o
 .ARM.attributes
                0x00000000000004b7       0x34 ./Drivers/STM32G4xx_HAL_Driver/Src/stm32g4xx_hal_dma.o
 .ARM.attributes
                0x00000000000004eb       0x34 ./Drivers/STM32G4xx_HAL_Driver/Src/stm32g4xx_hal_fdcan.o
 .ARM.attributes
                0x000000000000051f       0x34 ./Drivers/STM32G4xx_HAL_Driver/Src/stm32g4xx_hal_gpio.o
 .ARM.attributes
                0x0000000000000553       0x34 ./Drivers/STM32G4xx_HAL_Driver/Src/stm32g4xx_hal_i2c.o
 .ARM.attributes
                0x0000000000000587       0x34 ./Drivers/STM32G4xx_HAL_Driver/Src/stm32g4xx_hal_i2c_ex.o
 .ARM.attributes
                0x00000000000005bb       0x34 ./Drivers/STM32G4xx_HAL_Driver/Src/stm32g4xx_hal_pwr_ex.o
 .ARM.attributes
                0x00000000000005ef       0x34 ./Drivers/STM32G4xx_HAL_Driver/Src/stm32g4xx_hal_rcc.o
 .ARM.attributes
                0x0000000000000623       0x34 ./Drivers/STM32G4xx_HAL_Driver/Src/stm32g4xx_hal_rcc_ex.o
 .ARM.attributes
                0x0000000000000657       0x34 ./Drivers/STM32G4xx_HAL_Driver/Src/stm32g4xx_hal_tim.o
 .ARM.attributes
                0x000000000000068b       0x34 ./Drivers/STM32G4xx_HAL_Driver/Src/stm32g4xx_hal_tim_ex.o
 .ARM.attributes
                0x00000000000006bf       0x34 ./Drivers/STM32G4xx_HAL_Driver/Src/stm32g4xx_hal_uart.o
 .ARM.attributes
                0x00000000000006f3       0x34 ./Drivers/STM32G4xx_HAL_Driver/Src/stm32g4xx_hal_uart_ex.o
 .ARM.attributes
                0x0000000000000727       0x34 /home/nir/st/stm32cubeide_1.12.1_3/plugins/com.st.stm32cube.ide.mcu.externaltools.gnu-tools-for-stm32.11.3.rel1.linux64_1.1.0.202305231506/tools/bin/../lib/gcc/arm-none-eabi/11.3.1/../../../../arm-none-eabi/lib/thumb/v7e-m+fp/hard/libc_nano.a(libc_a-malloc.o)
 .ARM.attributes
                0x000000000000075b       0x34 /home/nir/st/stm32cubeide_1.12.1_3/plugins/com.st.stm32cube.ide.mcu.externaltools.gnu-tools-for-stm32.11.3.rel1.linux64_1.1.0.202305231506/tools/bin/../lib/gcc/arm-none-eabi/11.3.1/../../../../arm-none-eabi/lib/thumb/v7e-m+fp/hard/libc_nano.a(libc_a-mallocr.o)
 .ARM.attributes
                0x000000000000078f       0x34 /home/nir/st/stm32cubeide_1.12.1_3/plugins/com.st.stm32cube.ide.mcu.externaltools.gnu-tools-for-stm32.11.3.rel1.linux64_1.1.0.202305231506/tools/bin/../lib/gcc/arm-none-eabi/11.3.1/../../../../arm-none-eabi/lib/thumb/v7e-m+fp/hard/libc_nano.a(libc_a-mlock.o)
 .ARM.attributes
                0x00000000000007c3       0x34 /home/nir/st/stm32cubeide_1.12.1_3/plugins/com.st.stm32cube.ide.mcu.externaltools.gnu-tools-for-stm32.11.3.rel1.linux64_1.1.0.202305231506/tools/bin/../lib/gcc/arm-none-eabi/11.3.1/../../../../arm-none-eabi/lib/thumb/v7e-m+fp/hard/libc_nano.a(libc_a-findfp.o)
 .ARM.attributes
                0x00000000000007f7       0x34 /home/nir/st/stm32cubeide_1.12.1_3/plugins/com.st.stm32cube.ide.mcu.externaltools.gnu-tools-for-stm32.11.3.rel1.linux64_1.1.0.202305231506/tools/bin/../lib/gcc/arm-none-eabi/11.3.1/../../../../arm-none-eabi/lib/thumb/v7e-m+fp/hard/libc_nano.a(libc_a-memset.o)
 .ARM.attributes
                0x000000000000082b       0x34 /home/nir/st/stm32cubeide_1.12.1_3/plugins/com.st.stm32cube.ide.mcu.externaltools.gnu-tools-for-stm32.11.3.rel1.linux64_1.1.0.202305231506/tools/bin/../lib/gcc/arm-none-eabi/11.3.1/../../../../arm-none-eabi/lib/thumb/v7e-m+fp/hard/libc_nano.a(libc_a-reent.o)
 .ARM.attributes
                0x000000000000085f       0x34 /home/nir/st/stm32cubeide_1.12.1_3/plugins/com.st.stm32cube.ide.mcu.externaltools.gnu-tools-for-stm32.11.3.rel1.linux64_1.1.0.202305231506/tools/bin/../lib/gcc/arm-none-eabi/11.3.1/../../../../arm-none-eabi/lib/thumb/v7e-m+fp/hard/libc_nano.a(libc_a-impure.o)
 .ARM.attributes
                0x0000000000000893       0x34 /home/nir/st/stm32cubeide_1.12.1_3/plugins/com.st.stm32cube.ide.mcu.externaltools.gnu-tools-for-stm32.11.3.rel1.linux64_1.1.0.202305231506/tools/bin/../lib/gcc/arm-none-eabi/11.3.1/../../../../arm-none-eabi/lib/thumb/v7e-m+fp/hard/libc_nano.a(libc_a-sbrkr.o)
 .ARM.attributes
                0x00000000000008c7       0x34 /home/nir/st/stm32cubeide_1.12.1_3/plugins/com.st.stm32cube.ide.mcu.externaltools.gnu-tools-for-stm32.11.3.rel1.linux64_1.1.0.202305231506/tools/bin/../lib/gcc/arm-none-eabi/11.3.1/../../../../arm-none-eabi/lib/thumb/v7e-m+fp/hard/libc_nano.a(libc_a-errno.o)
 .ARM.attributes
                0x00000000000008fb       0x34 /home/nir/st/stm32cubeide_1.12.1_3/plugins/com.st.stm32cube.ide.mcu.externaltools.gnu-tools-for-stm32.11.3.rel1.linux64_1.1.0.202305231506/tools/bin/../lib/gcc/arm-none-eabi/11.3.1/../../../../arm-none-eabi/lib/thumb/v7e-m+fp/hard/libc_nano.a(libc_a-init.o)
 .ARM.attributes
                0x000000000000092f       0x34 /home/nir/st/stm32cubeide_1.12.1_3/plugins/com.st.stm32cube.ide.mcu.externaltools.gnu-tools-for-stm32.11.3.rel1.linux64_1.1.0.202305231506/tools/bin/../lib/gcc/arm-none-eabi/11.3.1/../../../../arm-none-eabi/lib/thumb/v7e-m+fp/hard/libc_nano.a(libc_a-lock.o)
 .ARM.attributes
                0x0000000000000963       0x34 /home/nir/st/stm32cubeide_1.12.1_3/plugins/com.st.stm32cube.ide.mcu.externaltools.gnu-tools-for-stm32.11.3.rel1.linux64_1.1.0.202305231506/tools/bin/../lib/gcc/arm-none-eabi/11.3.1/../../../../arm-none-eabi/lib/thumb/v7e-m+fp/hard/libc_nano.a(libc_a-memcpy-stub.o)
 .ARM.attributes
                0x0000000000000997       0x1e /home/nir/st/stm32cubeide_1.12.1_3/plugins/com.st.stm32cube.ide.mcu.externaltools.gnu-tools-for-stm32.11.3.rel1.linux64_1.1.0.202305231506/tools/bin/../lib/gcc/arm-none-eabi/11.3.1/thumb/v7e-m+fp/hard/libgcc.a(_aeabi_uldivmod.o)
 .ARM.attributes
                0x00000000000009b5       0x34 /home/nir/st/stm32cubeide_1.12.1_3/plugins/com.st.stm32cube.ide.mcu.externaltools.gnu-tools-for-stm32.11.3.rel1.linux64_1.1.0.202305231506/tools/bin/../lib/gcc/arm-none-eabi/11.3.1/thumb/v7e-m+fp/hard/libgcc.a(_udivmoddi4.o)
 .ARM.attributes
                0x00000000000009e9       0x1e /home/nir/st/stm32cubeide_1.12.1_3/plugins/com.st.stm32cube.ide.mcu.externaltools.gnu-tools-for-stm32.11.3.rel1.linux64_1.1.0.202305231506/tools/bin/../lib/gcc/arm-none-eabi/11.3.1/thumb/v7e-m+fp/hard/libgcc.a(_dvmd_tls.o)
 .ARM.attributes
                0x0000000000000a07       0x1e /home/nir/st/stm32cubeide_1.12.1_3/plugins/com.st.stm32cube.ide.mcu.externaltools.gnu-tools-for-stm32.11.3.rel1.linux64_1.1.0.202305231506/tools/bin/../lib/gcc/arm-none-eabi/11.3.1/thumb/v7e-m+fp/hard/crtn.o
OUTPUT(SoulSense2.elf elf32-littlearm)
LOAD linker stubs
LOAD /home/nir/st/stm32cubeide_1.12.1_3/plugins/com.st.stm32cube.ide.mcu.externaltools.gnu-tools-for-stm32.11.3.rel1.linux64_1.1.0.202305231506/tools/bin/../lib/gcc/arm-none-eabi/11.3.1/../../../../arm-none-eabi/lib/thumb/v7e-m+fp/hard/libc.a
LOAD /home/nir/st/stm32cubeide_1.12.1_3/plugins/com.st.stm32cube.ide.mcu.externaltools.gnu-tools-for-stm32.11.3.rel1.linux64_1.1.0.202305231506/tools/bin/../lib/gcc/arm-none-eabi/11.3.1/../../../../arm-none-eabi/lib/thumb/v7e-m+fp/hard/libm.a
LOAD /home/nir/st/stm32cubeide_1.12.1_3/plugins/com.st.stm32cube.ide.mcu.externaltools.gnu-tools-for-stm32.11.3.rel1.linux64_1.1.0.202305231506/tools/bin/../lib/gcc/arm-none-eabi/11.3.1/thumb/v7e-m+fp/hard/libgcc.a

.comment        0x0000000000000000       0x43
 .comment       0x0000000000000000       0x43 /home/nir/st/stm32cubeide_1.12.1_3/plugins/com.st.stm32cube.ide.mcu.externaltools.gnu-tools-for-stm32.11.3.rel1.linux64_1.1.0.202305231506/tools/bin/../lib/gcc/arm-none-eabi/11.3.1/thumb/v7e-m+fp/hard/crtbegin.o
                                         0x44 (size before relaxing)
 .comment       0x0000000000000043       0x44 ./Core/Src/Imu.o
 .comment       0x0000000000000043       0x44 ./Core/Src/SoulSense.o
 .comment       0x0000000000000043       0x44 ./Core/Src/adc.o
 .comment       0x0000000000000043       0x44 ./Core/Src/bno055.o
 .comment       0x0000000000000043       0x44 ./Core/Src/commcontroller.o
 .comment       0x0000000000000043       0x44 ./Core/Src/contact_sensors.o
 .comment       0x0000000000000043       0x44 ./Core/Src/dma.o
 .comment       0x0000000000000043       0x44 ./Core/Src/fdcan.o
 .comment       0x0000000000000043       0x44 ./Core/Src/gpio.o
 .comment       0x0000000000000043       0x44 ./Core/Src/i2c.o
 .comment       0x0000000000000043       0x44 ./Core/Src/main.o
 .comment       0x0000000000000043       0x44 ./Core/Src/stm32g4xx_hal_msp.o
 .comment       0x0000000000000043       0x44 ./Core/Src/stm32g4xx_it.o
 .comment       0x0000000000000043       0x44 ./Core/Src/sysmem.o
 .comment       0x0000000000000043       0x44 ./Core/Src/system_stm32g4xx.o
 .comment       0x0000000000000043       0x44 ./Core/Src/tim.o
 .comment       0x0000000000000043       0x44 ./Core/Src/usart.o
 .comment       0x0000000000000043       0x44 ./Core/Src/version.o
 .comment       0x0000000000000043       0x44 ./Drivers/STM32G4xx_HAL_Driver/Src/stm32g4xx_hal.o
 .comment       0x0000000000000043       0x44 ./Drivers/STM32G4xx_HAL_Driver/Src/stm32g4xx_hal_adc.o
 .comment       0x0000000000000043       0x44 ./Drivers/STM32G4xx_HAL_Driver/Src/stm32g4xx_hal_cortex.o
 .comment       0x0000000000000043       0x44 ./Drivers/STM32G4xx_HAL_Driver/Src/stm32g4xx_hal_dma.o
 .comment       0x0000000000000043       0x44 ./Drivers/STM32G4xx_HAL_Driver/Src/stm32g4xx_hal_fdcan.o
 .comment       0x0000000000000043       0x44 ./Drivers/STM32G4xx_HAL_Driver/Src/stm32g4xx_hal_gpio.o
 .comment       0x0000000000000043       0x44 ./Drivers/STM32G4xx_HAL_Driver/Src/stm32g4xx_hal_i2c.o
 .comment       0x0000000000000043       0x44 ./Drivers/STM32G4xx_HAL_Driver/Src/stm32g4xx_hal_i2c_ex.o
 .comment       0x0000000000000043       0x44 ./Drivers/STM32G4xx_HAL_Driver/Src/stm32g4xx_hal_pwr_ex.o
 .comment       0x0000000000000043       0x44 ./Drivers/STM32G4xx_HAL_Driver/Src/stm32g4xx_hal_rcc.o
 .comment       0x0000000000000043       0x44 ./Drivers/STM32G4xx_HAL_Driver/Src/stm32g4xx_hal_rcc_ex.o
 .comment       0x0000000000000043       0x44 ./Drivers/STM32G4xx_HAL_Driver/Src/stm32g4xx_hal_tim.o
 .comment       0x0000000000000043       0x44 ./Drivers/STM32G4xx_HAL_Driver/Src/stm32g4xx_hal_tim_ex.o
 .comment       0x0000000000000043       0x44 ./Drivers/STM32G4xx_HAL_Driver/Src/stm32g4xx_hal_uart.o
 .comment       0x0000000000000043       0x44 ./Drivers/STM32G4xx_HAL_Driver/Src/stm32g4xx_hal_uart_ex.o

.debug_info     0x0000000000000000    0x23c63
 .debug_info    0x0000000000000000     0x1326 ./Core/Src/Imu.o
 .debug_info    0x0000000000001326     0x1807 ./Core/Src/SoulSense.o
 .debug_info    0x0000000000002b2d      0xf25 ./Core/Src/adc.o
 .debug_info    0x0000000000003a52     0x2107 ./Core/Src/bno055.o
 .debug_info    0x0000000000005b59      0x959 ./Core/Src/commcontroller.o
 .debug_info    0x00000000000064b2      0x990 ./Core/Src/contact_sensors.o
 .debug_info    0x0000000000006e42      0x5ac ./Core/Src/dma.o
 .debug_info    0x00000000000073ee      0xe58 ./Core/Src/fdcan.o
 .debug_info    0x0000000000008246      0x463 ./Core/Src/gpio.o
 .debug_info    0x00000000000086a9      0xd37 ./Core/Src/i2c.o
 .debug_info    0x00000000000093e0     0x25d1 ./Core/Src/main.o
 .debug_info    0x000000000000b9b1      0x2d1 ./Core/Src/stm32g4xx_hal_msp.o
 .debug_info    0x000000000000bc82      0xd85 ./Core/Src/stm32g4xx_it.o
 .debug_info    0x000000000000ca07      0x168 ./Core/Src/sysmem.o
 .debug_info    0x000000000000cb6f      0x58e ./Core/Src/system_stm32g4xx.o
 .debug_info    0x000000000000d0fd      0xe9e ./Core/Src/tim.o
 .debug_info    0x000000000000df9b      0xdda ./Core/Src/usart.o
 .debug_info    0x000000000000ed75       0xe8 ./Core/Src/version.o
 .debug_info    0x000000000000ee5d       0x23 ./Core/Startup/startup_stm32g474rbtx.o
 .debug_info    0x000000000000ee80      0xb53 ./Drivers/STM32G4xx_HAL_Driver/Src/stm32g4xx_hal.o
 .debug_info    0x000000000000f9d3     0x203d ./Drivers/STM32G4xx_HAL_Driver/Src/stm32g4xx_hal_adc.o
 .debug_info    0x0000000000011a10      0xdad ./Drivers/STM32G4xx_HAL_Driver/Src/stm32g4xx_hal_cortex.o
 .debug_info    0x00000000000127bd      0x85f ./Drivers/STM32G4xx_HAL_Driver/Src/stm32g4xx_hal_dma.o
 .debug_info    0x000000000001301c     0x186b ./Drivers/STM32G4xx_HAL_Driver/Src/stm32g4xx_hal_fdcan.o
 .debug_info    0x0000000000014887      0x763 ./Drivers/STM32G4xx_HAL_Driver/Src/stm32g4xx_hal_gpio.o
 .debug_info    0x0000000000014fea     0x20ca ./Drivers/STM32G4xx_HAL_Driver/Src/stm32g4xx_hal_i2c.o
 .debug_info    0x00000000000170b4      0xac8 ./Drivers/STM32G4xx_HAL_Driver/Src/stm32g4xx_hal_i2c_ex.o
 .debug_info    0x0000000000017b7c      0x93f ./Drivers/STM32G4xx_HAL_Driver/Src/stm32g4xx_hal_pwr_ex.o
 .debug_info    0x00000000000184bb      0xbe0 ./Drivers/STM32G4xx_HAL_Driver/Src/stm32g4xx_hal_rcc.o
 .debug_info    0x000000000001909b      0xc45 ./Drivers/STM32G4xx_HAL_Driver/Src/stm32g4xx_hal_rcc_ex.o
 .debug_info    0x0000000000019ce0     0x2bfd ./Drivers/STM32G4xx_HAL_Driver/Src/stm32g4xx_hal_tim.o
 .debug_info    0x000000000001c8dd     0x1d63 ./Drivers/STM32G4xx_HAL_Driver/Src/stm32g4xx_hal_tim_ex.o
 .debug_info    0x000000000001e640     0x46a0 ./Drivers/STM32G4xx_HAL_Driver/Src/stm32g4xx_hal_uart.o
 .debug_info    0x0000000000022ce0      0xf83 ./Drivers/STM32G4xx_HAL_Driver/Src/stm32g4xx_hal_uart_ex.o

.debug_abbrev   0x0000000000000000     0x440d
 .debug_abbrev  0x0000000000000000      0x261 ./Core/Src/Imu.o
 .debug_abbrev  0x0000000000000261      0x23d ./Core/Src/SoulSense.o
 .debug_abbrev  0x000000000000049e      0x1fd ./Core/Src/adc.o
 .debug_abbrev  0x000000000000069b      0x2a8 ./Core/Src/bno055.o
 .debug_abbrev  0x0000000000000943      0x1c8 ./Core/Src/commcontroller.o
 .debug_abbrev  0x0000000000000b0b      0x1c5 ./Core/Src/contact_sensors.o
 .debug_abbrev  0x0000000000000cd0      0x109 ./Core/Src/dma.o
 .debug_abbrev  0x0000000000000dd9      0x1d2 ./Core/Src/fdcan.o
 .debug_abbrev  0x0000000000000fab      0x152 ./Core/Src/gpio.o
 .debug_abbrev  0x00000000000010fd      0x213 ./Core/Src/i2c.o
 .debug_abbrev  0x0000000000001310      0x334 ./Core/Src/main.o
 .debug_abbrev  0x0000000000001644       0xc6 ./Core/Src/stm32g4xx_hal_msp.o
 .debug_abbrev  0x000000000000170a      0x1c2 ./Core/Src/stm32g4xx_it.o
 .debug_abbrev  0x00000000000018cc       0xbc ./Core/Src/sysmem.o
 .debug_abbrev  0x0000000000001988      0x11a ./Core/Src/system_stm32g4xx.o
 .debug_abbrev  0x0000000000001aa2      0x21f ./Core/Src/tim.o
 .debug_abbrev  0x0000000000001cc1      0x213 ./Core/Src/usart.o
 .debug_abbrev  0x0000000000001ed4       0xa2 ./Core/Src/version.o
 .debug_abbrev  0x0000000000001f76       0x12 ./Core/Startup/startup_stm32g474rbtx.o
 .debug_abbrev  0x0000000000001f88      0x271 ./Drivers/STM32G4xx_HAL_Driver/Src/stm32g4xx_hal.o
 .debug_abbrev  0x00000000000021f9      0x2d3 ./Drivers/STM32G4xx_HAL_Driver/Src/stm32g4xx_hal_adc.o
 .debug_abbrev  0x00000000000024cc      0x31c ./Drivers/STM32G4xx_HAL_Driver/Src/stm32g4xx_hal_cortex.o
 .debug_abbrev  0x00000000000027e8      0x1e2 ./Drivers/STM32G4xx_HAL_Driver/Src/stm32g4xx_hal_dma.o
 .debug_abbrev  0x00000000000029ca      0x1de ./Drivers/STM32G4xx_HAL_Driver/Src/stm32g4xx_hal_fdcan.o
 .debug_abbrev  0x0000000000002ba8      0x1cb ./Drivers/STM32G4xx_HAL_Driver/Src/stm32g4xx_hal_gpio.o
 .debug_abbrev  0x0000000000002d73      0x258 ./Drivers/STM32G4xx_HAL_Driver/Src/stm32g4xx_hal_i2c.o
 .debug_abbrev  0x0000000000002fcb      0x1c0 ./Drivers/STM32G4xx_HAL_Driver/Src/stm32g4xx_hal_i2c_ex.o
 .debug_abbrev  0x000000000000318b      0x22c ./Drivers/STM32G4xx_HAL_Driver/Src/stm32g4xx_hal_pwr_ex.o
 .debug_abbrev  0x00000000000033b7      0x2c9 ./Drivers/STM32G4xx_HAL_Driver/Src/stm32g4xx_hal_rcc.o
 .debug_abbrev  0x0000000000003680      0x258 ./Drivers/STM32G4xx_HAL_Driver/Src/stm32g4xx_hal_rcc_ex.o
 .debug_abbrev  0x00000000000038d8      0x2a0 ./Drivers/STM32G4xx_HAL_Driver/Src/stm32g4xx_hal_tim.o
 .debug_abbrev  0x0000000000003b78      0x2be ./Drivers/STM32G4xx_HAL_Driver/Src/stm32g4xx_hal_tim_ex.o
 .debug_abbrev  0x0000000000003e36      0x304 ./Drivers/STM32G4xx_HAL_Driver/Src/stm32g4xx_hal_uart.o
 .debug_abbrev  0x000000000000413a      0x2d3 ./Drivers/STM32G4xx_HAL_Driver/Src/stm32g4xx_hal_uart_ex.o

.debug_aranges  0x0000000000000000     0x1ab0
 .debug_aranges
                0x0000000000000000       0x38 ./Core/Src/Imu.o
 .debug_aranges
                0x0000000000000038       0x28 ./Core/Src/SoulSense.o
 .debug_aranges
                0x0000000000000060       0x30 ./Core/Src/adc.o
 .debug_aranges
                0x0000000000000090      0x170 ./Core/Src/bno055.o
 .debug_aranges
                0x0000000000000200       0x30 ./Core/Src/commcontroller.o
 .debug_aranges
                0x0000000000000230       0x28 ./Core/Src/contact_sensors.o
 .debug_aranges
                0x0000000000000258       0x20 ./Core/Src/dma.o
 .debug_aranges
                0x0000000000000278       0x30 ./Core/Src/fdcan.o
 .debug_aranges
                0x00000000000002a8       0x20 ./Core/Src/gpio.o
 .debug_aranges
                0x00000000000002c8       0x30 ./Core/Src/i2c.o
 .debug_aranges
                0x00000000000002f8       0x40 ./Core/Src/main.o
 .debug_aranges
                0x0000000000000338       0x20 ./Core/Src/stm32g4xx_hal_msp.o
 .debug_aranges
                0x0000000000000358       0x78 ./Core/Src/stm32g4xx_it.o
 .debug_aranges
                0x00000000000003d0       0x20 ./Core/Src/sysmem.o
 .debug_aranges
                0x00000000000003f0       0x28 ./Core/Src/system_stm32g4xx.o
 .debug_aranges
                0x0000000000000418       0x30 ./Core/Src/tim.o
 .debug_aranges
                0x0000000000000448       0x38 ./Core/Src/usart.o
 .debug_aranges
                0x0000000000000480       0x20 ./Core/Src/version.o
 .debug_aranges
                0x00000000000004a0       0x28 ./Core/Startup/startup_stm32g474rbtx.o
 .debug_aranges
                0x00000000000004c8      0x130 ./Drivers/STM32G4xx_HAL_Driver/Src/stm32g4xx_hal.o
 .debug_aranges
                0x00000000000005f8      0x248 ./Drivers/STM32G4xx_HAL_Driver/Src/stm32g4xx_hal_adc.o
 .debug_aranges
                0x0000000000000840      0x118 ./Drivers/STM32G4xx_HAL_Driver/Src/stm32g4xx_hal_cortex.o
 .debug_aranges
                0x0000000000000958       0x90 ./Drivers/STM32G4xx_HAL_Driver/Src/stm32g4xx_hal_dma.o
 .debug_aranges
                0x00000000000009e8      0x208 ./Drivers/STM32G4xx_HAL_Driver/Src/stm32g4xx_hal_fdcan.o
 .debug_aranges
                0x0000000000000bf0       0x58 ./Drivers/STM32G4xx_HAL_Driver/Src/stm32g4xx_hal_gpio.o
 .debug_aranges
                0x0000000000000c48      0x290 ./Drivers/STM32G4xx_HAL_Driver/Src/stm32g4xx_hal_i2c.o
 .debug_aranges
                0x0000000000000ed8       0x48 ./Drivers/STM32G4xx_HAL_Driver/Src/stm32g4xx_hal_i2c_ex.o
 .debug_aranges
                0x0000000000000f20      0x140 ./Drivers/STM32G4xx_HAL_Driver/Src/stm32g4xx_hal_pwr_ex.o
 .debug_aranges
                0x0000000000001060       0x98 ./Drivers/STM32G4xx_HAL_Driver/Src/stm32g4xx_hal_rcc.o
 .debug_aranges
                0x00000000000010f8       0xb0 ./Drivers/STM32G4xx_HAL_Driver/Src/stm32g4xx_hal_rcc_ex.o
 .debug_aranges
                0x00000000000011a8      0x3e0 ./Drivers/STM32G4xx_HAL_Driver/Src/stm32g4xx_hal_tim.o
 .debug_aranges
                0x0000000000001588      0x240 ./Drivers/STM32G4xx_HAL_Driver/Src/stm32g4xx_hal_tim_ex.o
 .debug_aranges
                0x00000000000017c8      0x248 ./Drivers/STM32G4xx_HAL_Driver/Src/stm32g4xx_hal_uart.o
 .debug_aranges
                0x0000000000001a10       0xa0 ./Drivers/STM32G4xx_HAL_Driver/Src/stm32g4xx_hal_uart_ex.o

.debug_rnglists
                0x0000000000000000     0x14b6
 .debug_rnglists
                0x0000000000000000       0x27 ./Core/Src/Imu.o
 .debug_rnglists
                0x0000000000000027       0x1a ./Core/Src/SoulSense.o
 .debug_rnglists
                0x0000000000000041       0x21 ./Core/Src/adc.o
 .debug_rnglists
                0x0000000000000062      0x132 ./Core/Src/bno055.o
 .debug_rnglists
                0x0000000000000194       0x20 ./Core/Src/commcontroller.o
 .debug_rnglists
                0x00000000000001b4       0x1a ./Core/Src/contact_sensors.o
 .debug_rnglists
                0x00000000000001ce       0x13 ./Core/Src/dma.o
 .debug_rnglists
                0x00000000000001e1       0x21 ./Core/Src/fdcan.o
 .debug_rnglists
                0x0000000000000202       0x14 ./Core/Src/gpio.o
 .debug_rnglists
                0x0000000000000216       0x21 ./Core/Src/i2c.o
 .debug_rnglists
                0x0000000000000237       0x2d ./Core/Src/main.o
 .debug_rnglists
                0x0000000000000264       0x13 ./Core/Src/stm32g4xx_hal_msp.o
 .debug_rnglists
                0x0000000000000277       0x55 ./Core/Src/stm32g4xx_it.o
 .debug_rnglists
                0x00000000000002cc       0x13 ./Core/Src/sysmem.o
 .debug_rnglists
                0x00000000000002df       0x1a ./Core/Src/system_stm32g4xx.o
 .debug_rnglists
                0x00000000000002f9       0x20 ./Core/Src/tim.o
 .debug_rnglists
                0x0000000000000319       0x28 ./Core/Src/usart.o
 .debug_rnglists
                0x0000000000000341       0x13 ./Core/Src/version.o
 .debug_rnglists
                0x0000000000000354       0x19 ./Core/Startup/startup_stm32g474rbtx.o
 .debug_rnglists
                0x000000000000036d       0xdf ./Drivers/STM32G4xx_HAL_Driver/Src/stm32g4xx_hal.o
 .debug_rnglists
                0x000000000000044c      0x1c0 ./Drivers/STM32G4xx_HAL_Driver/Src/stm32g4xx_hal_adc.o
 .debug_rnglists
                0x000000000000060c       0xce ./Drivers/STM32G4xx_HAL_Driver/Src/stm32g4xx_hal_cortex.o
 .debug_rnglists
                0x00000000000006da       0x71 ./Drivers/STM32G4xx_HAL_Driver/Src/stm32g4xx_hal_dma.o
 .debug_rnglists
                0x000000000000074b      0x18d ./Drivers/STM32G4xx_HAL_Driver/Src/stm32g4xx_hal_fdcan.o
 .debug_rnglists